Archive member included       because of file (symbol)

../lib/libcjtmos.a(init.o)    ../libc/stlibc.o (init_libc)
../lib/libcjtmos.a(modal.o)   ../lib/libcjtmos.a(init.o) (malloc)
../lib/libcjtmos.a(printf.o)  cwdtest.o (printf)
../lib/libcjtmos.a(process.o)
                              cwdtest.o (getcwd)
../lib/libcjtmos.a(sbrk.o)    ../lib/libcjtmos.a(modal.o) (sbrk)
../lib/libcjtmos.a(scall.o)   ../lib/libcjtmos.a(init.o) (scall)
../lib/libcjtmos.a(strchr.o)  ../lib/libcjtmos.a(process.o) (strchr)
../lib/libcjtmos.a(string.o)  ../lib/libcjtmos.a(modal.o) (bzero)
../lib/libcjtmos.a(strncat.o)
                              ../lib/libcjtmos.a(string.o) (strncat)
../lib/libcjtmos.a(XXidentification.o)
                              ../lib/libcjtmos.a(init.o) (XXidentificationString)
../lib/libcjtmos.a(atexit.o)  ../lib/libcjtmos.a(init.o) (run_atexit)
../lib/libcjtmos.a(console.o)
                              ../lib/libcjtmos.a(process.o) (getch)
../lib/libcjtmos.a(ctypefamily.o)
                              ../lib/libcjtmos.a(printf.o) (isdigit)
../lib/libcjtmos.a(cvt.o)     ../lib/libcjtmos.a(string.o) (ecvt)
../lib/libcjtmos.a(date.o)    ../lib/libcjtmos.a(process.o) (getdate)
../lib/libcjtmos.a(file.o)    ../lib/libcjtmos.a(init.o) (__fnewstream)
../lib/libcjtmos.a(filebuf.o)
                              ../lib/libcjtmos.a(process.o) (fgetc)
../lib/libcjtmos.a(floatconv.o)
                              ../lib/libcjtmos.a(string.o) (_IO_strtod)
../lib/libcjtmos.a(fopen.o)   ../lib/libcjtmos.a(file.o) (_fopen)
../lib/libcjtmos.a(fseek.o)   ../lib/libcjtmos.a(file.o) (fseek)
../lib/libcjtmos.a(memcpy.o)  ../lib/libcjtmos.a(string.o) (memcpy)
../lib/libcjtmos.a(modf.o)    ../lib/libcjtmos.a(cvt.o) (modf)
../lib/libcjtmos.a(numbers.o)
                              ../lib/libcjtmos.a(printf.o) (p32z)
../lib/libcjtmos.a(postsup.o)
                              ../lib/libcjtmos.a(process.o) (PostmanPost)
../lib/libcjtmos.a(sprintf.o)
                              ../lib/libcjtmos.a(file.o) (svprintf)
../lib/libcjtmos.a(dfile.o)   ../lib/libcjtmos.a(filebuf.o) (readfile)
../lib/libcjtmos.a(dpi.o)     ../lib/libcjtmos.a(file.o) (getdevicenrbyname)
../lib/libcjtmos.a(error.o)   ../lib/libcjtmos.a(file.o) (LIBCERROR)
../lib/libcjtmos.a(fflush.o)  ../lib/libcjtmos.a(file.o) (fflush)
../lib/libcjtmos.a(fgetsize.o)
                              ../lib/libcjtmos.a(file.o) (_fgetsize)
../lib/libcjtmos.a(floor.o)   ../lib/libcjtmos.a(modf.o) (floor)

Allocating common symbols
Common symbol       size              file

stdout              0x4               ../lib/libcjtmos.a(file.o)
___djgpp_exception_state_ptr
                    0x4               ../lib/libcjtmos.a(process.o)
MALSTRU             0x8               cwdtest.o
stdin               0x4               ../lib/libcjtmos.a(file.o)
stderr              0x4               ../lib/libcjtmos.a(file.o)

Memory Configuration

Name             Origin             Length             Attributes
*default*        0x00000000         0xffffffff

Linker script and memory map

LOAD ../libc/stlibc.o
LOAD cwdtest.o

.text           0x00010000     0x7136
                0x00010000                _start=.
                0x00010000                appregionstart=.
 *(.text)
 .text          0x00010000       0x28 ../libc/stlibc.o
                0x00010000                libc_startup
 *fill*         0x00010028        0x8
 .text          0x00010030       0x32 cwdtest.o
                0x00010030                main
 *fill*         0x00010062        0xe
 .text          0x00010070      0x143 ../lib/libcjtmos.a(init.o)
                0x00010150                init_libc
                0x00010070                libc_receiveargs
                0x00010100                libc_allocate_standard_streams
 *fill*         0x000101b3        0xd
 .text          0x000101c0      0xad7 ../lib/libcjtmos.a(modal.o)
                0x00010990                malloc_stats
                0x00010650                __internal_malloc
                0x00010be0                malloc
                0x00010770                calloc
                0x000107b0                malloc_usable_size
                0x00010420                malloc_from_sys
                0x00010ba0                realloc
                0x000108a0                memalign
                0x000107a0                cfree
                0x00010960                valloc
                0x00010c30                free
 *fill*         0x00010c97        0x9
 .text          0x00010ca0      0x184 ../lib/libcjtmos.a(printf.o)
                0x00010ca0                printf
                0x00010cd0                vprintf
 *fill*         0x00010e24        0xc
 .text          0x00010e30      0x80c ../lib/libcjtmos.a(process.o)
                0x00011480                MilSleep
                0x00010fe0                GetCurrentTerminal
                0x00011230                strerror
                0x00011440                SwitchToThread
                0x00010e30                SetTerminalOwner
                0x00011250                WaitProcessTermination
                0x00011350                cexecEx
                0x00011630                getpagesize
                0x00010eb0                GetThreadUniquePID
                0x000111e0                getc
                0x00011320                cexec
                0x00010f20                enable_irq
                0x00011270                system
                0x00011590                GetThreadCount
                0x00011600                sleep
                0x00010ed0                diskChange
                0x00011510                GetThreadPriority
                0x00011210                abort
                0x00010fc0                NewTerminal
                0x00011040                globalcopy
                0x00011200                stackavail
                0x000114d0                ExitThread
                0x000112a0                bgexec
                0x00011500                SetThreadPriority
                0x00011090                IdentifyThread
                0x00011170                chdir
                0x000114a0                Sleep
                0x00011460                GetTickCount
                0x00010f80                OutputTerminalKeyboardBuffer
                0x00010fa0                InputTerminalKeyboardBuffer
                0x00010f60                CopyTerminal
                0x00011570                GetThreadMemoryUsage
                0x00011020                SetThreadTerminal
                0x000110d0                receiveMessage
                0x000113f0                KillThread
                0x00011550                GetThreadName
                0x00010e70                CreateTerminal
                0x00011000                GetThreadTerminal
                0x000111f0                getchar
                0x000115b0                SleepSecond
                0x000114e0                GetCurrentThread
                0x000113a0                GetAmountFree
                0x00011130                getcwd
                0x00011530                GetThreadSpending
                0x000113b0                GetProgramStart
                0x00010ef0                setint
                0x000110f0                sendMessage
                0x000112d0                bgexecEx
                0x00011070                GetSeconds
                0x00011410                exit
                0x000110b0                GetThreadPID
                0x000113d0                GetMemorySize
                0x00010f40                GetCursorLocation
                0x00010e90                SwitchToThreadEx
                0x00011110                startMessageBox
                0x00011240                clock
                0x00010e50                GetTerminalOwner
                0x000113c0                GetProgramEnd
 *fill*         0x0001163c        0x4
 .text          0x00011640       0x25 ../lib/libcjtmos.a(sbrk.o)
                0x00011640                sbrk
 *fill*         0x00011665        0xb
 .text          0x00011670       0x2c ../lib/libcjtmos.a(scall.o)
                0x00011670                scall
 *fill*         0x0001169c        0x4
 .text          0x000116a0       0xdc ../lib/libcjtmos.a(strchr.o)
                0x000116a0                strrchr
                0x000116c0                strchr
 *fill*         0x0001177c        0x4
 .text          0x00011780      0xed6 ../lib/libcjtmos.a(string.o)
                0x000118a0                strcpy
                0x000121b0                vt2202asc
                0x00012600                StretchPrint
                0x000119b0                str2int
                0x00012190                asc2vt220
                0x000124d0                sdouble
                0x00011780                bzero
                0x00012200                hex2int
                0x00011dc0                _sdec32
                0x00011b00                shex16
                0x00012320                readStringEx
                0x00012480                strtod
                0x000124a0                pdouble
                0x00012430                atof
                0x00011960                strcat
                0x00011b50                shex8
                0x000122c0                strstr
                0x00012060                CountWords
                0x00011d50                sdec32
                0x00012280                strncmp
                0x00011a30                shex32z
                0x000117a0                bcopy
                0x00012460                printfloat
                0x00011930                memset
                0x00012450                stringfloat
                0x00012400                skipSpaces
                0x000118e0                strcmp
                0x000117c0                GetRunningNumber
                0x000117e0                sptstr
                0x00012030                isValidString
                0x000123c0                seekTowardEnd
                0x000120c0                strcpyarg
                0x000119a0                dec2int
                0x00011ab0                shex32
                0x00012420                atoi
                0x00011860                strlen
                0x00011b90                sdec32z
                0x00011da0                sudec32
                0x000121d0                hexchar2int
 *fill*         0x00012656        0xa
 .text          0x00012660       0x78 ../lib/libcjtmos.a(strncat.o)
                0x00012660                strncat
 *fill*         0x000126d8        0x8
 .text          0x000126e0       0x3a ../lib/libcjtmos.a(atexit.o)
                0x000126e0                run_atexit
                0x00012700                atexit
 *fill*         0x0001271a        0x6
 .text          0x00012720      0x31a ../lib/libcjtmos.a(console.o)
                0x000128f0                putchar
                0x00012a00                GetCTRL
                0x00012750                gettextinfo
                0x00012840                clrscr
                0x000127f0                wherey
                0x00012950                gets
                0x00012a20                GetALT
                0x00012930                puts
                0x000128e0                putch
                0x000128a0                getch
                0x00012860                getch1
                0x000127d0                wherex
                0x000127b0                textbackground
                0x00012810                delay
                0x00012910                gotoxy
                0x00012790                textcolor
                0x00012720                ESCLOCK
 *fill*         0x00012a3a        0x6
 .text          0x00012a40      0x239 ../lib/libcjtmos.a(ctypefamily.o)
                0x00012c00                islower
                0x00012a40                tolower
                0x00012b90                ispunct
                0x00012be0                isspace
                0x00012ba0                isxdigit
                0x00012c20                isupper
                0x00012af0                isalpha
                0x00012c70                isgraph
                0x00012ae0                isalnum
                0x00012c60                isprint
                0x00012b40                isdigit
                0x00012b80                iscntrl
                0x00012a90                toupper
 *fill*         0x00012c79        0x7
 .text          0x00012c80      0x2b1 ../lib/libcjtmos.a(cvt.o)
                0x00012cb0                fcvt
                0x00012c80                ecvt
 *fill*         0x00012f31        0xf
 .text          0x00012f40       0xcc ../lib/libcjtmos.a(date.o)
                0x00012f50                asctime
                0x00012fe0                settimeofday
                0x00012f60                ctime
                0x00012f40                mktime
                0x00012ff0                getdate
                0x00012fd0                gettimeofday
                0x00012fb0                localtime
                0x00012fc0                time
                0x00012f70                strftime
                0x00012f80                strptime
                0x00012fa0                gmtime
                0x00012f90                tzset
 *fill*         0x0001300c        0x4
 .text          0x00013010      0x6a3 ../lib/libcjtmos.a(file.o)
                0x00013690                _formatDrive
                0x000132d0                fgets
                0x00013250                remove
                0x00013140                __faddblocks
                0x00013510                lseek
                0x000131b0                rename
                0x000134b0                write
                0x00013410                fprintf
                0x000130b0                fexist
                0x000131a0                fsizeof
                0x00013070                ferror
                0x00013490                read
                0x00013240                unlink
                0x000132a0                __fnewstream
                0x00013530                fread
                0x00013110                StringCheck
                0x00013060                clearerr
                0x00013010                putc
                0x00013590                fwrite
                0x00013090                rewind
                0x00013030                freopen
                0x000130c0                __fexist
                0x00013080                fileno
                0x000134d0                open
                0x00013660                formatDrive
                0x00013330                fputs
                0x000134f0                close
                0x00013390                vfprintf
 *fill*         0x000136b3        0xd
 .text          0x000136c0      0x2c0 ../lib/libcjtmos.a(filebuf.o)
                0x00013920                setlinebuf
                0x00013940                setvbuf
                0x000136f0                frefresh_write
                0x000138f0                setbuffer
                0x00013720                __fenlargebuf
                0x000136c0                frefresh
                0x00013790                fgetc
                0x00013830                fputc
                0x000138c0                setbuf
 .text          0x00013980     0x2e9c ../lib/libcjtmos.a(floatconv.o)
                0x000145c0                _IO_strtod
                0x000156b0                _IO_dtoa
 *fill*         0x0001681c        0x4
 .text          0x00016820      0x17c ../lib/libcjtmos.a(fopen.o)
                0x00016820                __fcreate
                0x00016870                _fopen
                0x00016850                fopen
 *fill*         0x0001699c        0x4
 .text          0x000169a0       0x99 ../lib/libcjtmos.a(fseek.o)
                0x000169a0                fseek
 *fill*         0x00016a39        0x7
 .text          0x00016a40       0x17 ../lib/libcjtmos.a(memcpy.o)
                0x00016a40                memcpy
 *fill*         0x00016a57        0x9
 .text          0x00016a60       0x29 ../lib/libcjtmos.a(modf.o)
                0x00016a60                modf
 *fill*         0x00016a89        0x7
 .text          0x00016a90      0x141 ../lib/libcjtmos.a(numbers.o)
                0x00016b80                pd32
                0x00016bb0                pdz32
                0x00016ac0                p16
                0x00016b50                pdh32
                0x00016a90                p8
                0x00016b20                p32z
                0x00016af0                p32
 *fill*         0x00016bd1        0xf
 .text          0x00016be0       0x22 ../lib/libcjtmos.a(postsup.o)
                0x00016be0                PostmanPost
 *fill*         0x00016c02        0xe
 .text          0x00016c10      0x23b ../lib/libcjtmos.a(sprintf.o)
                0x00016c10                sprintf
                0x00016c40                svprintf
 *fill*         0x00016e4b        0x5
 .text          0x00016e50       0xa6 ../lib/libcjtmos.a(dfile.o)
                0x00016ea0                writefile
                0x00016e50                readfile
 *fill*         0x00016ef6        0xa
 .text          0x00016f00       0xfa ../lib/libcjtmos.a(dpi.o)
                0x00016fa0                getdevicename
                0x00016fe0                getcurdev
                0x00016f70                registerNewDevice
                0x00016f00                DeviceCall
                0x00016fc0                getdevicenrbyname
 *fill*         0x00016ffa        0x6
 .text          0x00017000       0x9b ../lib/libcjtmos.a(error.o)
                0x00017080                perror
                0x00017000                panic
                0x00017030                LIBCERROR
 *fill*         0x0001709b        0x5
 .text          0x000170a0       0x2c ../lib/libcjtmos.a(fflush.o)
                0x000170a0                fflush
 *fill*         0x000170cc        0x4
 .text          0x000170d0       0x3d ../lib/libcjtmos.a(fgetsize.o)
                0x000170d0                _fgetsize
 *fill*         0x0001710d        0x3
 .text          0x00017110       0x26 ../lib/libcjtmos.a(floor.o)
                0x00017110                floor
                0x00017136                etext=.
                0x00017136                _etext=.

.data           0x00017136     0x101e
 *(.data)
 *fill*         0x00017136        0x2
 .data          0x00017138        0x8 ../lib/libcjtmos.a(init.o)
                0x00017138                _libc_argc
                0x0001713c                _libc_argv
 .data          0x00017140      0x800 ../lib/libcjtmos.a(modal.o)
                0x000178e0                __customalloc_FreeList
 .data          0x00017940       0x84 ../lib/libcjtmos.a(process.o)
                0x00017940                errno
                0x00017944                __djgpp_set_sigint_key
                0x00017960                SysCWD
                0x00017948                SysSearchPath
 .data          0x000179c4        0x4 ../lib/libcjtmos.a(sbrk.o)
 .data          0x000179c8        0x4 ../lib/libcjtmos.a(string.o)
 .data          0x000179cc        0x4 ../lib/libcjtmos.a(XXidentification.o)
                0x000179cc                XXidentificationString
 .data          0x000179d0        0x4 ../lib/libcjtmos.a(atexit.o)
                0x000179d0                __atex
 *fill*         0x000179d4        0x4
 .data          0x000179d8      0x124 ../lib/libcjtmos.a(floatconv.o)
 *(.rodata)
 *fill*         0x00017afc        0x4
 .rodata        0x00017b00       0x20 cwdtest.o
 .rodata        0x00017b20       0x1e ../lib/libcjtmos.a(init.o)
 *fill*         0x00017b3e        0x2
 .rodata        0x00017b40       0x2f ../lib/libcjtmos.a(modal.o)
 .rodata        0x00017b6f        0x7 ../lib/libcjtmos.a(printf.o)
 *fill*         0x00017b76        0xa
 .rodata        0x00017b80       0xb1 ../lib/libcjtmos.a(process.o)
 *fill*         0x00017c31        0x3
 .rodata        0x00017c34       0xbe ../lib/libcjtmos.a(string.o)
 *fill*         0x00017cf2        0xe
 .rodata        0x00017d00       0x36 ../lib/libcjtmos.a(XXidentification.o)
 .rodata        0x00017d36        0xc ../lib/libcjtmos.a(console.o)
 .rodata        0x00017d42       0x5e ../lib/libcjtmos.a(ctypefamily.o)
 .rodata        0x00017da0       0x18 ../lib/libcjtmos.a(cvt.o)
 *fill*         0x00017db8        0x8
 .rodata        0x00017dc0       0x8a ../lib/libcjtmos.a(file.o)
 *fill*         0x00017e4a       0x16
 .rodata        0x00017e60       0x59 ../lib/libcjtmos.a(filebuf.o)
 *fill*         0x00017eb9        0x7
 .rodata        0x00017ec0      0x158 ../lib/libcjtmos.a(floatconv.o)
 *fill*         0x00018018        0x8
 .rodata        0x00018020       0x8a ../lib/libcjtmos.a(fopen.o)
 .rodata        0x000180aa        0x2 ../lib/libcjtmos.a(numbers.o)
 .rodata        0x000180ac        0x8 ../lib/libcjtmos.a(sprintf.o)
 *fill*         0x000180b4        0xc
 .rodata        0x000180c0       0x48 ../lib/libcjtmos.a(dpi.o)
 .rodata        0x00018108       0x4c ../lib/libcjtmos.a(error.o)
                0x00018154                edata=.
                0x00018154                _edata=.

.bss            0x00018154      0x5b0
 *(.bss)
 *fill*         0x00018154        0xc
 .bss           0x00018160      0x10c ../lib/libcjtmos.a(init.o)
 .bss           0x0001826c        0x4 ../lib/libcjtmos.a(modal.o)
 *fill*         0x00018270       0x10
 .bss           0x00018280       0xac ../lib/libcjtmos.a(process.o)
 *fill*         0x0001832c       0x14
 .bss           0x00018340       0x50 ../lib/libcjtmos.a(cvt.o)
 *fill*         0x00018390       0x10
 .bss           0x000183a0      0x1cc ../lib/libcjtmos.a(file.o)
 .bss           0x0001856c        0x4 ../lib/libcjtmos.a(floatconv.o)
 *fill*         0x00018570       0x10
 .bss           0x00018580       0x4c ../lib/libcjtmos.a(fopen.o)
 *fill*         0x000185cc       0x14
 .bss           0x000185e0       0xac ../lib/libcjtmos.a(dfile.o)
 *fill*         0x0001868c       0x14
 .bss           0x000186a0       0x4c ../lib/libcjtmos.a(fgetsize.o)
 *(COMMON)
 COMMON         0x000186ec        0x8 cwdtest.o
                                  0x0 (size before relaxing)
                0x000186ec                MALSTRU
 COMMON         0x000186f4        0x4 ../lib/libcjtmos.a(process.o)
                                  0x0 (size before relaxing)
                0x000186f4                ___djgpp_exception_state_ptr
 COMMON         0x000186f8        0xc ../lib/libcjtmos.a(file.o)
                                  0x0 (size before relaxing)
                0x000186f8                stdout
                0x000186fc                stdin
                0x00018700                stderr
                0x00018704                end=.
                0x00018704                _end=.
                0x00018704                appregionend=.
LOAD ../lib/libcjtmos.a
OUTPUT(cwdtest.bin binary)

.comment        0x00018704      0x764
 .comment       0x00018704       0x1f ../libc/stlibc.o
 .comment       0x00018723       0x3d cwdtest.o
 .comment       0x00018760       0x3d ../lib/libcjtmos.a(init.o)
 .comment       0x0001879d       0x3d ../lib/libcjtmos.a(modal.o)
 .comment       0x000187da       0x3d ../lib/libcjtmos.a(printf.o)
 .comment       0x00018817       0x3d ../lib/libcjtmos.a(process.o)
 .comment       0x00018854       0x3d ../lib/libcjtmos.a(sbrk.o)
 .comment       0x00018891       0x1f ../lib/libcjtmos.a(scall.o)
 .comment       0x000188b0       0x3d ../lib/libcjtmos.a(strchr.o)
 .comment       0x000188ed       0x3d ../lib/libcjtmos.a(string.o)
 .comment       0x0001892a       0x3d ../lib/libcjtmos.a(strncat.o)
 .comment       0x00018967       0x3d ../lib/libcjtmos.a(XXidentification.o)
 .comment       0x000189a4       0x3d ../lib/libcjtmos.a(atexit.o)
 .comment       0x000189e1       0x3d ../lib/libcjtmos.a(console.o)
 .comment       0x00018a1e       0x3d ../lib/libcjtmos.a(ctypefamily.o)
 .comment       0x00018a5b       0x3d ../lib/libcjtmos.a(cvt.o)
 .comment       0x00018a98       0x3d ../lib/libcjtmos.a(date.o)
 .comment       0x00018ad5       0x3d ../lib/libcjtmos.a(file.o)
 .comment       0x00018b12       0x3d ../lib/libcjtmos.a(filebuf.o)
 .comment       0x00018b4f       0x3d ../lib/libcjtmos.a(floatconv.o)
 .comment       0x00018b8c       0x3d ../lib/libcjtmos.a(fopen.o)
 .comment       0x00018bc9       0x3d ../lib/libcjtmos.a(fseek.o)
 .comment       0x00018c06       0x3d ../lib/libcjtmos.a(modf.o)
 .comment       0x00018c43       0x3d ../lib/libcjtmos.a(numbers.o)
 .comment       0x00018c80       0x3d ../lib/libcjtmos.a(postsup.o)
 .comment       0x00018cbd       0x3d ../lib/libcjtmos.a(sprintf.o)
 .comment       0x00018cfa       0x3d ../lib/libcjtmos.a(dfile.o)
 .comment       0x00018d37       0x3d ../lib/libcjtmos.a(dpi.o)
 .comment       0x00018d74       0x3d ../lib/libcjtmos.a(error.o)
 .comment       0x00018db1       0x3d ../lib/libcjtmos.a(fflush.o)
 .comment       0x00018dee       0x3d ../lib/libcjtmos.a(fgetsize.o)
 .comment       0x00018e2b       0x3d ../lib/libcjtmos.a(floor.o)

.note           0x00018704      0x258
 .note          0x00018704       0x14 cwdtest.o
 .note          0x00018718       0x14 ../lib/libcjtmos.a(init.o)
 .note          0x0001872c       0x14 ../lib/libcjtmos.a(modal.o)
 .note          0x00018740       0x14 ../lib/libcjtmos.a(printf.o)
 .note          0x00018754       0x14 ../lib/libcjtmos.a(process.o)
 .note          0x00018768       0x14 ../lib/libcjtmos.a(sbrk.o)
 .note          0x0001877c       0x14 ../lib/libcjtmos.a(strchr.o)
 .note          0x00018790       0x14 ../lib/libcjtmos.a(string.o)
 .note          0x000187a4       0x14 ../lib/libcjtmos.a(strncat.o)
 .note          0x000187b8       0x14 ../lib/libcjtmos.a(XXidentification.o)
 .note          0x000187cc       0x14 ../lib/libcjtmos.a(atexit.o)
 .note          0x000187e0       0x14 ../lib/libcjtmos.a(console.o)
 .note          0x000187f4       0x14 ../lib/libcjtmos.a(ctypefamily.o)
 .note          0x00018808       0x14 ../lib/libcjtmos.a(cvt.o)
 .note          0x0001881c       0x14 ../lib/libcjtmos.a(date.o)
 .note          0x00018830       0x14 ../lib/libcjtmos.a(file.o)
 .note          0x00018844       0x14 ../lib/libcjtmos.a(filebuf.o)
 .note          0x00018858       0x14 ../lib/libcjtmos.a(floatconv.o)
 .note          0x0001886c       0x14 ../lib/libcjtmos.a(fopen.o)
 .note          0x00018880       0x14 ../lib/libcjtmos.a(fseek.o)
 .note          0x00018894       0x14 ../lib/libcjtmos.a(modf.o)
 .note          0x000188a8       0x14 ../lib/libcjtmos.a(numbers.o)
 .note          0x000188bc       0x14 ../lib/libcjtmos.a(postsup.o)
 .note          0x000188d0       0x14 ../lib/libcjtmos.a(sprintf.o)
 .note          0x000188e4       0x14 ../lib/libcjtmos.a(dfile.o)
 .note          0x000188f8       0x14 ../lib/libcjtmos.a(dpi.o)
 .note          0x0001890c       0x14 ../lib/libcjtmos.a(error.o)
 .note          0x00018920       0x14 ../lib/libcjtmos.a(fflush.o)
 .note          0x00018934       0x14 ../lib/libcjtmos.a(fgetsize.o)
 .note          0x00018948       0x14 ../lib/libcjtmos.a(floor.o)
