Archive member included because of file (symbol)

../lib/libcjtmos.a(fclose.o)  filetest.o (fclose)
../lib/libcjtmos.a(fflush.o)  ../lib/libcjtmos.a(fclose.o) (fflush)
../lib/libcjtmos.a(file.o)    ../lib/libcjtmos.a(fclose.o) (close)
../lib/libcjtmos.a(filebuf.o)
                              ../lib/libcjtmos.a(fflush.o) (wbuf)
../lib/libcjtmos.a(fopen.o)   filetest.o (fopen)
../lib/libcjtmos.a(fseek.o)   ../lib/libcjtmos.a(file.o) (fseek)
../lib/libcjtmos.a(init.o)    ../libc/stlibc.o (init_libc)
../lib/libcjtmos.a(malloc.o)  ../lib/libcjtmos.a(init.o) (malloc_init)
../lib/libcjtmos.a(mallocMain.o)
                              ../lib/libcjtmos.a(fclose.o) (free)
../lib/libcjtmos.a(numbers.o)
                              ../lib/libcjtmos.a(malloc.o) (p32)
../lib/libcjtmos.a(printf.o)  filetest.o (printf)
../lib/libcjtmos.a(process.o)
                              ../lib/libcjtmos.a(init.o) (abort)
../lib/libcjtmos.a(scall.o)   ../lib/libcjtmos.a(file.o) (scall)
../lib/libcjtmos.a(sprintf.o)
                              filetest.o (sprintf)
../lib/libcjtmos.a(strchr.o)  ../lib/libcjtmos.a(fopen.o) (strchr)
../lib/libcjtmos.a(string.o)  ../lib/libcjtmos.a(file.o) (memset)
../lib/libcjtmos.a(strncat.o)
                              ../lib/libcjtmos.a(string.o) (strncat)
../lib/libcjtmos.a(XXidentification.o)
                              ../lib/libcjtmos.a(init.o) (XXidentificationString)
../lib/libcjtmos.a(atexit.o)  ../lib/libcjtmos.a(init.o) (run_atexit)
../lib/libcjtmos.a(console.o)
                              ../lib/libcjtmos.a(filebuf.o) (getch)
../lib/libcjtmos.a(ctypefamily.o)
                              ../lib/libcjtmos.a(printf.o) (isdigit)
../lib/libcjtmos.a(cvt.o)     ../lib/libcjtmos.a(string.o) (ecvt)
../lib/libcjtmos.a(date.o)    ../lib/libcjtmos.a(process.o) (getdate)
../lib/libcjtmos.a(dpi.o)     ../lib/libcjtmos.a(file.o) (getdevicenrbyname)
../lib/libcjtmos.a(error.o)   ../lib/libcjtmos.a(filebuf.o) (panic)
../lib/libcjtmos.a(floatconv.o)
                              ../lib/libcjtmos.a(string.o) (_IO_strtod)
../lib/libcjtmos.a(fprintf.o)
                              ../lib/libcjtmos.a(error.o) (fprintf)
../lib/libcjtmos.a(modf.o)    ../lib/libcjtmos.a(cvt.o) (modf)
../lib/libcjtmos.a(floor.o)   ../lib/libcjtmos.a(modf.o) (floor)

Allocating common symbols
Common symbol       size              file

stdout              0x4               ../lib/libcjtmos.a(file.o)
___djgpp_exception_state_ptr
                    0x4               ../lib/libcjtmos.a(process.o)
MALSTRU             0x8               filetest.o
stdin               0x4               ../lib/libcjtmos.a(file.o)
stderr              0x4               ../lib/libcjtmos.a(file.o)

Memory Configuration

Name             Origin             Length             Attributes
*default*        0x0000000000000000 0xffffffffffffffff

Linker script and memory map

LOAD ../libc/stlibc.o
LOAD filetest.o

.text           0x0000000080004000     0x63ac
                0x0000000080004000                _start = .
                0x0000000080004000                appregionstart = .
 *(.text)
 .text          0x0000000080004000       0x28 ../libc/stlibc.o
                0x0000000080004000                libc_startup
 .text          0x0000000080004028       0x9a filetest.o
                0x0000000080004028                main
 *fill*         0x00000000800040c2        0x2 00
 .text          0x00000000800040c4       0x79 ../lib/libcjtmos.a(fclose.o)
                0x00000000800040c4                fclose
 *fill*         0x000000008000413d        0x3 00
 .text          0x0000000080004140       0x33 ../lib/libcjtmos.a(fflush.o)
                0x0000000080004140                fflush
 *fill*         0x0000000080004173        0x1 00
 .text          0x0000000080004174      0x428 ../lib/libcjtmos.a(file.o)
                0x0000000080004580                _formatDrive
                0x00000000800042d1                fgets
                0x000000008000428b                remove
                0x000000008000440b                lseek
                0x000000008000425e                rename
                0x00000000800043b4                write
                0x00000000800041b4                fexist
                0x000000008000421e                fsizeof
                0x000000008000418c                ferror
                0x0000000080004396                read
                0x000000008000427b                unlink
                0x00000000800042a7                __fnewstream
                0x0000000080004429                fread
                0x00000000800041f2                StringCheck
                0x0000000080004187                clearerr
                0x0000000080004174                putc
                0x000000008000448c                fwrite
                0x00000000800041a0                rewind
                0x00000000800041c4                __fexist
                0x0000000080004196                fileno
                0x00000000800043d2                open
                0x0000000080004568                formatDrive
                0x000000008000433d                fputs
                0x00000000800043ef                close
 .text          0x000000008000459c      0x322 ../lib/libcjtmos.a(filebuf.o)
                0x0000000080004867                setlinebuf
                0x000000008000487d                setvbuf
                0x0000000080004846                setbuffer
                0x000000008000459c                rbuf
                0x000000008000460b                __fenlargebuf
                0x0000000080004683                fgetc
                0x0000000080004742                fputc
                0x00000000800045d0                wbuf
                0x0000000080004823                setbuf
 *fill*         0x00000000800048be        0x2 00
 .text          0x00000000800048c0      0x25f ../lib/libcjtmos.a(fopen.o)
                0x00000000800048d5                _fopen
                0x00000000800048c0                fopen
 *fill*         0x0000000080004b1f        0x1 00
 .text          0x0000000080004b20       0xa0 ../lib/libcjtmos.a(fseek.o)
                0x0000000080004b20                fseek
 .text          0x0000000080004bc0      0x177 ../lib/libcjtmos.a(init.o)
                0x0000000080004ca6                init_libc
                0x0000000080004bc0                libc_receiveargs
                0x0000000080004c62                libc_allocate_standard_streams
 *fill*         0x0000000080004d37        0x1 00
 .text          0x0000000080004d38      0x383 ../lib/libcjtmos.a(malloc.o)
                0x0000000080004e29                malloc_reuse_chunk
                0x0000000080004d80                malloc_create_free_chunk
                0x0000000080004ed7                malloc_getamountfree
                0x0000000080004ec9                malloc_lastchunk
                0x0000000080004eab                malloc_isfree
                0x0000000080004d57                malloc_init
                0x0000000080004da0                malloc_create_hunt
                0x000000008000500d                malloc_optimize
                0x0000000080004ebe                malloc_nextchunk
                0x0000000080004dc0                malloc_hunt
                0x0000000080004d38                malloc_store_info
                0x0000000080004e9d                malloc_getsize
                0x0000000080004deb                malloc_hunt_jump
                0x0000000080004f22                malloc_dumpchunkinfo
 *fill*         0x00000000800050bb        0x1 00
 .text          0x00000000800050bc       0xf6 ../lib/libcjtmos.a(mallocMain.o)
                0x00000000800050d8                malloc
                0x00000000800050f4                __malloc
                0x000000008000519b                __free
                0x00000000800050bc                free
 *fill*         0x00000000800051b2        0x2 00
 .text          0x00000000800051b4      0x101 ../lib/libcjtmos.a(numbers.o)
                0x0000000080005275                pd32
                0x0000000080005295                pdz32
                0x00000000800051d6                p16
                0x0000000080005241                pdh32
                0x00000000800051b4                p8
                0x0000000080005221                p32z
                0x00000000800051f9                p32
 *fill*         0x00000000800052b5        0x3 00
 .text          0x00000000800052b8      0x16c ../lib/libcjtmos.a(printf.o)
                0x00000000800052b8                printf
                0x00000000800052d2                vprintf
 .text          0x0000000080005424      0x691 ../lib/libcjtmos.a(process.o)
                0x000000008000592d                MilSleep
                0x0000000080005594                GetCurrentTerminal
                0x0000000080005731                strerror
                0x00000000800058f7                SwitchToThread
                0x0000000080005424                SetTerminalOwner
                0x0000000080005745                WaitProcessTermination
                0x0000000080005813                cexecEx
                0x0000000080005aab                getpagesize
                0x0000000080005980                getpid
                0x0000000080005494                GetThreadUniquePID
                0x00000000800056e3                getc
                0x00000000800057f7                cexec
                0x00000000800054eb                enable_irq
                0x0000000080005761                system
                0x0000000080005a23                GetThreadCount
                0x0000000080005a7d                sleep
                0x00000000800054b0                diskChange
                0x00000000800059b2                GetThreadPriority
                0x000000008000570a                abort
                0x0000000080005579                NewTerminal
                0x00000000800055e2                globalcopy
                0x0000000080005700                stackavail
                0x0000000080005970                ExitThread
                0x0000000080005786                bgexec
                0x00000000800059a8                SetThreadPriority
                0x00000000800058a1                kill
                0x000000008000561d                IdentifyThread
                0x00000000800056c7                chdir
                0x0000000080005949                Sleep
                0x0000000080005912                GetTickCount
                0x0000000080005540                OutputTerminalKeyboardBuffer
                0x000000008000555d                InputTerminalKeyboardBuffer
                0x0000000080005523                CopyTerminal
                0x0000000080005a07                GetThreadMemoryUsage
                0x00000000800055c5                SetThreadTerminal
                0x0000000080005656                receiveMessage
                0x00000000800058ab                KillThread
                0x00000000800059ea                GetThreadName
                0x000000008000545d                CreateTerminal
                0x00000000800055a9                GetThreadTerminal
                0x00000000800056f3                getchar
                0x0000000080005a3e                SleepSecond
                0x000000008000598d                GetCurrentThread
                0x0000000080005868                GetAmountFree
                0x00000000800056aa                getcwd
                0x00000000800059ce                GetThreadSpending
                0x0000000080005872                GetProgramStart
                0x00000000800054cc                setint
                0x0000000080005672                sendMessage
                0x00000000800057a2                bgexecEx
                0x0000000080005602                GetSeconds
                0x00000000800058c7                exit
                0x000000008000563a                GetThreadPID
                0x0000000080005886                GetMemorySize
                0x0000000080005507                GetCursorLocation
                0x0000000080005478                SwitchToThreadEx
                0x000000008000568f                startMessageBox
                0x000000008000573b                clock
                0x0000000080005441                GetTerminalOwner
                0x000000008000587c                GetProgramEnd
 *fill*         0x0000000080005ab5        0xb 00
 .text          0x0000000080005ac0       0x2c ../lib/libcjtmos.a(scall.o)
                0x0000000080005ac0                scall
 .text          0x0000000080005aec      0x210 ../lib/libcjtmos.a(sprintf.o)
                0x0000000080005b09                vsprintf
                0x0000000080005b24                _vsprintf
                0x0000000080005aec                sprintf
 .text          0x0000000080005cfc      0x105 ../lib/libcjtmos.a(strchr.o)
                0x0000000080005cfc                strrchr
                0x0000000080005d0f                strchr
 *fill*         0x0000000080005e01        0x3 00
 .text          0x0000000080005e04      0xda8 ../lib/libcjtmos.a(string.o)
                0x0000000080005ee9                strcpy
                0x000000008000673d                vt2202asc
                0x0000000080006b57                StretchPrint
                0x0000000080005ffc                str2int
                0x0000000080005f9f                memcpy
                0x000000008000671f                asc2vt220
                0x0000000080006a11                sdouble
                0x0000000080005e04                bzero
                0x000000008000678f                hex2int
                0x0000000080006399                _sdec32
                0x0000000080006132                shex16
                0x00000000800068a3                readStringEx
                0x00000000800069d5                strtod
                0x00000000800069e8                pdouble
                0x00000000800069a6                atof
                0x0000000080005fc7                strcat
                0x0000000080006184                shex8
                0x000000008000684e                strstr
                0x0000000080006603                CountWords
                0x0000000080006336                sdec32
                0x0000000080006807                strncmp
                0x000000008000606b                shex32z
                0x0000000080005e19                bcopy
                0x00000000800069bd                printfloat
                0x0000000080005f7e                memset
                0x00000000800069b8                stringfloat
                0x0000000080006981                skipSpaces
                0x0000000080005f1d                strcmp
                0x0000000080005e2f                GetRunningNumber
                0x0000000080005e3f                sptstr
                0x00000000800065db                isValidString
                0x0000000080006941                seekTowardEnd
                0x000000008000666e                strcpyarg
                0x0000000080005fec                dec2int
                0x00000000800060e0                shex32
                0x0000000080006996                atoi
                0x0000000080005ec4                strlen
                0x00000000800061af                sdec32z
                0x0000000080006386                sudec32
                0x000000008000675b                hexchar2int
 .text          0x0000000080006bac       0x8c ../lib/libcjtmos.a(strncat.o)
                0x0000000080006bac                strncat
 .text          0x0000000080006c38       0x20 ../lib/libcjtmos.a(atexit.o)
                0x0000000080006c38                run_atexit
                0x0000000080006c3d                atexit
 .text          0x0000000080006c58      0x2a0 ../lib/libcjtmos.a(console.o)
                0x0000000080006db8                putchar
                0x0000000080006ec2                GetCTRL
                0x0000000080006c82                gettextinfo
                0x0000000080006d4a                clrscr
                0x0000000080006d08                wherey
                0x0000000080006e12                gets
                0x0000000080006edd                GetALT
                0x0000000080006df6                puts
                0x0000000080006da8                putch
                0x0000000080006d8d                getch
                0x0000000080006d65                getch1
                0x0000000080006ced                wherex
                0x0000000080006cd1                textbackground
                0x0000000080006d23                delay
                0x0000000080006dd9                gotoxy
                0x0000000080006cb5                textcolor
                0x0000000080006c58                ESCLOCK
 .text          0x0000000080006ef8      0x214 ../lib/libcjtmos.a(ctypefamily.o)
                0x0000000080007099                islower
                0x0000000080006ef8                tolower
                0x0000000080007038                ispunct
                0x0000000080007088                isspace
                0x0000000080007042                isxdigit
                0x00000000800070b2                isupper
                0x0000000080006f92                isalpha
                0x0000000080007102                isgraph
                0x0000000080006f82                isalnum
                0x00000000800070f8                isprint
                0x0000000080006fe8                isdigit
                0x000000008000702e                iscntrl
                0x0000000080006f3f                toupper
 .text          0x000000008000710c      0x2a3 ../lib/libcjtmos.a(cvt.o)
                0x000000008000712a                fcvt
                0x000000008000710c                ecvt
 *fill*         0x00000000800073af        0x1 00
 .text          0x00000000800073b0       0x8e ../lib/libcjtmos.a(date.o)
                0x00000000800073c4                asctime
                0x00000000800073b0                utime
                0x00000000800073b5                utimes
                0x0000000080007418                settimeofday
                0x00000000800073c9                ctime
                0x00000000800073ba                mktime
                0x0000000080007422                getdate
                0x000000008000740e                gettimeofday
                0x00000000800073f6                localtime
                0x0000000080007400                time
                0x00000000800073d3                strftime
                0x00000000800073dd                strptime
                0x00000000800073ec                gmtime
                0x00000000800073e7                tzset
 *fill*         0x000000008000743e        0x2 00
 .text          0x0000000080007440       0xe2 ../lib/libcjtmos.a(dpi.o)
                0x00000000800074ce                getdevicename
                0x0000000080007507                getcurdev
                0x00000000800074ad                registerNewDevice
                0x0000000080007440                DeviceCall
                0x00000000800074eb                getdevicenrbyname
 *fill*         0x0000000080007522        0x2 00
 .text          0x0000000080007524       0x8d ../lib/libcjtmos.a(error.o)
                0x0000000080007596                perror
                0x0000000080007524                panic
                0x0000000080007552                LIBCERROR
 *fill*         0x00000000800075b1        0x3 00
 .text          0x00000000800075b4     0x2d1e ../lib/libcjtmos.a(floatconv.o)
                0x0000000080008075                _IO_strtod
                0x0000000080009133                _IO_dtoa
 *fill*         0x000000008000a2d2        0x2 00
 .text          0x000000008000a2d4       0x94 ../lib/libcjtmos.a(fprintf.o)
                0x000000008000a2d4                fprintf
                0x000000008000a2f6                vfprintf
 .text          0x000000008000a368       0x1e ../lib/libcjtmos.a(modf.o)
                0x000000008000a368                modf
 *fill*         0x000000008000a386        0x2 00
 .text          0x000000008000a388       0x24 ../lib/libcjtmos.a(floor.o)
                0x000000008000a388                floor
                0x000000008000a3ac                etext = .
                0x000000008000a3ac                _etext = .

.data           0x000000008000a3ac      0x797
 *(.data)
 *fill*         0x000000008000a3ac       0x14 00
 .data          0x000000008000a3c0       0x84 ../lib/libcjtmos.a(process.o)
                0x000000008000a3e0                SysCWD
                0x000000008000a3c0                SysSearchPath
 .data          0x000000008000a444        0x4 ../lib/libcjtmos.a(XXidentification.o)
                0x000000008000a444                XXidentificationString
 *fill*         0x000000008000a448       0x18 00
 .data          0x000000008000a460      0x148 ../lib/libcjtmos.a(floatconv.o)
 *(.rodata*)
 .rodata.str1.1
                0x000000008000a5a8       0x32 filetest.o
 *fill*         0x000000008000a5da        0x2 00
 .rodata.str1.4
                0x000000008000a5dc       0x62 ../lib/libcjtmos.a(file.o)
 .rodata.str1.1
                0x000000008000a63e        0xa ../lib/libcjtmos.a(file.o)
 .rodata.str1.1
                0x000000008000a648       0x17 ../lib/libcjtmos.a(filebuf.o)
 .rodata.str1.1
                0x000000008000a65f       0x24 ../lib/libcjtmos.a(fopen.o)
 *fill*         0x000000008000a683        0x1 00
 .rodata.str1.4
                0x000000008000a684       0x20 ../lib/libcjtmos.a(init.o)
 .rodata.str1.4
                0x000000008000a6a4       0x2a ../lib/libcjtmos.a(malloc.o)
 .rodata.str1.1
                0x000000008000a6ce       0x35 ../lib/libcjtmos.a(malloc.o)
 *fill*         0x000000008000a703        0x1 00
 .rodata.str1.4
                0x000000008000a704       0x77 ../lib/libcjtmos.a(mallocMain.o)
 .rodata.str1.1
                0x000000008000a77b        0x2 ../lib/libcjtmos.a(numbers.o)
 .rodata.str1.1
                0x000000008000a77d        0x7 ../lib/libcjtmos.a(printf.o)
 .rodata.str1.4
                0x000000008000a784       0x81 ../lib/libcjtmos.a(process.o)
 .rodata.str1.1
                0x000000008000a805        0x1 ../lib/libcjtmos.a(process.o)
 .rodata.str1.1
                0x000000008000a806        0x8 ../lib/libcjtmos.a(sprintf.o)
 *fill*         0x000000008000a80e        0x2 00
 .rodata        0x000000008000a810       0x8c ../lib/libcjtmos.a(string.o)
 .rodata.str1.1
                0x000000008000a89c       0x31 ../lib/libcjtmos.a(string.o)
 *fill*         0x000000008000a8cd        0x3 00
 .rodata.str1.4
                0x000000008000a8d0       0x36 ../lib/libcjtmos.a(XXidentification.o)
 .rodata.str1.1
                0x000000008000a906        0xc ../lib/libcjtmos.a(console.o)
 .rodata.str1.1
                0x000000008000a912       0x5e ../lib/libcjtmos.a(ctypefamily.o)
 .rodata.cst4   0x000000008000a970        0x4 ../lib/libcjtmos.a(cvt.o)
 *fill*         0x000000008000a974        0x4 00
 .rodata.cst8   0x000000008000a978       0x10 ../lib/libcjtmos.a(cvt.o)
 .rodata.str1.1
                0x000000008000a988        0xb ../lib/libcjtmos.a(dpi.o)
 *fill*         0x000000008000a993        0x1 00
 .rodata.str1.4
                0x000000008000a994       0x28 ../lib/libcjtmos.a(dpi.o)
 .rodata.str1.1
                0x000000008000a9bc       0x4c ../lib/libcjtmos.a(error.o)
 .rodata.cst8   0x000000008000aa08       0x38 ../lib/libcjtmos.a(floatconv.o)
 .rodata.cst4   0x000000008000aa40       0x24 ../lib/libcjtmos.a(floatconv.o)
 .rodata        0x000000008000aa64       0xd0 ../lib/libcjtmos.a(floatconv.o)
 .rodata.str1.1
                0x000000008000ab34        0xf ../lib/libcjtmos.a(floatconv.o)
                0x000000008000ab43                edata = .
                0x000000008000ab43                _edata = .

.bss            0x000000008000ab43      0x1cd
 *(.bss)
 *fill*         0x000000008000ab43        0x1 00
 *fill*         0x000000008000ab44       0x1c 00
 .bss           0x000000008000ab60      0x12c ../lib/libcjtmos.a(init.o)
                0x000000008000ab60                _libc_argc
                0x000000008000ab64                _libc_argv
 .bss           0x000000008000ac8c        0x8 ../lib/libcjtmos.a(process.o)
                0x000000008000ac8c                errno
                0x000000008000ac90                __djgpp_set_sigint_key
 .bss           0x000000008000ac94        0x4 ../lib/libcjtmos.a(string.o)
 .bss           0x000000008000ac98        0x4 ../lib/libcjtmos.a(atexit.o)
 *fill*         0x000000008000ac9c        0x4 00
 .bss           0x000000008000aca0       0x50 ../lib/libcjtmos.a(cvt.o)
 .bss           0x000000008000acf0        0x8 ../lib/libcjtmos.a(floatconv.o)
 *(COMMON)
 COMMON         0x000000008000acf8        0x8 filetest.o
                                          0x0 (size before relaxing)
                0x000000008000acf8                MALSTRU
 COMMON         0x000000008000ad00        0xc ../lib/libcjtmos.a(file.o)
                                          0x0 (size before relaxing)
                0x000000008000ad00                stdout
                0x000000008000ad04                stdin
                0x000000008000ad08                stderr
 COMMON         0x000000008000ad0c        0x4 ../lib/libcjtmos.a(process.o)
                                          0x0 (size before relaxing)
                0x000000008000ad0c                ___djgpp_exception_state_ptr
                0x000000008000ad10                end = .
                0x000000008000ad10                _end = .
                0x000000008000ad10                appregionend = .
LOAD ../lib/libcjtmos.a
OUTPUT(filetest.bin binary)

.comment        0x0000000000000000      0x3c1
 .comment       0x0000000000000000       0x1f ../libc/stlibc.o
 .comment       0x000000000000001f       0x1f filetest.o
 .comment       0x000000000000003e       0x1f ../lib/libcjtmos.a(fclose.o)
 .comment       0x000000000000005d       0x1f ../lib/libcjtmos.a(fflush.o)
 .comment       0x000000000000007c       0x1f ../lib/libcjtmos.a(file.o)
 .comment       0x000000000000009b       0x1f ../lib/libcjtmos.a(filebuf.o)
 .comment       0x00000000000000ba       0x1f ../lib/libcjtmos.a(fopen.o)
 .comment       0x00000000000000d9       0x1f ../lib/libcjtmos.a(fseek.o)
 .comment       0x00000000000000f8       0x1f ../lib/libcjtmos.a(init.o)
 .comment       0x0000000000000117       0x1f ../lib/libcjtmos.a(malloc.o)
 .comment       0x0000000000000136       0x1f ../lib/libcjtmos.a(mallocMain.o)
 .comment       0x0000000000000155       0x1f ../lib/libcjtmos.a(numbers.o)
 .comment       0x0000000000000174       0x1f ../lib/libcjtmos.a(printf.o)
 .comment       0x0000000000000193       0x1f ../lib/libcjtmos.a(process.o)
 .comment       0x00000000000001b2       0x1f ../lib/libcjtmos.a(scall.o)
 .comment       0x00000000000001d1       0x1f ../lib/libcjtmos.a(sprintf.o)
 .comment       0x00000000000001f0       0x1f ../lib/libcjtmos.a(strchr.o)
 .comment       0x000000000000020f       0x1f ../lib/libcjtmos.a(string.o)
 .comment       0x000000000000022e       0x1f ../lib/libcjtmos.a(strncat.o)
 .comment       0x000000000000024d       0x1f ../lib/libcjtmos.a(XXidentification.o)
 .comment       0x000000000000026c       0x1f ../lib/libcjtmos.a(atexit.o)
 .comment       0x000000000000028b       0x1f ../lib/libcjtmos.a(console.o)
 .comment       0x00000000000002aa       0x1f ../lib/libcjtmos.a(ctypefamily.o)
 .comment       0x00000000000002c9       0x1f ../lib/libcjtmos.a(cvt.o)
 .comment       0x00000000000002e8       0x1f ../lib/libcjtmos.a(date.o)
 .comment       0x0000000000000307       0x1f ../lib/libcjtmos.a(dpi.o)
 .comment       0x0000000000000326       0x1f ../lib/libcjtmos.a(error.o)
 .comment       0x0000000000000345       0x1f ../lib/libcjtmos.a(floatconv.o)
 .comment       0x0000000000000364       0x1f ../lib/libcjtmos.a(fprintf.o)
 .comment       0x0000000000000383       0x1f ../lib/libcjtmos.a(modf.o)
 .comment       0x00000000000003a2       0x1f ../lib/libcjtmos.a(floor.o)

.note.GNU-stack
                0x0000000000000000        0x0
