Archive member included because of file (symbol)

../lib/libcjtmos.a(filedir.o)
                              mkdir.o (mkdir)
../lib/libcjtmos.a(init.o)    ../libc/stlibc.o (init_libc)
../lib/libcjtmos.a(modal.o)   ../lib/libcjtmos.a(init.o) (malloc)
../lib/libcjtmos.a(postsup.o)
                              ../lib/libcjtmos.a(filedir.o) (PostmanPost)
../lib/libcjtmos.a(printf.o)  mkdir.o (printf)
../lib/libcjtmos.a(process.o)
                              ../lib/libcjtmos.a(init.o) (abort)
../lib/libcjtmos.a(sbrk.o)    ../lib/libcjtmos.a(modal.o) (sbrk)
../lib/libcjtmos.a(scall.o)   ../lib/libcjtmos.a(init.o) (scall)
../lib/libcjtmos.a(strchr.o)  ../lib/libcjtmos.a(process.o) (strchr)
../lib/libcjtmos.a(string.o)  ../lib/libcjtmos.a(modal.o) (bzero)
../lib/libcjtmos.a(strncat.o)
                              ../lib/libcjtmos.a(string.o) (strncat)
../lib/libcjtmos.a(XXidentification.o)
                              ../lib/libcjtmos.a(init.o) (XXidentificationString)
../lib/libcjtmos.a(atexit.o)  ../lib/libcjtmos.a(init.o) (run_atexit)
../lib/libcjtmos.a(console.o)
                              ../lib/libcjtmos.a(process.o) (getch)
../lib/libcjtmos.a(ctypefamily.o)
                              ../lib/libcjtmos.a(printf.o) (isdigit)
../lib/libcjtmos.a(cvt.o)     ../lib/libcjtmos.a(string.o) (ecvt)
../lib/libcjtmos.a(date.o)    ../lib/libcjtmos.a(process.o) (getdate)
../lib/libcjtmos.a(file.o)    ../lib/libcjtmos.a(init.o) (__fnewstream)
../lib/libcjtmos.a(filebuf.o)
                              ../lib/libcjtmos.a(process.o) (fgetc)
../lib/libcjtmos.a(floatconv.o)
                              ../lib/libcjtmos.a(string.o) (_IO_strtod)
../lib/libcjtmos.a(fseek.o)   ../lib/libcjtmos.a(file.o) (fseek)
../lib/libcjtmos.a(modf.o)    ../lib/libcjtmos.a(cvt.o) (modf)
../lib/libcjtmos.a(numbers.o)
                              ../lib/libcjtmos.a(printf.o) (p32z)
../lib/libcjtmos.a(dfile.o)   ../lib/libcjtmos.a(filebuf.o) (readfile)
../lib/libcjtmos.a(dpi.o)     ../lib/libcjtmos.a(file.o) (getdevicenrbyname)
../lib/libcjtmos.a(error.o)   ../lib/libcjtmos.a(filebuf.o) (panic)
../lib/libcjtmos.a(fflush.o)  ../lib/libcjtmos.a(fseek.o) (fflush)
../lib/libcjtmos.a(fgetsize.o)
                              ../lib/libcjtmos.a(file.o) (_fgetsize)
../lib/libcjtmos.a(floor.o)   ../lib/libcjtmos.a(modf.o) (floor)
../lib/libcjtmos.a(fopen.o)   ../lib/libcjtmos.a(dfile.o) (__fcreate)
../lib/libcjtmos.a(fprintf.o)
                              ../lib/libcjtmos.a(error.o) (fprintf)
../lib/libcjtmos.a(sprintf.o)
                              ../lib/libcjtmos.a(fprintf.o) (_vsprintf)

Allocating common symbols
Common symbol       size              file

stdout              0x4               ../lib/libcjtmos.a(file.o)
___djgpp_exception_state_ptr
                    0x4               ../lib/libcjtmos.a(process.o)
MALSTRU             0x8               mkdir.o
stdin               0x4               ../lib/libcjtmos.a(file.o)
stderr              0x4               ../lib/libcjtmos.a(file.o)

Memory Configuration

Name             Origin             Length             Attributes
*default*        0x0000000000000000 0xffffffffffffffff

Linker script and memory map

LOAD ../libc/stlibc.o
LOAD mkdir.o

.text           0x0000000000010000     0x7d26
                0x0000000000010000                _start = .
                0x0000000000010000                appregionstart = .
 *(.text)
 .text          0x0000000000010000       0x28 ../libc/stlibc.o
                0x0000000000010000                libc_startup
 *fill*         0x0000000000010028        0x8 00
 .text          0x0000000000010030       0x51 mkdir.o
                0x0000000000010030                main
 *fill*         0x0000000000010081        0xf 00
 .text          0x0000000000010090       0x7b ../lib/libcjtmos.a(filedir.o)
                0x00000000000100f0                rmdir
                0x0000000000010090                mkdir
 *fill*         0x000000000001010b        0x5 00
 .text          0x0000000000010110      0x16c ../lib/libcjtmos.a(init.o)
                0x0000000000010210                init_libc
                0x0000000000010110                libc_receiveargs
                0x00000000000101c0                libc_allocate_standard_streams
 *fill*         0x000000000001027c        0x4 00
 .text          0x0000000000010280      0xd37 ../lib/libcjtmos.a(modal.o)
                0x0000000000010c70                malloc_stats
                0x0000000000010830                __internal_malloc
                0x0000000000010ef0                malloc
                0x00000000000109c0                calloc
                0x0000000000010a00                malloc_usable_size
                0x0000000000010540                malloc_from_sys
                0x0000000000010e90                realloc
                0x0000000000010b30                memalign
                0x00000000000109f0                cfree
                0x0000000000010c30                valloc
                0x0000000000010f40                free
 *fill*         0x0000000000010fb7        0x9 00
 .text          0x0000000000010fc0       0x25 ../lib/libcjtmos.a(postsup.o)
                0x0000000000010fc0                PostmanPost
 *fill*         0x0000000000010fe5        0xb 00
 .text          0x0000000000010ff0      0x174 ../lib/libcjtmos.a(printf.o)
                0x0000000000010ff0                printf
                0x0000000000011010                vprintf
 *fill*         0x0000000000011164        0xc 00
 .text          0x0000000000011170      0x8ea ../lib/libcjtmos.a(process.o)
                0x0000000000011870                MilSleep
                0x0000000000011350                GetCurrentTerminal
                0x0000000000011600                strerror
                0x0000000000011830                SwitchToThread
                0x0000000000011170                SetTerminalOwner
                0x0000000000011620                WaitProcessTermination
                0x0000000000011710                cexecEx
                0x00000000000118d0                getpid
                0x0000000000011a50                getpagesize
                0x0000000000011200                GetThreadUniquePID
                0x00000000000115a0                getc
                0x00000000000116f0                cexec
                0x0000000000011270                enable_irq
                0x0000000000011640                system
                0x00000000000119a0                GetThreadCount
                0x0000000000011a10                sleep
                0x0000000000011220                diskChange
                0x0000000000011910                GetThreadPriority
                0x00000000000115d0                abort
                0x0000000000011330                NewTerminal
                0x00000000000113c0                globalcopy
                0x00000000000115c0                stackavail
                0x00000000000118c0                ExitThread
                0x0000000000011670                bgexec
                0x0000000000011900                SetThreadPriority
                0x00000000000117c0                kill
                0x0000000000011410                IdentifyThread
                0x0000000000011510                chdir
                0x0000000000011890                Sleep
                0x0000000000011850                GetTickCount
                0x00000000000112e0                OutputTerminalKeyboardBuffer
                0x0000000000011310                InputTerminalKeyboardBuffer
                0x00000000000112b0                CopyTerminal
                0x0000000000011980                GetThreadMemoryUsage
                0x0000000000011390                SetThreadTerminal
                0x0000000000011460                receiveMessage
                0x00000000000117d0                KillThread
                0x0000000000011950                GetThreadName
                0x00000000000111c0                CreateTerminal
                0x0000000000011370                GetThreadTerminal
                0x00000000000115b0                getchar
                0x00000000000119c0                SleepSecond
                0x00000000000118e0                GetCurrentThread
                0x0000000000011770                GetAmountFree
                0x00000000000114d0                getcwd
                0x0000000000011930                GetThreadSpending
                0x0000000000011780                GetProgramStart
                0x0000000000011240                setint
                0x0000000000011480                sendMessage
                0x0000000000011690                bgexecEx
                0x00000000000113f0                GetSeconds
                0x00000000000117f0                exit
                0x0000000000011440                GetThreadPID
                0x00000000000117a0                GetMemorySize
                0x0000000000011290                GetCursorLocation
                0x00000000000111e0                SwitchToThreadEx
                0x00000000000114b0                startMessageBox
                0x0000000000011610                clock
                0x00000000000111a0                GetTerminalOwner
                0x0000000000011790                GetProgramEnd
 *fill*         0x0000000000011a5a        0x6 00
 .text          0x0000000000011a60       0x3e ../lib/libcjtmos.a(sbrk.o)
                0x0000000000011a60                sbrk
 *fill*         0x0000000000011a9e        0x2 00
 .text          0x0000000000011aa0       0x2c ../lib/libcjtmos.a(scall.o)
                0x0000000000011aa0                scall
 *fill*         0x0000000000011acc        0x4 00
 .text          0x0000000000011ad0      0x10e ../lib/libcjtmos.a(strchr.o)
                0x0000000000011ad0                strrchr
                0x0000000000011ae0                strchr
 *fill*         0x0000000000011bde        0x2 00
 .text          0x0000000000011be0      0xf42 ../lib/libcjtmos.a(string.o)
                0x0000000000011d00                strcpy
                0x0000000000012620                vt2202asc
                0x0000000000012ac0                StretchPrint
                0x0000000000011e50                str2int
                0x0000000000011dd0                memcpy
                0x0000000000012600                asc2vt220
                0x0000000000012960                sdouble
                0x0000000000011be0                bzero
                0x0000000000012670                hex2int
                0x0000000000012220                _sdec32
                0x0000000000011fa0                shex16
                0x00000000000127a0                readStringEx
                0x0000000000012920                strtod
                0x0000000000012930                pdouble
                0x00000000000128d0                atof
                0x0000000000011e10                strcat
                0x0000000000011ff0                shex8
                0x0000000000012730                strstr
                0x00000000000124b0                CountWords
                0x00000000000121b0                sdec32
                0x00000000000126f0                strncmp
                0x0000000000011ed0                shex32z
                0x0000000000011c00                bcopy
                0x0000000000012900                printfloat
                0x0000000000011da0                memset
                0x00000000000128f0                stringfloat
                0x00000000000128a0                skipSpaces
                0x0000000000011d30                strcmp
                0x0000000000011c20                GetRunningNumber
                0x0000000000011c30                sptstr
                0x0000000000012480                isValidString
                0x0000000000012850                seekTowardEnd
                0x0000000000012530                strcpyarg
                0x0000000000011e40                dec2int
                0x0000000000011f50                shex32
                0x00000000000128c0                atoi
                0x0000000000011cd0                strlen
                0x0000000000012020                sdec32z
                0x0000000000012210                sudec32
                0x0000000000012640                hexchar2int
 *fill*         0x0000000000012b22        0xe 00
 .text          0x0000000000012b30       0x8e ../lib/libcjtmos.a(strncat.o)
                0x0000000000012b30                strncat
 *fill*         0x0000000000012bbe        0x2 00
 .text          0x0000000000012bc0       0x48 ../lib/libcjtmos.a(atexit.o)
                0x0000000000012bc0                run_atexit
                0x0000000000012bf0                atexit
 *fill*         0x0000000000012c08        0x8 00
 .text          0x0000000000012c10      0x34d ../lib/libcjtmos.a(console.o)
                0x0000000000012dd0                putchar
                0x0000000000012f20                GetCTRL
                0x0000000000012c60                gettextinfo
                0x0000000000012d50                clrscr
                0x0000000000012d00                wherey
                0x0000000000012e50                gets
                0x0000000000012f40                GetALT
                0x0000000000012e30                puts
                0x0000000000012dc0                putch
                0x0000000000012da0                getch
                0x0000000000012d70                getch1
                0x0000000000012ce0                wherex
                0x0000000000012cc0                textbackground
                0x0000000000012d20                delay
                0x0000000000012e00                gotoxy
                0x0000000000012ca0                textcolor
                0x0000000000012c10                ESCLOCK
 *fill*         0x0000000000012f5d        0x3 00
 .text          0x0000000000012f60      0x217 ../lib/libcjtmos.a(ctypefamily.o)
                0x0000000000013100                islower
                0x0000000000012f60                tolower
                0x0000000000013090                ispunct
                0x00000000000130e0                isspace
                0x00000000000130a0                isxdigit
                0x0000000000013120                isupper
                0x0000000000012ff0                isalpha
                0x0000000000013170                isgraph
                0x0000000000012fe0                isalnum
                0x0000000000013160                isprint
                0x0000000000013040                isdigit
                0x0000000000013080                iscntrl
                0x0000000000012fa0                toupper
 *fill*         0x0000000000013177        0x9 00
 .text          0x0000000000013180      0x2ff ../lib/libcjtmos.a(cvt.o)
                0x00000000000131b0                fcvt
                0x0000000000013180                ecvt
 *fill*         0x000000000001347f        0x1 00
 .text          0x0000000000013480       0xef ../lib/libcjtmos.a(date.o)
                0x00000000000134b0                asctime
                0x0000000000013480                utime
                0x0000000000013490                utimes
                0x0000000000013540                settimeofday
                0x00000000000134c0                ctime
                0x00000000000134a0                mktime
                0x0000000000013550                getdate
                0x0000000000013530                gettimeofday
                0x0000000000013510                localtime
                0x0000000000013520                time
                0x00000000000134d0                strftime
                0x00000000000134e0                strptime
                0x0000000000013500                gmtime
                0x00000000000134f0                tzset
 *fill*         0x000000000001356f        0x1 00
 .text          0x0000000000013570      0x682 ../lib/libcjtmos.a(file.o)
                0x0000000000013bd0                _formatDrive
                0x0000000000013850                fgets
                0x00000000000137b0                remove
                0x0000000000013680                __faddblocks
                0x00000000000139f0                lseek
                0x0000000000013700                rename
                0x0000000000013970                write
                0x00000000000135d0                fexist
                0x00000000000136f0                fsizeof
                0x0000000000013590                ferror
                0x0000000000013940                read
                0x00000000000137a0                unlink
                0x0000000000013820                __fnewstream
                0x0000000000013a20                fread
                0x0000000000013640                StringCheck
                0x0000000000013580                clearerr
                0x0000000000013570                putc
                0x0000000000013aa0                fwrite
                0x00000000000135b0                rewind
                0x00000000000135e0                __fexist
                0x00000000000135a0                fileno
                0x00000000000139a0                open
                0x0000000000013b90                formatDrive
                0x00000000000138d0                fputs
                0x00000000000139d0                close
 *fill*         0x0000000000013bf2        0xe 00
 .text          0x0000000000013c00      0x3a7 ../lib/libcjtmos.a(filebuf.o)
                0x0000000000013f40                setlinebuf
                0x0000000000013f60                setvbuf
                0x0000000000013c30                frefresh_write
                0x0000000000013f10                setbuffer
                0x0000000000013c70                __fenlargebuf
                0x0000000000013c00                frefresh
                0x0000000000013d00                fgetc
                0x0000000000013de0                fputc
                0x0000000000013ee0                setbuf
 *fill*         0x0000000000013fa7        0x9 00
 .text          0x0000000000013fb0     0x323b ../lib/libcjtmos.a(floatconv.o)
                0x0000000000014c70                _IO_strtod
                0x0000000000015eb0                _IO_dtoa
 *fill*         0x00000000000171eb        0x5 00
 .text          0x00000000000171f0       0xb1 ../lib/libcjtmos.a(fseek.o)
                0x00000000000171f0                fseek
 *fill*         0x00000000000172a1        0xf 00
 .text          0x00000000000172b0       0x24 ../lib/libcjtmos.a(modf.o)
                0x00000000000172b0                modf
 *fill*         0x00000000000172d4        0xc 00
 .text          0x00000000000172e0      0x153 ../lib/libcjtmos.a(numbers.o)
                0x00000000000173e0                pd32
                0x0000000000017410                pdz32
                0x0000000000017310                p16
                0x00000000000173a0                pdh32
                0x00000000000172e0                p8
                0x0000000000017370                p32z
                0x0000000000017340                p32
 *fill*         0x0000000000017433        0xd 00
 .text          0x0000000000017440       0xae ../lib/libcjtmos.a(dfile.o)
                0x0000000000017480                writefile
                0x0000000000017440                readfile
 *fill*         0x00000000000174ee        0x2 00
 .text          0x00000000000174f0      0x11d ../lib/libcjtmos.a(dpi.o)
                0x00000000000175a0                getdevicename
                0x00000000000175f0                getcurdev
                0x0000000000017570                registerNewDevice
                0x00000000000174f0                DeviceCall
                0x00000000000175d0                getdevicenrbyname
 *fill*         0x000000000001760d        0x3 00
 .text          0x0000000000017610       0xaf ../lib/libcjtmos.a(error.o)
                0x00000000000176a0                perror
                0x0000000000017610                panic
                0x0000000000017650                LIBCERROR
 *fill*         0x00000000000176bf        0x1 00
 .text          0x00000000000176c0       0x40 ../lib/libcjtmos.a(fflush.o)
                0x00000000000176c0                fflush
 .text          0x0000000000017700       0x5c ../lib/libcjtmos.a(fgetsize.o)
                0x0000000000017700                _fgetsize
 *fill*         0x000000000001775c        0x4 00
 .text          0x0000000000017760       0x28 ../lib/libcjtmos.a(floor.o)
                0x0000000000017760                floor
 *fill*         0x0000000000017788        0x8 00
 .text          0x0000000000017790      0x2cf ../lib/libcjtmos.a(fopen.o)
                0x0000000000017790                __fcreate
                0x0000000000017800                _fopen
                0x00000000000177e0                fopen
 *fill*         0x0000000000017a5f        0x1 00
 .text          0x0000000000017a60       0xab ../lib/libcjtmos.a(fprintf.o)
                0x0000000000017a60                fprintf
                0x0000000000017a90                vfprintf
 *fill*         0x0000000000017b0b        0x5 00
 .text          0x0000000000017b10      0x216 ../lib/libcjtmos.a(sprintf.o)
                0x0000000000017b40                vsprintf
                0x0000000000017b60                _vsprintf
                0x0000000000017b10                sprintf
                0x0000000000017d26                etext = .
                0x0000000000017d26                _etext = .

.data           0x0000000000017d26      0xb62
 *(.data)
 *fill*         0x0000000000017d26        0x2 00
 .data          0x0000000000017d28        0x8 ../lib/libcjtmos.a(init.o)
                0x0000000000017d28                _libc_argc
                0x0000000000017d2c                _libc_argv
 *fill*         0x0000000000017d30       0x10 00
 .data          0x0000000000017d40      0x800 ../lib/libcjtmos.a(modal.o)
                0x00000000000184e0                __customalloc_FreeList
 .data          0x0000000000018540       0x84 ../lib/libcjtmos.a(process.o)
                0x0000000000018540                errno
                0x0000000000018544                __djgpp_set_sigint_key
                0x0000000000018560                SysCWD
                0x0000000000018548                SysSearchPath
 .data          0x00000000000185c4        0x4 ../lib/libcjtmos.a(sbrk.o)
 .data          0x00000000000185c8        0x4 ../lib/libcjtmos.a(string.o)
 .data          0x00000000000185cc        0x4 ../lib/libcjtmos.a(XXidentification.o)
                0x00000000000185cc                XXidentificationString
 .data          0x00000000000185d0        0x4 ../lib/libcjtmos.a(atexit.o)
                0x00000000000185d0                __atex
 *fill*         0x00000000000185d4        0xc 00
 .data          0x00000000000185e0      0x14c ../lib/libcjtmos.a(floatconv.o)
 *(.rodata)
 .rodata        0x000000000001872c       0x8c ../lib/libcjtmos.a(string.o)
 .rodata        0x00000000000187b8       0xd0 ../lib/libcjtmos.a(floatconv.o)
                0x0000000000018888                edata = .
                0x0000000000018888                _edata = .

.bss            0x0000000000018888      0x55c
 *(.bss)
 *fill*         0x0000000000018888       0x18 00
 .bss           0x00000000000188a0       0x4c ../lib/libcjtmos.a(filedir.o)
 *fill*         0x00000000000188ec       0x14 00
 .bss           0x0000000000018900      0x10c ../lib/libcjtmos.a(init.o)
 .bss           0x0000000000018a0c        0x4 ../lib/libcjtmos.a(modal.o)
 *fill*         0x0000000000018a10       0x10 00
 .bss           0x0000000000018a20       0xac ../lib/libcjtmos.a(process.o)
 *fill*         0x0000000000018acc       0x14 00
 .bss           0x0000000000018ae0       0x50 ../lib/libcjtmos.a(cvt.o)
 *fill*         0x0000000000018b30       0x10 00
 .bss           0x0000000000018b40      0x1cc ../lib/libcjtmos.a(file.o)
 .bss           0x0000000000018d0c        0x4 ../lib/libcjtmos.a(floatconv.o)
 *fill*         0x0000000000018d10       0x10 00
 .bss           0x0000000000018d20       0xac ../lib/libcjtmos.a(dfile.o)
 *(COMMON)
 COMMON         0x0000000000018dcc        0x8 mkdir.o
                                          0x0 (size before relaxing)
                0x0000000000018dcc                MALSTRU
 COMMON         0x0000000000018dd4        0x4 ../lib/libcjtmos.a(process.o)
                                          0x0 (size before relaxing)
                0x0000000000018dd4                ___djgpp_exception_state_ptr
 COMMON         0x0000000000018dd8        0xc ../lib/libcjtmos.a(file.o)
                                          0x0 (size before relaxing)
                0x0000000000018dd8                stdout
                0x0000000000018ddc                stdin
                0x0000000000018de0                stderr
                0x0000000000018de4                end = .
                0x0000000000018de4                _end = .
                0x0000000000018de4                appregionend = .
LOAD ../lib/libcjtmos.a
OUTPUT(format=binary binary)

.comment        0x0000000000000000      0x27e
 .comment       0x0000000000000000       0x1f ../libc/stlibc.o
 .comment       0x000000000000001f       0x12 mkdir.o
 .comment       0x0000000000000031       0x12 ../lib/libcjtmos.a(filedir.o)
 .comment       0x0000000000000043       0x12 ../lib/libcjtmos.a(init.o)
 .comment       0x0000000000000055       0x12 ../lib/libcjtmos.a(modal.o)
 .comment       0x0000000000000067       0x12 ../lib/libcjtmos.a(postsup.o)
 .comment       0x0000000000000079       0x12 ../lib/libcjtmos.a(printf.o)
 .comment       0x000000000000008b       0x12 ../lib/libcjtmos.a(process.o)
 .comment       0x000000000000009d       0x12 ../lib/libcjtmos.a(sbrk.o)
 .comment       0x00000000000000af       0x1f ../lib/libcjtmos.a(scall.o)
 .comment       0x00000000000000ce       0x12 ../lib/libcjtmos.a(strchr.o)
 .comment       0x00000000000000e0       0x12 ../lib/libcjtmos.a(string.o)
 .comment       0x00000000000000f2       0x12 ../lib/libcjtmos.a(strncat.o)
 .comment       0x0000000000000104       0x12 ../lib/libcjtmos.a(XXidentification.o)
 .comment       0x0000000000000116       0x12 ../lib/libcjtmos.a(atexit.o)
 .comment       0x0000000000000128       0x12 ../lib/libcjtmos.a(console.o)
 .comment       0x000000000000013a       0x12 ../lib/libcjtmos.a(ctypefamily.o)
 .comment       0x000000000000014c       0x12 ../lib/libcjtmos.a(cvt.o)
 .comment       0x000000000000015e       0x12 ../lib/libcjtmos.a(date.o)
 .comment       0x0000000000000170       0x12 ../lib/libcjtmos.a(file.o)
 .comment       0x0000000000000182       0x12 ../lib/libcjtmos.a(filebuf.o)
 .comment       0x0000000000000194       0x12 ../lib/libcjtmos.a(floatconv.o)
 .comment       0x00000000000001a6       0x12 ../lib/libcjtmos.a(fseek.o)
 .comment       0x00000000000001b8       0x12 ../lib/libcjtmos.a(modf.o)
 .comment       0x00000000000001ca       0x12 ../lib/libcjtmos.a(numbers.o)
 .comment       0x00000000000001dc       0x12 ../lib/libcjtmos.a(dfile.o)
 .comment       0x00000000000001ee       0x12 ../lib/libcjtmos.a(dpi.o)
 .comment       0x0000000000000200       0x12 ../lib/libcjtmos.a(error.o)
 .comment       0x0000000000000212       0x12 ../lib/libcjtmos.a(fflush.o)
 .comment       0x0000000000000224       0x12 ../lib/libcjtmos.a(fgetsize.o)
 .comment       0x0000000000000236       0x12 ../lib/libcjtmos.a(floor.o)
 .comment       0x0000000000000248       0x12 ../lib/libcjtmos.a(fopen.o)
 .comment       0x000000000000025a       0x12 ../lib/libcjtmos.a(fprintf.o)
 .comment       0x000000000000026c       0x12 ../lib/libcjtmos.a(sprintf.o)

.rodata.str1.1  0x000000000000027e      0x19b
 .rodata.str1.1
                0x000000000000027e       0x17 mkdir.o
 .rodata.str1.1
                0x0000000000000295        0x6 ../lib/libcjtmos.a(filedir.o)
 .rodata.str1.1
                0x000000000000029b       0x1e ../lib/libcjtmos.a(init.o)
 .rodata.str1.1
                0x00000000000002b9        0x7 ../lib/libcjtmos.a(printf.o)
 .rodata.str1.1
                0x00000000000002c0        0x9 ../lib/libcjtmos.a(process.o)
 .rodata.str1.1
                0x00000000000002c9       0x31 ../lib/libcjtmos.a(string.o)
 .rodata.str1.1
                0x00000000000002fa        0xc ../lib/libcjtmos.a(console.o)
 .rodata.str1.1
                0x0000000000000306       0x5e ../lib/libcjtmos.a(ctypefamily.o)
 .rodata.str1.1
                0x0000000000000364        0xa ../lib/libcjtmos.a(file.o)
 .rodata.str1.1
                0x000000000000036e       0x17 ../lib/libcjtmos.a(filebuf.o)
 .rodata.str1.1
                0x0000000000000385        0xf ../lib/libcjtmos.a(floatconv.o)
 .rodata.str1.1
                0x0000000000000394        0x2 ../lib/libcjtmos.a(numbers.o)
 .rodata.str1.1
                0x0000000000000396        0xb ../lib/libcjtmos.a(dpi.o)
 .rodata.str1.1
                0x00000000000003a1       0x4c ../lib/libcjtmos.a(error.o)
 .rodata.str1.1
                0x00000000000003ed       0x24 ../lib/libcjtmos.a(fopen.o)
 .rodata.str1.1
                0x0000000000000411        0x8 ../lib/libcjtmos.a(sprintf.o)

.rodata.str1.32
                0x0000000000000420      0x268
 .rodata.str1.32
                0x0000000000000420       0x27 mkdir.o
 *fill*         0x0000000000000447       0x19 00
 .rodata.str1.32
                0x0000000000000460       0x2e ../lib/libcjtmos.a(filedir.o)
 *fill*         0x000000000000048e       0x12 00
 .rodata.str1.32
                0x00000000000004a0       0x2f ../lib/libcjtmos.a(modal.o)
 *fill*         0x00000000000004cf       0x11 00
 .rodata.str1.32
                0x00000000000004e0       0xb1 ../lib/libcjtmos.a(process.o)
 *fill*         0x0000000000000591        0xf 00
 .rodata.str1.32
                0x00000000000005a0       0x36 ../lib/libcjtmos.a(XXidentification.o)
 *fill*         0x00000000000005d6        0xa 00
 .rodata.str1.32
                0x00000000000005e0       0x6a ../lib/libcjtmos.a(file.o)
 *fill*         0x000000000000064a       0x16 00
 .rodata.str1.32
                0x0000000000000660       0x28 ../lib/libcjtmos.a(dpi.o)

.rodata.cst8    0x0000000000000688       0x88
 .rodata.cst8   0x0000000000000688       0x10 ../lib/libcjtmos.a(cvt.o)
 .rodata.cst8   0x0000000000000698       0x78 ../lib/libcjtmos.a(floatconv.o)
