Archive member included because of file (symbol)

../lib/libcjtmos.a(init.o)    ../libc/stlibc.o (init_libc)
../lib/libcjtmos.a(malloc.o)  ../lib/libcjtmos.a(init.o) (malloc_init)
../lib/libcjtmos.a(mallocMain.o)
                              ../lib/libcjtmos.a(init.o) (malloc)
../lib/libcjtmos.a(numbers.o)
                              ../lib/libcjtmos.a(malloc.o) (p32)
../lib/libcjtmos.a(printf.o)  mv.o (printf)
../lib/libcjtmos.a(process.o)
                              ../lib/libcjtmos.a(init.o) (abort)
../lib/libcjtmos.a(scall.o)   ../lib/libcjtmos.a(init.o) (scall)
../lib/libcjtmos.a(string.o)  ../lib/libcjtmos.a(mallocMain.o) (memset)
../lib/libcjtmos.a(strncat.o)
                              ../lib/libcjtmos.a(string.o) (strncat)
../lib/libcjtmos.a(XXidentification.o)
                              ../lib/libcjtmos.a(init.o) (XXidentificationString)
../lib/libcjtmos.a(atexit.o)  ../lib/libcjtmos.a(init.o) (run_atexit)
../lib/libcjtmos.a(console.o)
                              ../lib/libcjtmos.a(process.o) (getch)
../lib/libcjtmos.a(ctypefamily.o)
                              ../lib/libcjtmos.a(printf.o) (isdigit)
../lib/libcjtmos.a(cvt.o)     ../lib/libcjtmos.a(string.o) (ecvt)
../lib/libcjtmos.a(date.o)    ../lib/libcjtmos.a(process.o) (getdate)
../lib/libcjtmos.a(file.o)    ../lib/libcjtmos.a(init.o) (__fnewstream)
../lib/libcjtmos.a(filebuf.o)
                              ../lib/libcjtmos.a(process.o) (fgetc)
../lib/libcjtmos.a(floatconv.o)
                              ../lib/libcjtmos.a(string.o) (_IO_strtod)
../lib/libcjtmos.a(fseek.o)   ../lib/libcjtmos.a(file.o) (fseek)
../lib/libcjtmos.a(modf.o)    ../lib/libcjtmos.a(cvt.o) (modf)
../lib/libcjtmos.a(strchr.o)  ../lib/libcjtmos.a(string.o) (strchr)
../lib/libcjtmos.a(dpi.o)     ../lib/libcjtmos.a(file.o) (getdevicenrbyname)
../lib/libcjtmos.a(error.o)   ../lib/libcjtmos.a(filebuf.o) (panic)
../lib/libcjtmos.a(fflush.o)  ../lib/libcjtmos.a(fseek.o) (fflush)
../lib/libcjtmos.a(floor.o)   ../lib/libcjtmos.a(modf.o) (floor)
../lib/libcjtmos.a(fprintf.o)
                              ../lib/libcjtmos.a(error.o) (fprintf)
../lib/libcjtmos.a(sprintf.o)
                              ../lib/libcjtmos.a(fprintf.o) (_vsprintf)

Allocating common symbols
Common symbol       size              file

stdout              0x4               ../lib/libcjtmos.a(file.o)
___djgpp_exception_state_ptr
                    0x4               ../lib/libcjtmos.a(process.o)
MALSTRU             0x8               mv.o
stdin               0x4               ../lib/libcjtmos.a(file.o)
stderr              0x4               ../lib/libcjtmos.a(file.o)

Memory Configuration

Name             Origin             Length             Attributes
*default*        0x0000000000000000 0xffffffffffffffff

Linker script and memory map

LOAD ../libc/stlibc.o
LOAD mv.o

.text           0x0000000080004000     0x607c
                0x0000000080004000                _start = .
                0x0000000080004000                appregionstart = .
 *(.text)
 .text          0x0000000080004000       0x28 ../libc/stlibc.o
                0x0000000080004000                libc_startup
 .text          0x0000000080004028       0x4a mv.o
                0x0000000080004028                main
 *fill*         0x0000000080004072        0x2 00
 .text          0x0000000080004074      0x177 ../lib/libcjtmos.a(init.o)
                0x000000008000415a                init_libc
                0x0000000080004074                libc_receiveargs
                0x0000000080004116                libc_allocate_standard_streams
 *fill*         0x00000000800041eb        0x1 00
 .text          0x00000000800041ec      0x383 ../lib/libcjtmos.a(malloc.o)
                0x00000000800042dd                malloc_reuse_chunk
                0x0000000080004234                malloc_create_free_chunk
                0x000000008000438b                malloc_getamountfree
                0x000000008000437d                malloc_lastchunk
                0x000000008000435f                malloc_isfree
                0x000000008000420b                malloc_init
                0x0000000080004254                malloc_create_hunt
                0x00000000800044c1                malloc_optimize
                0x0000000080004372                malloc_nextchunk
                0x0000000080004274                malloc_hunt
                0x00000000800041ec                malloc_store_info
                0x0000000080004351                malloc_getsize
                0x000000008000429f                malloc_hunt_jump
                0x00000000800043d6                malloc_dumpchunkinfo
 *fill*         0x000000008000456f        0x1 00
 .text          0x0000000080004570       0xf6 ../lib/libcjtmos.a(mallocMain.o)
                0x000000008000458c                malloc
                0x00000000800045a8                __malloc
                0x000000008000464f                __free
                0x0000000080004570                free
 *fill*         0x0000000080004666        0x2 00
 .text          0x0000000080004668      0x101 ../lib/libcjtmos.a(numbers.o)
                0x0000000080004729                pd32
                0x0000000080004749                pdz32
                0x000000008000468a                p16
                0x00000000800046f5                pdh32
                0x0000000080004668                p8
                0x00000000800046d5                p32z
                0x00000000800046ad                p32
 *fill*         0x0000000080004769        0x3 00
 .text          0x000000008000476c      0x16c ../lib/libcjtmos.a(printf.o)
                0x000000008000476c                printf
                0x0000000080004786                vprintf
 .text          0x00000000800048d8      0x691 ../lib/libcjtmos.a(process.o)
                0x0000000080004de1                MilSleep
                0x0000000080004a48                GetCurrentTerminal
                0x0000000080004be5                strerror
                0x0000000080004dab                SwitchToThread
                0x00000000800048d8                SetTerminalOwner
                0x0000000080004bf9                WaitProcessTermination
                0x0000000080004cc7                cexecEx
                0x0000000080004f5f                getpagesize
                0x0000000080004e34                getpid
                0x0000000080004948                GetThreadUniquePID
                0x0000000080004b97                getc
                0x0000000080004cab                cexec
                0x000000008000499f                enable_irq
                0x0000000080004c15                system
                0x0000000080004ed7                GetThreadCount
                0x0000000080004f31                sleep
                0x0000000080004964                diskChange
                0x0000000080004e66                GetThreadPriority
                0x0000000080004bbe                abort
                0x0000000080004a2d                NewTerminal
                0x0000000080004a96                globalcopy
                0x0000000080004bb4                stackavail
                0x0000000080004e24                ExitThread
                0x0000000080004c3a                bgexec
                0x0000000080004e5c                SetThreadPriority
                0x0000000080004d55                kill
                0x0000000080004ad1                IdentifyThread
                0x0000000080004b7b                chdir
                0x0000000080004dfd                Sleep
                0x0000000080004dc6                GetTickCount
                0x00000000800049f4                OutputTerminalKeyboardBuffer
                0x0000000080004a11                InputTerminalKeyboardBuffer
                0x00000000800049d7                CopyTerminal
                0x0000000080004ebb                GetThreadMemoryUsage
                0x0000000080004a79                SetThreadTerminal
                0x0000000080004b0a                receiveMessage
                0x0000000080004d5f                KillThread
                0x0000000080004e9e                GetThreadName
                0x0000000080004911                CreateTerminal
                0x0000000080004a5d                GetThreadTerminal
                0x0000000080004ba7                getchar
                0x0000000080004ef2                SleepSecond
                0x0000000080004e41                GetCurrentThread
                0x0000000080004d1c                GetAmountFree
                0x0000000080004b5e                getcwd
                0x0000000080004e82                GetThreadSpending
                0x0000000080004d26                GetProgramStart
                0x0000000080004980                setint
                0x0000000080004b26                sendMessage
                0x0000000080004c56                bgexecEx
                0x0000000080004ab6                GetSeconds
                0x0000000080004d7b                exit
                0x0000000080004aee                GetThreadPID
                0x0000000080004d3a                GetMemorySize
                0x00000000800049bb                GetCursorLocation
                0x000000008000492c                SwitchToThreadEx
                0x0000000080004b43                startMessageBox
                0x0000000080004bef                clock
                0x00000000800048f5                GetTerminalOwner
                0x0000000080004d30                GetProgramEnd
 *fill*         0x0000000080004f69        0x7 00
 .text          0x0000000080004f70       0x2c ../lib/libcjtmos.a(scall.o)
                0x0000000080004f70                scall
 .text          0x0000000080004f9c      0xda8 ../lib/libcjtmos.a(string.o)
                0x0000000080005081                strcpy
                0x00000000800058d5                vt2202asc
                0x0000000080005cef                StretchPrint
                0x0000000080005194                str2int
                0x0000000080005137                memcpy
                0x00000000800058b7                asc2vt220
                0x0000000080005ba9                sdouble
                0x0000000080004f9c                bzero
                0x0000000080005927                hex2int
                0x0000000080005531                _sdec32
                0x00000000800052ca                shex16
                0x0000000080005a3b                readStringEx
                0x0000000080005b6d                strtod
                0x0000000080005b80                pdouble
                0x0000000080005b3e                atof
                0x000000008000515f                strcat
                0x000000008000531c                shex8
                0x00000000800059e6                strstr
                0x000000008000579b                CountWords
                0x00000000800054ce                sdec32
                0x000000008000599f                strncmp
                0x0000000080005203                shex32z
                0x0000000080004fb1                bcopy
                0x0000000080005b55                printfloat
                0x0000000080005116                memset
                0x0000000080005b50                stringfloat
                0x0000000080005b19                skipSpaces
                0x00000000800050b5                strcmp
                0x0000000080004fc7                GetRunningNumber
                0x0000000080004fd7                sptstr
                0x0000000080005773                isValidString
                0x0000000080005ad9                seekTowardEnd
                0x0000000080005806                strcpyarg
                0x0000000080005184                dec2int
                0x0000000080005278                shex32
                0x0000000080005b2e                atoi
                0x000000008000505c                strlen
                0x0000000080005347                sdec32z
                0x000000008000551e                sudec32
                0x00000000800058f3                hexchar2int
 .text          0x0000000080005d44       0x8c ../lib/libcjtmos.a(strncat.o)
                0x0000000080005d44                strncat
 .text          0x0000000080005dd0       0x20 ../lib/libcjtmos.a(atexit.o)
                0x0000000080005dd0                run_atexit
                0x0000000080005dd5                atexit
 .text          0x0000000080005df0      0x2a0 ../lib/libcjtmos.a(console.o)
                0x0000000080005f50                putchar
                0x000000008000605a                GetCTRL
                0x0000000080005e1a                gettextinfo
                0x0000000080005ee2                clrscr
                0x0000000080005ea0                wherey
                0x0000000080005faa                gets
                0x0000000080006075                GetALT
                0x0000000080005f8e                puts
                0x0000000080005f40                putch
                0x0000000080005f25                getch
                0x0000000080005efd                getch1
                0x0000000080005e85                wherex
                0x0000000080005e69                textbackground
                0x0000000080005ebb                delay
                0x0000000080005f71                gotoxy
                0x0000000080005e4d                textcolor
                0x0000000080005df0                ESCLOCK
 .text          0x0000000080006090      0x214 ../lib/libcjtmos.a(ctypefamily.o)
                0x0000000080006231                islower
                0x0000000080006090                tolower
                0x00000000800061d0                ispunct
                0x0000000080006220                isspace
                0x00000000800061da                isxdigit
                0x000000008000624a                isupper
                0x000000008000612a                isalpha
                0x000000008000629a                isgraph
                0x000000008000611a                isalnum
                0x0000000080006290                isprint
                0x0000000080006180                isdigit
                0x00000000800061c6                iscntrl
                0x00000000800060d7                toupper
 .text          0x00000000800062a4      0x2a3 ../lib/libcjtmos.a(cvt.o)
                0x00000000800062c2                fcvt
                0x00000000800062a4                ecvt
 *fill*         0x0000000080006547        0x1 00
 .text          0x0000000080006548       0x8e ../lib/libcjtmos.a(date.o)
                0x000000008000655c                asctime
                0x0000000080006548                utime
                0x000000008000654d                utimes
                0x00000000800065b0                settimeofday
                0x0000000080006561                ctime
                0x0000000080006552                mktime
                0x00000000800065ba                getdate
                0x00000000800065a6                gettimeofday
                0x000000008000658e                localtime
                0x0000000080006598                time
                0x000000008000656b                strftime
                0x0000000080006575                strptime
                0x0000000080006584                gmtime
                0x000000008000657f                tzset
 *fill*         0x00000000800065d6        0x2 00
 .text          0x00000000800065d8      0x428 ../lib/libcjtmos.a(file.o)
                0x00000000800069e4                _formatDrive
                0x0000000080006735                fgets
                0x00000000800066ef                remove
                0x000000008000686f                lseek
                0x00000000800066c2                rename
                0x0000000080006818                write
                0x0000000080006618                fexist
                0x0000000080006682                fsizeof
                0x00000000800065f0                ferror
                0x00000000800067fa                read
                0x00000000800066df                unlink
                0x000000008000670b                __fnewstream
                0x000000008000688d                fread
                0x0000000080006656                StringCheck
                0x00000000800065eb                clearerr
                0x00000000800065d8                putc
                0x00000000800068f0                fwrite
                0x0000000080006604                rewind
                0x0000000080006628                __fexist
                0x00000000800065fa                fileno
                0x0000000080006836                open
                0x00000000800069cc                formatDrive
                0x00000000800067a1                fputs
                0x0000000080006853                close
 .text          0x0000000080006a00      0x322 ../lib/libcjtmos.a(filebuf.o)
                0x0000000080006ccb                setlinebuf
                0x0000000080006ce1                setvbuf
                0x0000000080006caa                setbuffer
                0x0000000080006a00                rbuf
                0x0000000080006a6f                __fenlargebuf
                0x0000000080006ae7                fgetc
                0x0000000080006ba6                fputc
                0x0000000080006a34                wbuf
                0x0000000080006c87                setbuf
 *fill*         0x0000000080006d22        0x2 00
 .text          0x0000000080006d24     0x2d1e ../lib/libcjtmos.a(floatconv.o)
                0x00000000800077e5                _IO_strtod
                0x00000000800088a3                _IO_dtoa
 *fill*         0x0000000080009a42        0x2 00
 .text          0x0000000080009a44       0xa0 ../lib/libcjtmos.a(fseek.o)
                0x0000000080009a44                fseek
 .text          0x0000000080009ae4       0x1e ../lib/libcjtmos.a(modf.o)
                0x0000000080009ae4                modf
 *fill*         0x0000000080009b02        0x2 00
 .text          0x0000000080009b04      0x105 ../lib/libcjtmos.a(strchr.o)
                0x0000000080009b04                strrchr
                0x0000000080009b17                strchr
 *fill*         0x0000000080009c09        0x3 00
 .text          0x0000000080009c0c       0xe2 ../lib/libcjtmos.a(dpi.o)
                0x0000000080009c9a                getdevicename
                0x0000000080009cd3                getcurdev
                0x0000000080009c79                registerNewDevice
                0x0000000080009c0c                DeviceCall
                0x0000000080009cb7                getdevicenrbyname
 *fill*         0x0000000080009cee        0x2 00
 .text          0x0000000080009cf0       0x8d ../lib/libcjtmos.a(error.o)
                0x0000000080009d62                perror
                0x0000000080009cf0                panic
                0x0000000080009d1e                LIBCERROR
 *fill*         0x0000000080009d7d        0x3 00
 .text          0x0000000080009d80       0x33 ../lib/libcjtmos.a(fflush.o)
                0x0000000080009d80                fflush
 *fill*         0x0000000080009db3        0x1 00
 .text          0x0000000080009db4       0x24 ../lib/libcjtmos.a(floor.o)
                0x0000000080009db4                floor
 .text          0x0000000080009dd8       0x94 ../lib/libcjtmos.a(fprintf.o)
                0x0000000080009dd8                fprintf
                0x0000000080009dfa                vfprintf
 .text          0x0000000080009e6c      0x210 ../lib/libcjtmos.a(sprintf.o)
                0x0000000080009e89                vsprintf
                0x0000000080009ea4                _vsprintf
                0x0000000080009e6c                sprintf
                0x000000008000a07c                etext = .
                0x000000008000a07c                _etext = .

.data           0x000000008000a07c      0x790
 *(.data)
 *fill*         0x000000008000a07c        0x4 00
 .data          0x000000008000a080       0x84 ../lib/libcjtmos.a(process.o)
                0x000000008000a0a0                SysCWD
                0x000000008000a080                SysSearchPath
 .data          0x000000008000a104        0x4 ../lib/libcjtmos.a(XXidentification.o)
                0x000000008000a104                XXidentificationString
 *fill*         0x000000008000a108       0x18 00
 .data          0x000000008000a120      0x148 ../lib/libcjtmos.a(floatconv.o)
 *(.rodata*)
 .rodata.str1.1
                0x000000008000a268       0x31 mv.o
 *fill*         0x000000008000a299        0x3 00
 .rodata.str1.4
                0x000000008000a29c       0x27 mv.o
 *fill*         0x000000008000a2c3        0x1 00
 .rodata.str1.4
                0x000000008000a2c4       0x20 ../lib/libcjtmos.a(init.o)
 .rodata.str1.4
                0x000000008000a2e4       0x2a ../lib/libcjtmos.a(malloc.o)
 .rodata.str1.1
                0x000000008000a30e       0x35 ../lib/libcjtmos.a(malloc.o)
 *fill*         0x000000008000a343        0x1 00
 .rodata.str1.4
                0x000000008000a344       0x77 ../lib/libcjtmos.a(mallocMain.o)
 .rodata.str1.1
                0x000000008000a3bb        0x2 ../lib/libcjtmos.a(numbers.o)
 .rodata.str1.1
                0x000000008000a3bd        0x7 ../lib/libcjtmos.a(printf.o)
 .rodata.str1.4
                0x000000008000a3c4       0x81 ../lib/libcjtmos.a(process.o)
 .rodata.str1.1
                0x000000008000a445        0x1 ../lib/libcjtmos.a(process.o)
 *fill*         0x000000008000a446        0x2 00
 .rodata        0x000000008000a448       0x8c ../lib/libcjtmos.a(string.o)
 .rodata.str1.1
                0x000000008000a4d4       0x31 ../lib/libcjtmos.a(string.o)
 *fill*         0x000000008000a505        0x3 00
 .rodata.str1.4
                0x000000008000a508       0x36 ../lib/libcjtmos.a(XXidentification.o)
 .rodata.str1.1
                0x000000008000a53e        0xc ../lib/libcjtmos.a(console.o)
 .rodata.str1.1
                0x000000008000a54a       0x5e ../lib/libcjtmos.a(ctypefamily.o)
 .rodata.cst4   0x000000008000a5a8        0x4 ../lib/libcjtmos.a(cvt.o)
 *fill*         0x000000008000a5ac        0x4 00
 .rodata.cst8   0x000000008000a5b0       0x10 ../lib/libcjtmos.a(cvt.o)
 .rodata.str1.4
                0x000000008000a5c0       0x62 ../lib/libcjtmos.a(file.o)
 .rodata.str1.1
                0x000000008000a622        0xa ../lib/libcjtmos.a(file.o)
 .rodata.str1.1
                0x000000008000a62c       0x17 ../lib/libcjtmos.a(filebuf.o)
 *fill*         0x000000008000a643        0x5 00
 .rodata.cst8   0x000000008000a648       0x38 ../lib/libcjtmos.a(floatconv.o)
 .rodata.cst4   0x000000008000a680       0x24 ../lib/libcjtmos.a(floatconv.o)
 .rodata        0x000000008000a6a4       0xd0 ../lib/libcjtmos.a(floatconv.o)
 .rodata.str1.1
                0x000000008000a774        0xf ../lib/libcjtmos.a(floatconv.o)
 .rodata.str1.1
                0x000000008000a783        0xb ../lib/libcjtmos.a(dpi.o)
 *fill*         0x000000008000a78e        0x2 00
 .rodata.str1.4
                0x000000008000a790       0x28 ../lib/libcjtmos.a(dpi.o)
 .rodata.str1.1
                0x000000008000a7b8       0x4c ../lib/libcjtmos.a(error.o)
 .rodata.str1.1
                0x000000008000a804        0x8 ../lib/libcjtmos.a(sprintf.o)
                0x000000008000a80c                edata = .
                0x000000008000a80c                _edata = .

.bss            0x000000008000a80c      0x1c4
 *(.bss)
 *fill*         0x000000008000a80c       0x14 00
 .bss           0x000000008000a820      0x12c ../lib/libcjtmos.a(init.o)
                0x000000008000a820                _libc_argc
                0x000000008000a824                _libc_argv
 .bss           0x000000008000a94c        0x8 ../lib/libcjtmos.a(process.o)
                0x000000008000a94c                errno
                0x000000008000a950                __djgpp_set_sigint_key
 .bss           0x000000008000a954        0x4 ../lib/libcjtmos.a(string.o)
 .bss           0x000000008000a958        0x4 ../lib/libcjtmos.a(atexit.o)
 *fill*         0x000000008000a95c        0x4 00
 .bss           0x000000008000a960       0x50 ../lib/libcjtmos.a(cvt.o)
 .bss           0x000000008000a9b0        0x8 ../lib/libcjtmos.a(floatconv.o)
 *(COMMON)
 COMMON         0x000000008000a9b8        0x8 mv.o
                                          0x0 (size before relaxing)
                0x000000008000a9b8                MALSTRU
 COMMON         0x000000008000a9c0        0x4 ../lib/libcjtmos.a(process.o)
                                          0x0 (size before relaxing)
                0x000000008000a9c0                ___djgpp_exception_state_ptr
 COMMON         0x000000008000a9c4        0xc ../lib/libcjtmos.a(file.o)
                                          0x0 (size before relaxing)
                0x000000008000a9c4                stdout
                0x000000008000a9c8                stdin
                0x000000008000a9cc                stderr
                0x000000008000a9d0                end = .
                0x000000008000a9d0                _end = .
                0x000000008000a9d0                appregionend = .
LOAD ../lib/libcjtmos.a
OUTPUT(mv.bin binary)

.comment        0x0000000000000000      0x383
 .comment       0x0000000000000000       0x1f ../libc/stlibc.o
 .comment       0x000000000000001f       0x1f mv.o
 .comment       0x000000000000003e       0x1f ../lib/libcjtmos.a(init.o)
 .comment       0x000000000000005d       0x1f ../lib/libcjtmos.a(malloc.o)
 .comment       0x000000000000007c       0x1f ../lib/libcjtmos.a(mallocMain.o)
 .comment       0x000000000000009b       0x1f ../lib/libcjtmos.a(numbers.o)
 .comment       0x00000000000000ba       0x1f ../lib/libcjtmos.a(printf.o)
 .comment       0x00000000000000d9       0x1f ../lib/libcjtmos.a(process.o)
 .comment       0x00000000000000f8       0x1f ../lib/libcjtmos.a(scall.o)
 .comment       0x0000000000000117       0x1f ../lib/libcjtmos.a(string.o)
 .comment       0x0000000000000136       0x1f ../lib/libcjtmos.a(strncat.o)
 .comment       0x0000000000000155       0x1f ../lib/libcjtmos.a(XXidentification.o)
 .comment       0x0000000000000174       0x1f ../lib/libcjtmos.a(atexit.o)
 .comment       0x0000000000000193       0x1f ../lib/libcjtmos.a(console.o)
 .comment       0x00000000000001b2       0x1f ../lib/libcjtmos.a(ctypefamily.o)
 .comment       0x00000000000001d1       0x1f ../lib/libcjtmos.a(cvt.o)
 .comment       0x00000000000001f0       0x1f ../lib/libcjtmos.a(date.o)
 .comment       0x000000000000020f       0x1f ../lib/libcjtmos.a(file.o)
 .comment       0x000000000000022e       0x1f ../lib/libcjtmos.a(filebuf.o)
 .comment       0x000000000000024d       0x1f ../lib/libcjtmos.a(floatconv.o)
 .comment       0x000000000000026c       0x1f ../lib/libcjtmos.a(fseek.o)
 .comment       0x000000000000028b       0x1f ../lib/libcjtmos.a(modf.o)
 .comment       0x00000000000002aa       0x1f ../lib/libcjtmos.a(strchr.o)
 .comment       0x00000000000002c9       0x1f ../lib/libcjtmos.a(dpi.o)
 .comment       0x00000000000002e8       0x1f ../lib/libcjtmos.a(error.o)
 .comment       0x0000000000000307       0x1f ../lib/libcjtmos.a(fflush.o)
 .comment       0x0000000000000326       0x1f ../lib/libcjtmos.a(floor.o)
 .comment       0x0000000000000345       0x1f ../lib/libcjtmos.a(fprintf.o)
 .comment       0x0000000000000364       0x1f ../lib/libcjtmos.a(sprintf.o)

.note.GNU-stack
                0x0000000000000000        0x0
