Archive member included       because of file (symbol)

../lib/libcjtmos.a(console.o)
                              net.o (gets)
../lib/libcjtmos.a(init.o)    ../libc/stlibc.o (init_libc)
../lib/libcjtmos.a(modal.o)   ../lib/libcjtmos.a(init.o) (malloc)
../lib/libcjtmos.a(network.o)
                              net.o (OpenSocket)
../lib/libcjtmos.a(printf.o)  net.o (printf)
../lib/libcjtmos.a(process.o)
                              ../lib/libcjtmos.a(init.o) (abort)
../lib/libcjtmos.a(sbrk.o)    ../lib/libcjtmos.a(modal.o) (sbrk)
../lib/libcjtmos.a(scall.o)   ../lib/libcjtmos.a(console.o) (scall)
../lib/libcjtmos.a(sprintf.o)
                              net.o (sprintf)
../lib/libcjtmos.a(sscanf.o)  net.o (sscanf)
../lib/libcjtmos.a(strchr.o)  ../lib/libcjtmos.a(process.o) (strchr)
../lib/libcjtmos.a(string.o)  ../lib/libcjtmos.a(modal.o) (bzero)
../lib/libcjtmos.a(strncat.o)
                              ../lib/libcjtmos.a(string.o) (strncat)
../lib/libcjtmos.a(XXidentification.o)
                              ../lib/libcjtmos.a(init.o) (XXidentificationString)
../lib/libcjtmos.a(atexit.o)  ../lib/libcjtmos.a(init.o) (run_atexit)
../lib/libcjtmos.a(ctypefamily.o)
                              ../lib/libcjtmos.a(printf.o) (isdigit)
../lib/libcjtmos.a(cvt.o)     ../lib/libcjtmos.a(string.o) (ecvt)
../lib/libcjtmos.a(date.o)    ../lib/libcjtmos.a(process.o) (getdate)
../lib/libcjtmos.a(dpi.o)     ../lib/libcjtmos.a(network.o) (DeviceCall)
../lib/libcjtmos.a(file.o)    ../lib/libcjtmos.a(init.o) (__fnewstream)
../lib/libcjtmos.a(filebuf.o)
                              ../lib/libcjtmos.a(process.o) (fgetc)
../lib/libcjtmos.a(floatconv.o)
                              ../lib/libcjtmos.a(string.o) (_IO_strtod)
../lib/libcjtmos.a(fopen.o)   ../lib/libcjtmos.a(file.o) (_fopen)
../lib/libcjtmos.a(fseek.o)   ../lib/libcjtmos.a(file.o) (fseek)
../lib/libcjtmos.a(memcpy.o)  ../lib/libcjtmos.a(string.o) (memcpy)
../lib/libcjtmos.a(modf.o)    ../lib/libcjtmos.a(cvt.o) (modf)
../lib/libcjtmos.a(numbers.o)
                              ../lib/libcjtmos.a(printf.o) (p32z)
../lib/libcjtmos.a(postsup.o)
                              ../lib/libcjtmos.a(process.o) (PostmanPost)
../lib/libcjtmos.a(dfile.o)   ../lib/libcjtmos.a(filebuf.o) (readfile)
../lib/libcjtmos.a(error.o)   ../lib/libcjtmos.a(file.o) (LIBCERROR)
../lib/libcjtmos.a(fflush.o)  ../lib/libcjtmos.a(file.o) (fflush)
../lib/libcjtmos.a(fgetsize.o)
                              ../lib/libcjtmos.a(file.o) (_fgetsize)
../lib/libcjtmos.a(floor.o)   ../lib/libcjtmos.a(modf.o) (floor)

Allocating common symbols
Common symbol       size              file

stdout              0x4               ../lib/libcjtmos.a(file.o)
___djgpp_exception_state_ptr
                    0x4               ../lib/libcjtmos.a(process.o)
MALSTRU             0x8               net.o
stdin               0x4               ../lib/libcjtmos.a(file.o)
stderr              0x4               ../lib/libcjtmos.a(file.o)

Memory Configuration

Name             Origin             Length             Attributes
*default*        0x00000000         0xffffffff

Linker script and memory map

LOAD ../libc/stlibc.o
LOAD net.o

.text           0x00010000     0x75e6
                0x00010000                _start=.
                0x00010000                appregionstart=.
 *(.text)
 .text          0x00010000       0x28 ../libc/stlibc.o
                0x00010000                libc_startup
 *fill*         0x00010028        0x8
 .text          0x00010030      0x17f net.o
                0x00010030                main
 *fill*         0x000101af        0x1
 .text          0x000101b0      0x31a ../lib/libcjtmos.a(console.o)
                0x00010380                putchar
                0x00010490                GetCTRL
                0x000101e0                gettextinfo
                0x000102d0                clrscr
                0x00010280                wherey
                0x000103e0                gets
                0x000104b0                GetALT
                0x000103c0                puts
                0x00010370                putch
                0x00010330                getch
                0x000102f0                getch1
                0x00010260                wherex
                0x00010240                textbackground
                0x000102a0                delay
                0x000103a0                gotoxy
                0x00010220                textcolor
                0x000101b0                ESCLOCK
 *fill*         0x000104ca        0x6
 .text          0x000104d0      0x143 ../lib/libcjtmos.a(init.o)
                0x000105b0                init_libc
                0x000104d0                libc_receiveargs
                0x00010560                libc_allocate_standard_streams
 *fill*         0x00010613        0xd
 .text          0x00010620      0xad7 ../lib/libcjtmos.a(modal.o)
                0x00010df0                malloc_stats
                0x00010ab0                __internal_malloc
                0x00011040                malloc
                0x00010bd0                calloc
                0x00010c10                malloc_usable_size
                0x00010880                malloc_from_sys
                0x00011000                realloc
                0x00010d00                memalign
                0x00010c00                cfree
                0x00010dc0                valloc
                0x00011090                free
 *fill*         0x000110f7        0x9
 .text          0x00011100       0xf0 ../lib/libcjtmos.a(network.o)
                0x000111a0                TransmitRawPacket
                0x00011140                CloseSocket
                0x00011180                WriteSocket
                0x00011120                OpenSocket
                0x00011100                htons
                0x00011160                ReadSocket
                0x000111d0                ReceiveRawPacket
 .text          0x000111f0      0x184 ../lib/libcjtmos.a(printf.o)
                0x000111f0                printf
                0x00011220                vprintf
 *fill*         0x00011374        0xc
 .text          0x00011380      0x80c ../lib/libcjtmos.a(process.o)
                0x000119d0                MilSleep
                0x00011530                GetCurrentTerminal
                0x00011780                strerror
                0x00011990                SwitchToThread
                0x00011380                SetTerminalOwner
                0x000117a0                WaitProcessTermination
                0x000118a0                cexecEx
                0x00011b80                getpagesize
                0x00011400                GetThreadUniquePID
                0x00011730                getc
                0x00011870                cexec
                0x00011470                enable_irq
                0x000117c0                system
                0x00011ae0                GetThreadCount
                0x00011b50                sleep
                0x00011420                diskChange
                0x00011a60                GetThreadPriority
                0x00011760                abort
                0x00011510                NewTerminal
                0x00011590                globalcopy
                0x00011750                stackavail
                0x00011a20                ExitThread
                0x000117f0                bgexec
                0x00011a50                SetThreadPriority
                0x000115e0                IdentifyThread
                0x000116c0                chdir
                0x000119f0                Sleep
                0x000119b0                GetTickCount
                0x000114d0                OutputTerminalKeyboardBuffer
                0x000114f0                InputTerminalKeyboardBuffer
                0x000114b0                CopyTerminal
                0x00011ac0                GetThreadMemoryUsage
                0x00011570                SetThreadTerminal
                0x00011620                receiveMessage
                0x00011940                KillThread
                0x00011aa0                GetThreadName
                0x000113c0                CreateTerminal
                0x00011550                GetThreadTerminal
                0x00011740                getchar
                0x00011b00                SleepSecond
                0x00011a30                GetCurrentThread
                0x000118f0                GetAmountFree
                0x00011680                getcwd
                0x00011a80                GetThreadSpending
                0x00011900                GetProgramStart
                0x00011440                setint
                0x00011640                sendMessage
                0x00011820                bgexecEx
                0x000115c0                GetSeconds
                0x00011960                exit
                0x00011600                GetThreadPID
                0x00011920                GetMemorySize
                0x00011490                GetCursorLocation
                0x000113e0                SwitchToThreadEx
                0x00011660                startMessageBox
                0x00011790                clock
                0x000113a0                GetTerminalOwner
                0x00011910                GetProgramEnd
 *fill*         0x00011b8c        0x4
 .text          0x00011b90       0x25 ../lib/libcjtmos.a(sbrk.o)
                0x00011b90                sbrk
 *fill*         0x00011bb5        0xb
 .text          0x00011bc0       0x2c ../lib/libcjtmos.a(scall.o)
                0x00011bc0                scall
 *fill*         0x00011bec        0x4
 .text          0x00011bf0      0x23b ../lib/libcjtmos.a(sprintf.o)
                0x00011bf0                sprintf
                0x00011c20                svprintf
 *fill*         0x00011e2b        0x5
 .text          0x00011e30      0x271 ../lib/libcjtmos.a(sscanf.o)
                0x00011e30                sscanf
                0x00011e60                svscanf
 *fill*         0x000120a1        0xf
 .text          0x000120b0       0xdc ../lib/libcjtmos.a(strchr.o)
                0x000120b0                strrchr
                0x000120d0                strchr
 *fill*         0x0001218c        0x4
 .text          0x00012190      0xed6 ../lib/libcjtmos.a(string.o)
                0x000122b0                strcpy
                0x00012bc0                vt2202asc
                0x00013010                StretchPrint
                0x000123c0                str2int
                0x00012ba0                asc2vt220
                0x00012ee0                sdouble
                0x00012190                bzero
                0x00012c10                hex2int
                0x000127d0                _sdec32
                0x00012510                shex16
                0x00012d30                readStringEx
                0x00012e90                strtod
                0x00012eb0                pdouble
                0x00012e40                atof
                0x00012370                strcat
                0x00012560                shex8
                0x00012cd0                strstr
                0x00012a70                CountWords
                0x00012760                sdec32
                0x00012c90                strncmp
                0x00012440                shex32z
                0x000121b0                bcopy
                0x00012e70                printfloat
                0x00012340                memset
                0x00012e60                stringfloat
                0x00012e10                skipSpaces
                0x000122f0                strcmp
                0x000121d0                GetRunningNumber
                0x000121f0                sptstr
                0x00012a40                isValidString
                0x00012dd0                seekTowardEnd
                0x00012ad0                strcpyarg
                0x000123b0                dec2int
                0x000124c0                shex32
                0x00012e30                atoi
                0x00012270                strlen
                0x000125a0                sdec32z
                0x000127b0                sudec32
                0x00012be0                hexchar2int
 *fill*         0x00013066        0xa
 .text          0x00013070       0x78 ../lib/libcjtmos.a(strncat.o)
                0x00013070                strncat
 *fill*         0x000130e8        0x8
 .text          0x000130f0       0x3a ../lib/libcjtmos.a(atexit.o)
                0x000130f0                run_atexit
                0x00013110                atexit
 *fill*         0x0001312a        0x6
 .text          0x00013130      0x239 ../lib/libcjtmos.a(ctypefamily.o)
                0x000132f0                islower
                0x00013130                tolower
                0x00013280                ispunct
                0x000132d0                isspace
                0x00013290                isxdigit
                0x00013310                isupper
                0x000131e0                isalpha
                0x00013360                isgraph
                0x000131d0                isalnum
                0x00013350                isprint
                0x00013230                isdigit
                0x00013270                iscntrl
                0x00013180                toupper
 *fill*         0x00013369        0x7
 .text          0x00013370      0x2b1 ../lib/libcjtmos.a(cvt.o)
                0x000133a0                fcvt
                0x00013370                ecvt
 *fill*         0x00013621        0xf
 .text          0x00013630       0xcc ../lib/libcjtmos.a(date.o)
                0x00013640                asctime
                0x000136d0                settimeofday
                0x00013650                ctime
                0x00013630                mktime
                0x000136e0                getdate
                0x000136c0                gettimeofday
                0x000136a0                localtime
                0x000136b0                time
                0x00013660                strftime
                0x00013670                strptime
                0x00013690                gmtime
                0x00013680                tzset
 *fill*         0x000136fc        0x4
 .text          0x00013700       0xfa ../lib/libcjtmos.a(dpi.o)
                0x000137a0                getdevicename
                0x000137e0                getcurdev
                0x00013770                registerNewDevice
                0x00013700                DeviceCall
                0x000137c0                getdevicenrbyname
 *fill*         0x000137fa        0x6
 .text          0x00013800      0x6a3 ../lib/libcjtmos.a(file.o)
                0x00013e80                _formatDrive
                0x00013ac0                fgets
                0x00013a40                remove
                0x00013930                __faddblocks
                0x00013d00                lseek
                0x000139a0                rename
                0x00013ca0                write
                0x00013c00                fprintf
                0x000138a0                fexist
                0x00013990                fsizeof
                0x00013860                ferror
                0x00013c80                read
                0x00013a30                unlink
                0x00013a90                __fnewstream
                0x00013d20                fread
                0x00013900                StringCheck
                0x00013850                clearerr
                0x00013800                putc
                0x00013d80                fwrite
                0x00013880                rewind
                0x00013820                freopen
                0x000138b0                __fexist
                0x00013870                fileno
                0x00013cc0                open
                0x00013e50                formatDrive
                0x00013b20                fputs
                0x00013ce0                close
                0x00013b80                vfprintf
 *fill*         0x00013ea3        0xd
 .text          0x00013eb0      0x2c0 ../lib/libcjtmos.a(filebuf.o)
                0x00014110                setlinebuf
                0x00014130                setvbuf
                0x00013ee0                frefresh_write
                0x000140e0                setbuffer
                0x00013f10                __fenlargebuf
                0x00013eb0                frefresh
                0x00013f80                fgetc
                0x00014020                fputc
                0x000140b0                setbuf
 .text          0x00014170     0x2e9c ../lib/libcjtmos.a(floatconv.o)
                0x00014db0                _IO_strtod
                0x00015ea0                _IO_dtoa
 *fill*         0x0001700c        0x4
 .text          0x00017010      0x17c ../lib/libcjtmos.a(fopen.o)
                0x00017010                __fcreate
                0x00017060                _fopen
                0x00017040                fopen
 *fill*         0x0001718c        0x4
 .text          0x00017190       0x99 ../lib/libcjtmos.a(fseek.o)
                0x00017190                fseek
 *fill*         0x00017229        0x7
 .text          0x00017230       0x17 ../lib/libcjtmos.a(memcpy.o)
                0x00017230                memcpy
 *fill*         0x00017247        0x9
 .text          0x00017250       0x29 ../lib/libcjtmos.a(modf.o)
                0x00017250                modf
 *fill*         0x00017279        0x7
 .text          0x00017280      0x141 ../lib/libcjtmos.a(numbers.o)
                0x00017370                pd32
                0x000173a0                pdz32
                0x000172b0                p16
                0x00017340                pdh32
                0x00017280                p8
                0x00017310                p32z
                0x000172e0                p32
 *fill*         0x000173c1        0xf
 .text          0x000173d0       0x22 ../lib/libcjtmos.a(postsup.o)
                0x000173d0                PostmanPost
 *fill*         0x000173f2        0xe
 .text          0x00017400       0xa6 ../lib/libcjtmos.a(dfile.o)
                0x00017450                writefile
                0x00017400                readfile
 *fill*         0x000174a6        0xa
 .text          0x000174b0       0x9b ../lib/libcjtmos.a(error.o)
                0x00017530                perror
                0x000174b0                panic
                0x000174e0                LIBCERROR
 *fill*         0x0001754b        0x5
 .text          0x00017550       0x2c ../lib/libcjtmos.a(fflush.o)
                0x00017550                fflush
 *fill*         0x0001757c        0x4
 .text          0x00017580       0x3d ../lib/libcjtmos.a(fgetsize.o)
                0x00017580                _fgetsize
 *fill*         0x000175bd        0x3
 .text          0x000175c0       0x26 ../lib/libcjtmos.a(floor.o)
                0x000175c0                floor
                0x000175e6                etext=.
                0x000175e6                _etext=.

.data           0x000175e6     0x1132
 *(.data)
 *fill*         0x000175e6        0x2
 .data          0x000175e8        0x8 ../lib/libcjtmos.a(init.o)
                0x000175e8                _libc_argc
                0x000175ec                _libc_argv
 *fill*         0x000175f0       0x10
 .data          0x00017600      0x800 ../lib/libcjtmos.a(modal.o)
                0x00017da0                __customalloc_FreeList
 .data          0x00017e00       0x84 ../lib/libcjtmos.a(process.o)
                0x00017e00                errno
                0x00017e04                __djgpp_set_sigint_key
                0x00017e20                SysCWD
                0x00017e08                SysSearchPath
 .data          0x00017e84        0x4 ../lib/libcjtmos.a(sbrk.o)
 .data          0x00017e88        0x4 ../lib/libcjtmos.a(string.o)
 .data          0x00017e8c        0x4 ../lib/libcjtmos.a(XXidentification.o)
                0x00017e8c                XXidentificationString
 .data          0x00017e90        0x4 ../lib/libcjtmos.a(atexit.o)
                0x00017e90                __atex
 *fill*         0x00017e94        0x4
 .data          0x00017e98      0x124 ../lib/libcjtmos.a(floatconv.o)
 *(.rodata)
 *fill*         0x00017fbc        0x4
 .rodata        0x00017fc0      0x111 net.o
 .rodata        0x000180d1        0xc ../lib/libcjtmos.a(console.o)
 .rodata        0x000180dd       0x1e ../lib/libcjtmos.a(init.o)
 *fill*         0x000180fb        0x5
 .rodata        0x00018100       0x2f ../lib/libcjtmos.a(modal.o)
 .rodata        0x0001812f        0x7 ../lib/libcjtmos.a(printf.o)
 *fill*         0x00018136        0xa
 .rodata        0x00018140       0xb1 ../lib/libcjtmos.a(process.o)
 .rodata        0x000181f1        0x8 ../lib/libcjtmos.a(sprintf.o)
 .rodata        0x000181f9        0x2 ../lib/libcjtmos.a(sscanf.o)
 *fill*         0x000181fb        0x1
 .rodata        0x000181fc       0xbe ../lib/libcjtmos.a(string.o)
 *fill*         0x000182ba        0x6
 .rodata        0x000182c0       0x36 ../lib/libcjtmos.a(XXidentification.o)
 .rodata        0x000182f6       0x5e ../lib/libcjtmos.a(ctypefamily.o)
 *fill*         0x00018354        0x4
 .rodata        0x00018358       0x18 ../lib/libcjtmos.a(cvt.o)
 *fill*         0x00018370       0x10
 .rodata        0x00018380       0x48 ../lib/libcjtmos.a(dpi.o)
 *fill*         0x000183c8       0x18
 .rodata        0x000183e0       0x8a ../lib/libcjtmos.a(file.o)
 *fill*         0x0001846a       0x16
 .rodata        0x00018480       0x59 ../lib/libcjtmos.a(filebuf.o)
 *fill*         0x000184d9        0x7
 .rodata        0x000184e0      0x158 ../lib/libcjtmos.a(floatconv.o)
 *fill*         0x00018638        0x8
 .rodata        0x00018640       0x8a ../lib/libcjtmos.a(fopen.o)
 .rodata        0x000186ca        0x2 ../lib/libcjtmos.a(numbers.o)
 .rodata        0x000186cc       0x4c ../lib/libcjtmos.a(error.o)
                0x00018718                edata=.
                0x00018718                _edata=.

.bss            0x00018718      0x5ac
 *(.bss)
 *fill*         0x00018718        0x8
 .bss           0x00018720      0x10c ../lib/libcjtmos.a(init.o)
 .bss           0x0001882c        0x4 ../lib/libcjtmos.a(modal.o)
 *fill*         0x00018830       0x10
 .bss           0x00018840       0xac ../lib/libcjtmos.a(process.o)
 *fill*         0x000188ec       0x14
 .bss           0x00018900       0x50 ../lib/libcjtmos.a(cvt.o)
 *fill*         0x00018950       0x10
 .bss           0x00018960      0x1cc ../lib/libcjtmos.a(file.o)
 .bss           0x00018b2c        0x4 ../lib/libcjtmos.a(floatconv.o)
 *fill*         0x00018b30       0x10
 .bss           0x00018b40       0x4c ../lib/libcjtmos.a(fopen.o)
 *fill*         0x00018b8c       0x14
 .bss           0x00018ba0       0xac ../lib/libcjtmos.a(dfile.o)
 *fill*         0x00018c4c       0x14
 .bss           0x00018c60       0x4c ../lib/libcjtmos.a(fgetsize.o)
 *(COMMON)
 COMMON         0x00018cac        0x8 net.o
                                  0x0 (size before relaxing)
                0x00018cac                MALSTRU
 COMMON         0x00018cb4        0x4 ../lib/libcjtmos.a(process.o)
                                  0x0 (size before relaxing)
                0x00018cb4                ___djgpp_exception_state_ptr
 COMMON         0x00018cb8        0xc ../lib/libcjtmos.a(file.o)
                                  0x0 (size before relaxing)
                0x00018cb8                stdout
                0x00018cbc                stdin
                0x00018cc0                stderr
                0x00018cc4                end=.
                0x00018cc4                _end=.
                0x00018cc4                appregionend=.
LOAD ../lib/libcjtmos.a
OUTPUT(net.bin binary)

.comment        0x00018cc4      0x7de
 .comment       0x00018cc4       0x1f ../libc/stlibc.o
 .comment       0x00018ce3       0x3d net.o
 .comment       0x00018d20       0x3d ../lib/libcjtmos.a(console.o)
 .comment       0x00018d5d       0x3d ../lib/libcjtmos.a(init.o)
 .comment       0x00018d9a       0x3d ../lib/libcjtmos.a(modal.o)
 .comment       0x00018dd7       0x3d ../lib/libcjtmos.a(network.o)
 .comment       0x00018e14       0x3d ../lib/libcjtmos.a(printf.o)
 .comment       0x00018e51       0x3d ../lib/libcjtmos.a(process.o)
 .comment       0x00018e8e       0x3d ../lib/libcjtmos.a(sbrk.o)
 .comment       0x00018ecb       0x1f ../lib/libcjtmos.a(scall.o)
 .comment       0x00018eea       0x3d ../lib/libcjtmos.a(sprintf.o)
 .comment       0x00018f27       0x3d ../lib/libcjtmos.a(sscanf.o)
 .comment       0x00018f64       0x3d ../lib/libcjtmos.a(strchr.o)
 .comment       0x00018fa1       0x3d ../lib/libcjtmos.a(string.o)
 .comment       0x00018fde       0x3d ../lib/libcjtmos.a(strncat.o)
 .comment       0x0001901b       0x3d ../lib/libcjtmos.a(XXidentification.o)
 .comment       0x00019058       0x3d ../lib/libcjtmos.a(atexit.o)
 .comment       0x00019095       0x3d ../lib/libcjtmos.a(ctypefamily.o)
 .comment       0x000190d2       0x3d ../lib/libcjtmos.a(cvt.o)
 .comment       0x0001910f       0x3d ../lib/libcjtmos.a(date.o)
 .comment       0x0001914c       0x3d ../lib/libcjtmos.a(dpi.o)
 .comment       0x00019189       0x3d ../lib/libcjtmos.a(file.o)
 .comment       0x000191c6       0x3d ../lib/libcjtmos.a(filebuf.o)
 .comment       0x00019203       0x3d ../lib/libcjtmos.a(floatconv.o)
 .comment       0x00019240       0x3d ../lib/libcjtmos.a(fopen.o)
 .comment       0x0001927d       0x3d ../lib/libcjtmos.a(fseek.o)
 .comment       0x000192ba       0x3d ../lib/libcjtmos.a(modf.o)
 .comment       0x000192f7       0x3d ../lib/libcjtmos.a(numbers.o)
 .comment       0x00019334       0x3d ../lib/libcjtmos.a(postsup.o)
 .comment       0x00019371       0x3d ../lib/libcjtmos.a(dfile.o)
 .comment       0x000193ae       0x3d ../lib/libcjtmos.a(error.o)
 .comment       0x000193eb       0x3d ../lib/libcjtmos.a(fflush.o)
 .comment       0x00019428       0x3d ../lib/libcjtmos.a(fgetsize.o)
 .comment       0x00019465       0x3d ../lib/libcjtmos.a(floor.o)

.note           0x00018cc4      0x280
 .note          0x00018cc4       0x14 net.o
 .note          0x00018cd8       0x14 ../lib/libcjtmos.a(console.o)
 .note          0x00018cec       0x14 ../lib/libcjtmos.a(init.o)
 .note          0x00018d00       0x14 ../lib/libcjtmos.a(modal.o)
 .note          0x00018d14       0x14 ../lib/libcjtmos.a(network.o)
 .note          0x00018d28       0x14 ../lib/libcjtmos.a(printf.o)
 .note          0x00018d3c       0x14 ../lib/libcjtmos.a(process.o)
 .note          0x00018d50       0x14 ../lib/libcjtmos.a(sbrk.o)
 .note          0x00018d64       0x14 ../lib/libcjtmos.a(sprintf.o)
 .note          0x00018d78       0x14 ../lib/libcjtmos.a(sscanf.o)
 .note          0x00018d8c       0x14 ../lib/libcjtmos.a(strchr.o)
 .note          0x00018da0       0x14 ../lib/libcjtmos.a(string.o)
 .note          0x00018db4       0x14 ../lib/libcjtmos.a(strncat.o)
 .note          0x00018dc8       0x14 ../lib/libcjtmos.a(XXidentification.o)
 .note          0x00018ddc       0x14 ../lib/libcjtmos.a(atexit.o)
 .note          0x00018df0       0x14 ../lib/libcjtmos.a(ctypefamily.o)
 .note          0x00018e04       0x14 ../lib/libcjtmos.a(cvt.o)
 .note          0x00018e18       0x14 ../lib/libcjtmos.a(date.o)
 .note          0x00018e2c       0x14 ../lib/libcjtmos.a(dpi.o)
 .note          0x00018e40       0x14 ../lib/libcjtmos.a(file.o)
 .note          0x00018e54       0x14 ../lib/libcjtmos.a(filebuf.o)
 .note          0x00018e68       0x14 ../lib/libcjtmos.a(floatconv.o)
 .note          0x00018e7c       0x14 ../lib/libcjtmos.a(fopen.o)
 .note          0x00018e90       0x14 ../lib/libcjtmos.a(fseek.o)
 .note          0x00018ea4       0x14 ../lib/libcjtmos.a(modf.o)
 .note          0x00018eb8       0x14 ../lib/libcjtmos.a(numbers.o)
 .note          0x00018ecc       0x14 ../lib/libcjtmos.a(postsup.o)
 .note          0x00018ee0       0x14 ../lib/libcjtmos.a(dfile.o)
 .note          0x00018ef4       0x14 ../lib/libcjtmos.a(error.o)
 .note          0x00018f08       0x14 ../lib/libcjtmos.a(fflush.o)
 .note          0x00018f1c       0x14 ../lib/libcjtmos.a(fgetsize.o)
 .note          0x00018f30       0x14 ../lib/libcjtmos.a(floor.o)
