Archive member included       because of file (symbol)

../lib/libcjtmos.a(directdisk.o)
                              sqdskMain.o (getdevnrbyname)
../lib/libcjtmos.a(file.o)    sqdsk.o (_fsetsize)
../lib/libcjtmos.a(filebuf.o)
                              ../lib/libcjtmos.a(file.o) (frefresh)
../lib/libcjtmos.a(init.o)    ../libc/stlibc.o (init_libc)
../lib/libcjtmos.a(memcpy.o)  ../lib/libcjtmos.a(filebuf.o) (memcpy)
../lib/libcjtmos.a(modal.o)   sqdsk.o (malloc)
../lib/libcjtmos.a(postsup.o)
                              ../lib/libcjtmos.a(directdisk.o) (PostmanWaitAck)
../lib/libcjtmos.a(printf.o)  sqdsk.o (printf)
../lib/libcjtmos.a(process.o)
                              ../lib/libcjtmos.a(init.o) (abort)
../lib/libcjtmos.a(sbrk.o)    ../lib/libcjtmos.a(modal.o) (sbrk)
../lib/libcjtmos.a(scall.o)   ../lib/libcjtmos.a(directdisk.o) (scall)
../lib/libcjtmos.a(sprintf.o)
                              ../lib/libcjtmos.a(file.o) (svprintf)
../lib/libcjtmos.a(strchr.o)  ../lib/libcjtmos.a(process.o) (strchr)
../lib/libcjtmos.a(string.o)  ../lib/libcjtmos.a(modal.o) (bzero)
../lib/libcjtmos.a(strncat.o)
                              ../lib/libcjtmos.a(string.o) (strncat)
../lib/libcjtmos.a(strncpy.o)
                              ../lib/libcjtmos.a(process.o) (strncpy)
../lib/libcjtmos.a(XXidentification.o)
                              ../lib/libcjtmos.a(init.o) (XXidentificationString)
../lib/libcjtmos.a(atexit.o)  ../lib/libcjtmos.a(init.o) (run_atexit)
../lib/libcjtmos.a(console.o)
                              ../lib/libcjtmos.a(filebuf.o) (getch)
../lib/libcjtmos.a(ctypefamily.o)
                              ../lib/libcjtmos.a(printf.o) (isdigit)
../lib/libcjtmos.a(cvt.o)     ../lib/libcjtmos.a(string.o) (ecvt)
../lib/libcjtmos.a(date.o)    ../lib/libcjtmos.a(process.o) (getdate)
../lib/libcjtmos.a(dfile.o)   ../lib/libcjtmos.a(filebuf.o) (readfile)
../lib/libcjtmos.a(error.o)   ../lib/libcjtmos.a(file.o) (LIBCERROR)
../lib/libcjtmos.a(floatconv.o)
                              ../lib/libcjtmos.a(string.o) (_IO_strtod)
../lib/libcjtmos.a(modf.o)    ../lib/libcjtmos.a(cvt.o) (modf)
../lib/libcjtmos.a(numbers.o)
                              ../lib/libcjtmos.a(printf.o) (p32z)
../lib/libcjtmos.a(floor.o)   ../lib/libcjtmos.a(modf.o) (floor)

Allocating common symbols
Common symbol       size              file

stdout              0x4               ../lib/libcjtmos.a(file.o)
___djgpp_exception_state_ptr
                    0x4               ../lib/libcjtmos.a(process.o)
MALSTRU             0x8               sqdsk.o
stdin               0x4               ../lib/libcjtmos.a(file.o)
sqdsk               0x1c              sqdsk.o
stderr              0x4               ../lib/libcjtmos.a(file.o)

Memory Configuration

Name             Origin             Length             Attributes
*default*        0x00000000         0xffffffff

Linker script and memory map

LOAD ../libc/stlibc.o
LOAD sqdsk.o
LOAD sqdskMain.o

.text           0x00010000     0x7bc6
                0x00010000                _start=.
                0x00010000                appregionstart=.
 *(.text)
 .text          0x00010000       0x28 ../libc/stlibc.o
                0x00010000                libc_startup
 *fill*         0x00010028        0x8
 .text          0x00010030      0x45b sqdsk.o
                0x000101e0                read_entrydescs
                0x00010080                block_getchar
                0x000100d0                read_header
                0x00010030                block_seek
                0x000103f0                extract_archive
                0x00010050                read_location
                0x000102b0                extract_entries
 *fill*         0x0001048b        0x5
 .text          0x00010490      0x193 sqdskMain.o
                0x00010490                main
 *fill*         0x00010623        0xd
 .text          0x00010630       0xfb ../lib/libcjtmos.a(directdisk.o)
                0x000106d0                writeblock
                0x00010670                readblock
                0x00010630                getdevnrbyname
 *fill*         0x0001072b        0x5
 .text          0x00010730      0xb89 ../lib/libcjtmos.a(file.o)
                0x00011270                _formatDrive
                0x000111e0                getdevicename
                0x00010e90                fgets
                0x00011220                getcurdev
                0x00010760                feof
                0x00010ba0                remove
                0x000109d0                __faddblocks
                0x00010df0                fflush
                0x00010c10                __fcreate
                0x00010ae0                rename
                0x000107d0                _fsetsize
                0x00010fd0                fprintf
                0x00010920                fexist
                0x00010880                fseek
                0x00010a60                fsizeof
                0x000107b0                ferror
                0x00010b90                unlink
                0x00010cc0                _fopen
                0x00010c70                __fnewstream
                0x000110b0                fread
                0x00010ca0                fopen
                0x000109a0                StringCheck
                0x00011200                getdevicenrbyname
                0x00010840                ftell
                0x000107a0                clearerr
                0x00010e20                fclose
                0x00011110                fwrite
                0x00010860                rewind
                0x00010730                freopen
                0x00010930                __fexist
                0x00010a70                __fgetfilesize
                0x000107c0                fileno
                0x00011050                open
                0x00011240                formatDrive
                0x00010ef0                fputs
                0x00011060                close
                0x00010f50                vfprintf
 *fill*         0x000112b9        0x7
 .text          0x000112c0      0x2e0 ../lib/libcjtmos.a(filebuf.o)
                0x00011540                setlinebuf
                0x00011560                setvbuf
                0x000112f0                frefresh_write
                0x00011510                setbuffer
                0x00011320                __fenlargebuf
                0x000112c0                frefresh
                0x00011430                putc
                0x00011390                fgetc
                0x00011450                fputc
                0x000114e0                setbuf
 .text          0x000115a0      0x153 ../lib/libcjtmos.a(init.o)
                0x00011690                init_libc
                0x000115a0                libc_receiveargs
                0x00011640                libc_allocate_standard_streams
 *fill*         0x000116f3        0xd
 .text          0x00011700       0x17 ../lib/libcjtmos.a(memcpy.o)
                0x00011700                memcpy
 *fill*         0x00011717        0x9
 .text          0x00011720      0xad7 ../lib/libcjtmos.a(modal.o)
                0x00011ef0                malloc_stats
                0x00011bb0                __internal_malloc
                0x00012140                malloc
                0x00011cd0                calloc
                0x00011d10                malloc_usable_size
                0x00011980                malloc_from_sys
                0x00012100                realloc
                0x00011e00                memalign
                0x00011d00                cfree
                0x00011ec0                valloc
                0x00012190                free
 *fill*         0x000121f7        0x9
 .text          0x00012200       0x24 ../lib/libcjtmos.a(postsup.o)
                0x00012200                PostmanWaitAck
 *fill*         0x00012224        0xc
 .text          0x00012230      0x1a4 ../lib/libcjtmos.a(printf.o)
                0x00012230                printf
                0x00012280                vprintf
 *fill*         0x000123d4        0xc
 .text          0x000123e0      0x95c ../lib/libcjtmos.a(process.o)
                0x00012810                strerror
                0x00012830                WaitProcessTermination
                0x00012d30                getpagesize
                0x000123e0                GetThreadUniquePID
                0x000127c0                getc
                0x00012a50                cexec
                0x00012450                enable_irq
                0x00012850                system
                0x00012c90                GetThreadCount
                0x00012d00                sleep
                0x00012400                diskChange
                0x00012c10                GetThreadPriority
                0x000127f0                abort
                0x000124f0                NewTerminal
                0x00012550                globalcopy
                0x000127e0                stackavail
                0x00012bd0                ExitThread
                0x000129f0                bgexec
                0x00012b50                idle_moment
                0x00012c00                SetThreadPriority
                0x000125a0                IdentifyThread
                0x00012660                chdir
                0x00012ba0                Sleep
                0x00012b80                GetTickCount
                0x000124b0                OutputTerminalKeyboardBuffer
                0x000124d0                InputTerminalKeyboardBuffer
                0x00012490                CopyTerminal
                0x00012c70                GetThreadMemoryUsage
                0x00012530                SetThreadTerminal
                0x000125e0                receiveMessage
                0x00012b00                KillThread
                0x00012c50                GetThreadName
                0x00012510                GetThreadTerminal
                0x000127d0                getchar
                0x00012cb0                SleepSecond
                0x00012be0                GetCurrentThread
                0x00012b60                idle_thread
                0x00012ab0                GetAmountFree
                0x00012640                getcwd
                0x00012c30                GetThreadSpending
                0x00012ac0                GetProgramStart
                0x00012420                setint
                0x00012600                sendMessage
                0x00012580                GetSeconds
                0x00012b20                exit
                0x000125c0                GetThreadPID
                0x00012ae0                GetMemorySize
                0x00012470                GetCursorLocation
                0x00012620                startMessageBox
                0x00012820                clock
                0x00012ad0                GetProgramEnd
                0x00012990                _system
 *fill*         0x00012d3c        0x4
 .text          0x00012d40       0x25 ../lib/libcjtmos.a(sbrk.o)
                0x00012d40                sbrk
 *fill*         0x00012d65        0xb
 .text          0x00012d70       0x2c ../lib/libcjtmos.a(scall.o)
                0x00012d70                scall
 *fill*         0x00012d9c        0x4
 .text          0x00012da0      0x23b ../lib/libcjtmos.a(sprintf.o)
                0x00012da0                sprintf
                0x00012dd0                svprintf
 *fill*         0x00012fdb        0x5
 .text          0x00012fe0       0xbc ../lib/libcjtmos.a(strchr.o)
                0x00012fe0                strchr
 *fill*         0x0001309c        0x4
 .text          0x000130a0      0xed6 ../lib/libcjtmos.a(string.o)
                0x000131c0                strcpy
                0x00013ad0                vt2202asc
                0x00013f20                StretchPrint
                0x000132d0                str2int
                0x00013ab0                asc2vt220
                0x00013df0                sdouble
                0x000130a0                bzero
                0x00013b20                hex2int
                0x000136e0                _sdec32
                0x00013420                shex16
                0x00013c40                readStringEx
                0x00013da0                strtod
                0x00013dc0                pdouble
                0x00013d50                atof
                0x00013280                strcat
                0x00013470                shex8
                0x00013be0                strstr
                0x00013980                CountWords
                0x00013670                sdec32
                0x00013ba0                strncmp
                0x00013350                shex32z
                0x000130c0                bcopy
                0x00013d80                printfloat
                0x00013250                memset
                0x00013d70                stringfloat
                0x00013d20                skipSpaces
                0x00013200                strcmp
                0x000130e0                GetRunningNumber
                0x00013100                sptstr
                0x00013950                isValidString
                0x00013ce0                seekTowardEnd
                0x000139e0                strcpyarg
                0x000132c0                dec2int
                0x000133d0                shex32
                0x00013d40                atoi
                0x00013180                strlen
                0x000134b0                sdec32z
                0x000136c0                sudec32
                0x00013af0                hexchar2int
 *fill*         0x00013f76        0xa
 .text          0x00013f80       0x78 ../lib/libcjtmos.a(strncat.o)
                0x00013f80                strncat
 *fill*         0x00013ff8        0x8
 .text          0x00014000       0x8a ../lib/libcjtmos.a(strncpy.o)
                0x00014000                strncpy
 *fill*         0x0001408a        0x2
 *fill*         0x0001408c        0x4
 .text          0x00014090       0x3a ../lib/libcjtmos.a(atexit.o)
                0x00014090                run_atexit
                0x000140b0                atexit
 *fill*         0x000140ca        0x6
 .text          0x000140d0      0x35a ../lib/libcjtmos.a(console.o)
                0x000142c0                putchar
                0x000143f0                GetCTRL
                0x00014100                gettextinfo
                0x00014200                clrscr
                0x000141a0                wherey
                0x00014340                gets
                0x00014410                GetALT
                0x00014300                puts
                0x000142b0                putch
                0x00014260                getch
                0x00014220                getch1
                0x00014180                wherex
                0x00014160                textbackground
                0x000141c0                delay
                0x000142e0                gotoxy
                0x00014140                textcolor
                0x000140d0                ESCLOCK
 *fill*         0x0001442a        0x6
 .text          0x00014430      0x239 ../lib/libcjtmos.a(ctypefamily.o)
                0x000145f0                islower
                0x00014430                tolower
                0x00014580                ispunct
                0x000145d0                isspace
                0x00014590                isxdigit
                0x00014610                isupper
                0x000144e0                isalpha
                0x00014660                isgraph
                0x000144d0                isalnum
                0x00014650                isprint
                0x00014530                isdigit
                0x00014570                iscntrl
                0x00014480                toupper
 *fill*         0x00014669        0x7
 .text          0x00014670      0x2b1 ../lib/libcjtmos.a(cvt.o)
                0x000146a0                fcvt
                0x00014670                ecvt
 *fill*         0x00014921        0xf
 .text          0x00014930       0xce ../lib/libcjtmos.a(date.o)
                0x00014940                asctime
                0x000149d0                settimeofday
                0x00014950                ctime
                0x00014930                mktime
                0x000149e0                getdate
                0x000149c0                gettimeofday
                0x000149a0                localtime
                0x000149b0                time
                0x00014960                strftime
                0x00014970                strptime
                0x00014990                gmtime
                0x00014980                tzset
 *fill*         0x000149fe        0x2
 .text          0x00014a00       0xd3 ../lib/libcjtmos.a(dfile.o)
                0x00014a60                writefile
                0x00014a00                readfile
 *fill*         0x00014ad3        0xd
 .text          0x00014ae0       0x9b ../lib/libcjtmos.a(error.o)
                0x00014b60                perror
                0x00014ae0                panic
                0x00014b10                LIBCERROR
 *fill*         0x00014b7b        0x5
 .text          0x00014b80     0x2e9c ../lib/libcjtmos.a(floatconv.o)
                0x000157c0                _IO_strtod
                0x000168b0                _IO_dtoa
 *fill*         0x00017a1c        0x4
 .text          0x00017a20       0x29 ../lib/libcjtmos.a(modf.o)
                0x00017a20                modf
 *fill*         0x00017a49        0x7
 .text          0x00017a50      0x141 ../lib/libcjtmos.a(numbers.o)
                0x00017b40                pd32
                0x00017b70                pdz32
                0x00017a80                p16
                0x00017b10                pdh32
                0x00017a50                p8
                0x00017ae0                p32z
                0x00017ab0                p32
 *fill*         0x00017b91        0xf
 .text          0x00017ba0       0x26 ../lib/libcjtmos.a(floor.o)
                0x00017ba0                floor
                0x00017bc6                etext=.
                0x00017bc6                _etext=.

.data           0x00017bc6     0x143c
 *(.data)
 *fill*         0x00017bc6       0x1a
 .data          0x00017be0      0x230 sqdsk.o
                0x00017be0                usingDevice
                0x00017c00                tmp
                0x00017be4                deviceNr
                0x00017e04                blockOffs
                0x00017e0c                seloffs
                0x00017e00                blockNr
                0x00017e08                dataOffs
 .data          0x00017e10       0x14 sqdskMain.o
 .data          0x00017e24        0x8 ../lib/libcjtmos.a(init.o)
                0x00017e24                _libc_argc
                0x00017e28                _libc_argv
 *fill*         0x00017e2c       0x14
 .data          0x00017e40      0x800 ../lib/libcjtmos.a(modal.o)
                0x000185e0                __customalloc_FreeList
 .data          0x00018640        0x4 ../lib/libcjtmos.a(printf.o)
                0x00018640                printf_busy
 *fill*         0x00018644       0x1c
 .data          0x00018660       0x84 ../lib/libcjtmos.a(process.o)
                0x00018660                errno
                0x00018664                __djgpp_set_sigint_key
                0x00018680                SysCWD
                0x00018668                SysSearchPath
 .data          0x000186e4        0x4 ../lib/libcjtmos.a(sbrk.o)
 .data          0x000186e8        0x4 ../lib/libcjtmos.a(string.o)
 .data          0x000186ec        0x4 ../lib/libcjtmos.a(XXidentification.o)
                0x000186ec                XXidentificationString
 .data          0x000186f0        0x4 ../lib/libcjtmos.a(atexit.o)
                0x000186f0                __atex
 *fill*         0x000186f4        0x4
 .data          0x000186f8      0x124 ../lib/libcjtmos.a(floatconv.o)
 *(.rodata)
 *fill*         0x0001881c        0x4
 .rodata        0x00018820       0xf3 sqdsk.o
 *fill*         0x00018913        0xd
 .rodata        0x00018920      0x141 sqdskMain.o
 *fill*         0x00018a61       0x1f
 .rodata        0x00018a80       0xca ../lib/libcjtmos.a(file.o)
 *fill*         0x00018b4a       0x16
 .rodata        0x00018b60       0x59 ../lib/libcjtmos.a(filebuf.o)
 .rodata        0x00018bb9       0x1e ../lib/libcjtmos.a(init.o)
 *fill*         0x00018bd7        0x9
 .rodata        0x00018be0       0x2f ../lib/libcjtmos.a(modal.o)
 .rodata        0x00018c0f        0x7 ../lib/libcjtmos.a(printf.o)
 *fill*         0x00018c16        0xa
 .rodata        0x00018c20       0xb1 ../lib/libcjtmos.a(process.o)
 .rodata        0x00018cd1        0x8 ../lib/libcjtmos.a(sprintf.o)
 *fill*         0x00018cd9        0x3
 .rodata        0x00018cdc       0xbe ../lib/libcjtmos.a(string.o)
 *fill*         0x00018d9a        0x6
 .rodata        0x00018da0       0x36 ../lib/libcjtmos.a(XXidentification.o)
 .rodata        0x00018dd6        0xc ../lib/libcjtmos.a(console.o)
 .rodata        0x00018de2       0x5e ../lib/libcjtmos.a(ctypefamily.o)
 .rodata        0x00018e40       0x18 ../lib/libcjtmos.a(cvt.o)
 .rodata        0x00018e58       0x4c ../lib/libcjtmos.a(error.o)
 *fill*         0x00018ea4        0x4
 .rodata        0x00018ea8      0x158 ../lib/libcjtmos.a(floatconv.o)
 .rodata        0x00019000        0x2 ../lib/libcjtmos.a(numbers.o)
                0x00019002                edata=.
                0x00019002                _edata=.

.bss            0x00019002      0x6fa
 *(.bss)
 *fill*         0x00019002        0x2
 *fill*         0x00019004       0x1c
 .bss           0x00019020       0xa4 ../lib/libcjtmos.a(directdisk.o)
 *fill*         0x000190c4       0x1c
 .bss           0x000190e0      0x344 ../lib/libcjtmos.a(file.o)
 *fill*         0x00019424       0x1c
 .bss           0x00019440      0x10c ../lib/libcjtmos.a(init.o)
 .bss           0x0001954c        0x4 ../lib/libcjtmos.a(modal.o)
 *fill*         0x00019550       0x10
 .bss           0x00019560       0x44 ../lib/libcjtmos.a(process.o)
 *fill*         0x000195a4       0x1c
 .bss           0x000195c0       0x50 ../lib/libcjtmos.a(cvt.o)
 *fill*         0x00019610       0x10
 .bss           0x00019620       0xa4 ../lib/libcjtmos.a(dfile.o)
 .bss           0x000196c4        0x4 ../lib/libcjtmos.a(floatconv.o)
 *(COMMON)
 COMMON         0x000196c8       0x24 sqdsk.o
                                  0x0 (size before relaxing)
                0x000196c8                MALSTRU
                0x000196d0                sqdsk
 COMMON         0x000196ec        0xc ../lib/libcjtmos.a(file.o)
                                  0x0 (size before relaxing)
                0x000196ec                stdout
                0x000196f0                stdin
                0x000196f4                stderr
 COMMON         0x000196f8        0x4 ../lib/libcjtmos.a(process.o)
                                  0x0 (size before relaxing)
                0x000196f8                ___djgpp_exception_state_ptr
                0x000196fc                end=.
                0x000196fc                _end=.
                0x000196fc                appregionend=.
LOAD ../lib/libcjtmos.a
OUTPUT(sqdsk.bin binary)

.comment        0x000196fc      0x6ea
 .comment       0x000196fc       0x1f ../libc/stlibc.o
 .comment       0x0001971b       0x3d sqdsk.o
 .comment       0x00019758       0x3d sqdskMain.o
 .comment       0x00019795       0x3d ../lib/libcjtmos.a(directdisk.o)
 .comment       0x000197d2       0x3d ../lib/libcjtmos.a(file.o)
 .comment       0x0001980f       0x3d ../lib/libcjtmos.a(filebuf.o)
 .comment       0x0001984c       0x3d ../lib/libcjtmos.a(init.o)
 .comment       0x00019889       0x3d ../lib/libcjtmos.a(modal.o)
 .comment       0x000198c6       0x3d ../lib/libcjtmos.a(postsup.o)
 .comment       0x00019903       0x3d ../lib/libcjtmos.a(printf.o)
 .comment       0x00019940       0x3d ../lib/libcjtmos.a(process.o)
 .comment       0x0001997d       0x3d ../lib/libcjtmos.a(sbrk.o)
 .comment       0x000199ba       0x1f ../lib/libcjtmos.a(scall.o)
 .comment       0x000199d9       0x3d ../lib/libcjtmos.a(sprintf.o)
 .comment       0x00019a16       0x3d ../lib/libcjtmos.a(strchr.o)
 .comment       0x00019a53       0x3d ../lib/libcjtmos.a(string.o)
 .comment       0x00019a90       0x3d ../lib/libcjtmos.a(strncat.o)
 .comment       0x00019acd       0x3d ../lib/libcjtmos.a(strncpy.o)
 .comment       0x00019b0a       0x3d ../lib/libcjtmos.a(XXidentification.o)
 .comment       0x00019b47       0x3d ../lib/libcjtmos.a(atexit.o)
 .comment       0x00019b84       0x3d ../lib/libcjtmos.a(console.o)
 .comment       0x00019bc1       0x3d ../lib/libcjtmos.a(ctypefamily.o)
 .comment       0x00019bfe       0x3d ../lib/libcjtmos.a(cvt.o)
 .comment       0x00019c3b       0x3d ../lib/libcjtmos.a(date.o)
 .comment       0x00019c78       0x3d ../lib/libcjtmos.a(dfile.o)
 .comment       0x00019cb5       0x3d ../lib/libcjtmos.a(error.o)
 .comment       0x00019cf2       0x3d ../lib/libcjtmos.a(floatconv.o)
 .comment       0x00019d2f       0x3d ../lib/libcjtmos.a(modf.o)
 .comment       0x00019d6c       0x3d ../lib/libcjtmos.a(numbers.o)
 .comment       0x00019da9       0x3d ../lib/libcjtmos.a(floor.o)

.note           0x000196fc      0x230
 .note          0x000196fc       0x14 sqdsk.o
 .note          0x00019710       0x14 sqdskMain.o
 .note          0x00019724       0x14 ../lib/libcjtmos.a(directdisk.o)
 .note          0x00019738       0x14 ../lib/libcjtmos.a(file.o)
 .note          0x0001974c       0x14 ../lib/libcjtmos.a(filebuf.o)
 .note          0x00019760       0x14 ../lib/libcjtmos.a(init.o)
 .note          0x00019774       0x14 ../lib/libcjtmos.a(modal.o)
 .note          0x00019788       0x14 ../lib/libcjtmos.a(postsup.o)
 .note          0x0001979c       0x14 ../lib/libcjtmos.a(printf.o)
 .note          0x000197b0       0x14 ../lib/libcjtmos.a(process.o)
 .note          0x000197c4       0x14 ../lib/libcjtmos.a(sbrk.o)
 .note          0x000197d8       0x14 ../lib/libcjtmos.a(sprintf.o)
 .note          0x000197ec       0x14 ../lib/libcjtmos.a(strchr.o)
 .note          0x00019800       0x14 ../lib/libcjtmos.a(string.o)
 .note          0x00019814       0x14 ../lib/libcjtmos.a(strncat.o)
 .note          0x00019828       0x14 ../lib/libcjtmos.a(strncpy.o)
 .note          0x0001983c       0x14 ../lib/libcjtmos.a(XXidentification.o)
 .note          0x00019850       0x14 ../lib/libcjtmos.a(atexit.o)
 .note          0x00019864       0x14 ../lib/libcjtmos.a(console.o)
 .note          0x00019878       0x14 ../lib/libcjtmos.a(ctypefamily.o)
 .note          0x0001988c       0x14 ../lib/libcjtmos.a(cvt.o)
 .note          0x000198a0       0x14 ../lib/libcjtmos.a(date.o)
 .note          0x000198b4       0x14 ../lib/libcjtmos.a(dfile.o)
 .note          0x000198c8       0x14 ../lib/libcjtmos.a(error.o)
 .note          0x000198dc       0x14 ../lib/libcjtmos.a(floatconv.o)
 .note          0x000198f0       0x14 ../lib/libcjtmos.a(modf.o)
 .note          0x00019904       0x14 ../lib/libcjtmos.a(numbers.o)
 .note          0x00019918       0x14 ../lib/libcjtmos.a(floor.o)
