Archive member included       because of file (symbol)

../lib/libcjtmos.a(graosClient.o)
                              wintest2.o (refreshWindow)
../lib/libcjtmos.a(init.o)    ../libc/stlibc.o (init_libc)
../lib/libcjtmos.a(modal.o)   wintest2.o (malloc)
../lib/libcjtmos.a(printf.o)  ../lib/libcjtmos.a(graosClient.o) (printf)
../lib/libcjtmos.a(process.o)
                              ../lib/libcjtmos.a(graosClient.o) (GetThreadPID)
../lib/libcjtmos.a(sbrk.o)    ../lib/libcjtmos.a(modal.o) (sbrk)
../lib/libcjtmos.a(scall.o)   ../lib/libcjtmos.a(init.o) (scall)
../lib/libcjtmos.a(strchr.o)  ../lib/libcjtmos.a(process.o) (strchr)
../lib/libcjtmos.a(string.o)  ../lib/libcjtmos.a(modal.o) (bzero)
../lib/libcjtmos.a(strncat.o)
                              ../lib/libcjtmos.a(string.o) (strncat)
../lib/libcjtmos.a(strncpy.o)
                              ../lib/libcjtmos.a(process.o) (strncpy)
../lib/libcjtmos.a(XXidentification.o)
                              ../lib/libcjtmos.a(init.o) (XXidentificationString)
../lib/libcjtmos.a(atexit.o)  ../lib/libcjtmos.a(init.o) (run_atexit)
../lib/libcjtmos.a(console.o)
                              ../lib/libcjtmos.a(process.o) (getch)
../lib/libcjtmos.a(ctypefamily.o)
                              ../lib/libcjtmos.a(printf.o) (isdigit)
../lib/libcjtmos.a(cvt.o)     ../lib/libcjtmos.a(string.o) (ecvt)
../lib/libcjtmos.a(date.o)    ../lib/libcjtmos.a(process.o) (getdate)
../lib/libcjtmos.a(file.o)    ../lib/libcjtmos.a(init.o) (stdin)
../lib/libcjtmos.a(filebuf.o)
                              ../lib/libcjtmos.a(file.o) (frefresh)
../lib/libcjtmos.a(floatconv.o)
                              ../lib/libcjtmos.a(string.o) (_IO_strtod)
../lib/libcjtmos.a(memcpy.o)  ../lib/libcjtmos.a(string.o) (memcpy)
../lib/libcjtmos.a(modf.o)    ../lib/libcjtmos.a(cvt.o) (modf)
../lib/libcjtmos.a(numbers.o)
                              ../lib/libcjtmos.a(printf.o) (p32z)
../lib/libcjtmos.a(postsup.o)
                              ../lib/libcjtmos.a(process.o) (PostmanWaitAck)
../lib/libcjtmos.a(sprintf.o)
                              ../lib/libcjtmos.a(file.o) (svprintf)
../lib/libcjtmos.a(dfile.o)   ../lib/libcjtmos.a(filebuf.o) (readfile)
../lib/libcjtmos.a(error.o)   ../lib/libcjtmos.a(file.o) (LIBCERROR)
../lib/libcjtmos.a(floor.o)   ../lib/libcjtmos.a(modf.o) (floor)

Allocating common symbols
Common symbol       size              file

stdout              0x4               ../lib/libcjtmos.a(file.o)
___djgpp_exception_state_ptr
                    0x4               ../lib/libcjtmos.a(process.o)
MALSTRU             0x8               wintest2.o
stdin               0x4               ../lib/libcjtmos.a(file.o)
stderr              0x4               ../lib/libcjtmos.a(file.o)

Memory Configuration

Name             Origin             Length             Attributes
*default*        0x00000000         0xffffffff

Linker script and memory map

LOAD ../libc/stlibc.o
LOAD wintest2.o

.text           0x00010000     0x78d6
                0x00010000                _start=.
                0x00010000                appregionstart=.
 *(.text)
 .text          0x00010000       0x28 ../libc/stlibc.o
                0x00010000                libc_startup
 *fill*         0x00010028        0x8
 .text          0x00010030      0x1ae wintest2.o
                0x00010030                render
                0x000101b0                main
                0x00010100                mainLoop
 *fill*         0x000101de        0x2
 .text          0x000101e0      0x2ef ../lib/libcjtmos.a(graosClient.o)
                0x00010340                connectGraos
                0x00010230                createButton
                0x00010420                createWindow
                0x000103c0                closeWindow
                0x000101e0                refreshWindow
                0x00010360                graosCheck
                0x00010390                waitGraosAnswer
                0x000102b0                addFrameBuffer
                0x000104b0                getGraosPID
 *fill*         0x000104cf        0x1
 .text          0x000104d0      0x153 ../lib/libcjtmos.a(init.o)
                0x000105c0                init_libc
                0x000104d0                libc_receiveargs
                0x00010570                libc_allocate_standard_streams
 *fill*         0x00010623        0xd
 .text          0x00010630      0xad7 ../lib/libcjtmos.a(modal.o)
                0x00010e00                malloc_stats
                0x00010ac0                __internal_malloc
                0x00011050                malloc
                0x00010be0                calloc
                0x00010c20                malloc_usable_size
                0x00010890                malloc_from_sys
                0x00011010                realloc
                0x00010d10                memalign
                0x00010c10                cfree
                0x00010dd0                valloc
                0x000110a0                free
 *fill*         0x00011107        0x9
 .text          0x00011110      0x1a4 ../lib/libcjtmos.a(printf.o)
                0x00011110                printf
                0x00011160                vprintf
 *fill*         0x000112b4        0xc
 .text          0x000112c0      0x8cc ../lib/libcjtmos.a(process.o)
                0x00011660                strerror
                0x00011680                WaitProcessTermination
                0x00011b80                getpagesize
                0x00011610                getc
                0x000118a0                cexec
                0x000116a0                system
                0x00011ae0                GetThreadCount
                0x00011b50                sleep
                0x00011a60                GetThreadPriority
                0x00011640                abort
                0x00011340                NewTerminal
                0x000113a0                globalcopy
                0x00011630                stackavail
                0x00011a20                ExitThread
                0x00011840                bgexec
                0x000119a0                idle_moment
                0x00011a50                SetThreadPriority
                0x000113f0                IdentifyThread
                0x000114b0                chdir
                0x000119f0                Sleep
                0x000119d0                GetTickCount
                0x00011300                OutputTerminalKeyboardBuffer
                0x00011320                InputTerminalKeyboardBuffer
                0x000112e0                CopyTerminal
                0x00011ac0                GetThreadMemoryUsage
                0x00011380                SetThreadTerminal
                0x00011430                receiveMessage
                0x00011950                KillThread
                0x00011aa0                GetThreadName
                0x00011360                GetThreadTerminal
                0x00011620                getchar
                0x00011b00                SleepSecond
                0x00011a30                GetCurrentThread
                0x000119b0                idle_thread
                0x00011900                GetAmountFree
                0x00011490                getcwd
                0x00011a80                GetThreadSpending
                0x00011910                GetProgramStart
                0x00011450                sendMessage
                0x000113d0                GetSeconds
                0x00011970                exit
                0x00011410                GetThreadPID
                0x00011930                GetMemorySize
                0x000112c0                GetCursorLocation
                0x00011470                startMessageBox
                0x00011670                clock
                0x00011920                GetProgramEnd
                0x000117e0                _system
 *fill*         0x00011b8c        0x4
 .text          0x00011b90       0x25 ../lib/libcjtmos.a(sbrk.o)
                0x00011b90                sbrk
 *fill*         0x00011bb5        0xb
 .text          0x00011bc0       0x2c ../lib/libcjtmos.a(scall.o)
                0x00011bc0                scall
 *fill*         0x00011bec        0x4
 .text          0x00011bf0       0xbc ../lib/libcjtmos.a(strchr.o)
                0x00011bf0                strchr
 *fill*         0x00011cac        0x4
 .text          0x00011cb0      0xed6 ../lib/libcjtmos.a(string.o)
                0x00011dd0                strcpy
                0x000126e0                vt2202asc
                0x00012b30                StretchPrint
                0x00011ee0                str2int
                0x000126c0                asc2vt220
                0x00012a00                sdouble
                0x00011cb0                bzero
                0x00012730                hex2int
                0x000122f0                _sdec32
                0x00012030                shex16
                0x00012850                readStringEx
                0x000129b0                strtod
                0x000129d0                pdouble
                0x00012960                atof
                0x00011e90                strcat
                0x00012080                shex8
                0x000127f0                strstr
                0x00012590                CountWords
                0x00012280                sdec32
                0x000127b0                strncmp
                0x00011f60                shex32z
                0x00011cd0                bcopy
                0x00012990                printfloat
                0x00011e60                memset
                0x00012980                stringfloat
                0x00012930                skipSpaces
                0x00011e10                strcmp
                0x00011cf0                GetRunningNumber
                0x00011d10                sptstr
                0x00012560                isValidString
                0x000128f0                seekTowardEnd
                0x000125f0                strcpyarg
                0x00011ed0                dec2int
                0x00011fe0                shex32
                0x00012950                atoi
                0x00011d90                strlen
                0x000120c0                sdec32z
                0x000122d0                sudec32
                0x00012700                hexchar2int
 *fill*         0x00012b86        0xa
 .text          0x00012b90       0x78 ../lib/libcjtmos.a(strncat.o)
                0x00012b90                strncat
 *fill*         0x00012c08        0x8
 .text          0x00012c10       0x8a ../lib/libcjtmos.a(strncpy.o)
                0x00012c10                strncpy
 *fill*         0x00012c9a        0x2
 *fill*         0x00012c9c        0x4
 .text          0x00012ca0       0x3a ../lib/libcjtmos.a(atexit.o)
                0x00012ca0                run_atexit
                0x00012cc0                atexit
 *fill*         0x00012cda        0x6
 .text          0x00012ce0      0x35a ../lib/libcjtmos.a(console.o)
                0x00012ed0                putchar
                0x00013000                GetCTRL
                0x00012d10                gettextinfo
                0x00012e10                clrscr
                0x00012db0                wherey
                0x00012f50                gets
                0x00013020                GetALT
                0x00012f10                puts
                0x00012ec0                putch
                0x00012e70                getch
                0x00012e30                getch1
                0x00012d90                wherex
                0x00012d70                textbackground
                0x00012dd0                delay
                0x00012ef0                gotoxy
                0x00012d50                textcolor
                0x00012ce0                ESCLOCK
 *fill*         0x0001303a        0x6
 .text          0x00013040      0x239 ../lib/libcjtmos.a(ctypefamily.o)
                0x00013200                islower
                0x00013040                tolower
                0x00013190                ispunct
                0x000131e0                isspace
                0x000131a0                isxdigit
                0x00013220                isupper
                0x000130f0                isalpha
                0x00013270                isgraph
                0x000130e0                isalnum
                0x00013260                isprint
                0x00013140                isdigit
                0x00013180                iscntrl
                0x00013090                toupper
 *fill*         0x00013279        0x7
 .text          0x00013280      0x2b1 ../lib/libcjtmos.a(cvt.o)
                0x000132b0                fcvt
                0x00013280                ecvt
 *fill*         0x00013531        0xf
 .text          0x00013540       0xce ../lib/libcjtmos.a(date.o)
                0x00013550                asctime
                0x000135e0                settimeofday
                0x00013560                ctime
                0x00013540                mktime
                0x000135f0                getdate
                0x000135d0                gettimeofday
                0x000135b0                localtime
                0x000135c0                time
                0x00013570                strftime
                0x00013580                strptime
                0x000135a0                gmtime
                0x00013590                tzset
 *fill*         0x0001360e        0x2
 .text          0x00013610      0xb89 ../lib/libcjtmos.a(file.o)
                0x00014150                _formatDrive
                0x000140c0                getdevicename
                0x00013d70                fgets
                0x00014100                getcurdev
                0x00013640                feof
                0x00013a80                remove
                0x000138b0                __faddblocks
                0x00013cd0                fflush
                0x00013af0                __fcreate
                0x000139c0                rename
                0x000136b0                _fsetsize
                0x00013eb0                fprintf
                0x00013800                fexist
                0x00013760                fseek
                0x00013940                fsizeof
                0x00013690                ferror
                0x00013a70                unlink
                0x00013ba0                _fopen
                0x00013b50                __fnewstream
                0x00013f90                fread
                0x00013b80                fopen
                0x00013880                StringCheck
                0x000140e0                getdevicenrbyname
                0x00013720                ftell
                0x00013680                clearerr
                0x00013d00                fclose
                0x00013ff0                fwrite
                0x00013740                rewind
                0x00013610                freopen
                0x00013810                __fexist
                0x00013950                __fgetfilesize
                0x000136a0                fileno
                0x00013f30                open
                0x00014120                formatDrive
                0x00013dd0                fputs
                0x00013f40                close
                0x00013e30                vfprintf
 *fill*         0x00014199        0x7
 .text          0x000141a0      0x2e0 ../lib/libcjtmos.a(filebuf.o)
                0x00014420                setlinebuf
                0x00014440                setvbuf
                0x000141d0                frefresh_write
                0x000143f0                setbuffer
                0x00014200                __fenlargebuf
                0x000141a0                frefresh
                0x00014310                putc
                0x00014270                fgetc
                0x00014330                fputc
                0x000143c0                setbuf
 .text          0x00014480     0x2e9c ../lib/libcjtmos.a(floatconv.o)
                0x000150c0                _IO_strtod
                0x000161b0                _IO_dtoa
 *fill*         0x0001731c        0x4
 .text          0x00017320       0x17 ../lib/libcjtmos.a(memcpy.o)
                0x00017320                memcpy
 *fill*         0x00017337        0x9
 .text          0x00017340       0x29 ../lib/libcjtmos.a(modf.o)
                0x00017340                modf
 *fill*         0x00017369        0x7
 .text          0x00017370      0x141 ../lib/libcjtmos.a(numbers.o)
                0x00017460                pd32
                0x00017490                pdz32
                0x000173a0                p16
                0x00017430                pdh32
                0x00017370                p8
                0x00017400                p32z
                0x000173d0                p32
 *fill*         0x000174b1        0xf
 .text          0x000174c0       0x24 ../lib/libcjtmos.a(postsup.o)
                0x000174c0                PostmanWaitAck
 *fill*         0x000174e4        0xc
 .text          0x000174f0      0x23b ../lib/libcjtmos.a(sprintf.o)
                0x000174f0                sprintf
                0x00017520                svprintf
 *fill*         0x0001772b        0x5
 .text          0x00017730       0xd3 ../lib/libcjtmos.a(dfile.o)
                0x00017790                writefile
                0x00017730                readfile
 *fill*         0x00017803        0xd
 .text          0x00017810       0x9b ../lib/libcjtmos.a(error.o)
                0x00017890                perror
                0x00017810                panic
                0x00017840                LIBCERROR
 *fill*         0x000178ab        0x5
 .text          0x000178b0       0x26 ../lib/libcjtmos.a(floor.o)
                0x000178b0                floor
                0x000178d6                etext=.
                0x000178d6                _etext=.

.data           0x000178d6     0x1018
 *(.data)
 *fill*         0x000178d6        0x2
 .data          0x000178d8        0x4 wintest2.o
                0x000178d8                memcfgdef
 .data          0x000178dc        0x4 ../lib/libcjtmos.a(graosClient.o)
 .data          0x000178e0        0x8 ../lib/libcjtmos.a(init.o)
                0x000178e0                _libc_argc
                0x000178e4                _libc_argv
 *fill*         0x000178e8       0x18
 .data          0x00017900      0x800 ../lib/libcjtmos.a(modal.o)
                0x000180a0                __customalloc_FreeList
 .data          0x00018100        0x4 ../lib/libcjtmos.a(printf.o)
                0x00018100                printf_busy
 *fill*         0x00018104       0x1c
 .data          0x00018120       0x84 ../lib/libcjtmos.a(process.o)
                0x00018120                errno
                0x00018124                __djgpp_set_sigint_key
                0x00018140                SysCWD
                0x00018128                SysSearchPath
 .data          0x000181a4        0x4 ../lib/libcjtmos.a(sbrk.o)
 .data          0x000181a8        0x4 ../lib/libcjtmos.a(string.o)
 .data          0x000181ac        0x4 ../lib/libcjtmos.a(XXidentification.o)
                0x000181ac                XXidentificationString
 .data          0x000181b0        0x4 ../lib/libcjtmos.a(atexit.o)
                0x000181b0                __atex
 *fill*         0x000181b4        0x4
 .data          0x000181b8      0x124 ../lib/libcjtmos.a(floatconv.o)
 *(.rodata)
 *fill*         0x000182dc        0x4
 .rodata        0x000182e0       0x52 wintest2.o
 .rodata        0x00018332       0x24 ../lib/libcjtmos.a(graosClient.o)
 .rodata        0x00018356       0x1e ../lib/libcjtmos.a(init.o)
 *fill*         0x00018374        0xc
 .rodata        0x00018380       0x2f ../lib/libcjtmos.a(modal.o)
 .rodata        0x000183af        0x7 ../lib/libcjtmos.a(printf.o)
 *fill*         0x000183b6        0xa
 .rodata        0x000183c0       0xb1 ../lib/libcjtmos.a(process.o)
 *fill*         0x00018471        0x3
 .rodata        0x00018474       0xbe ../lib/libcjtmos.a(string.o)
 *fill*         0x00018532        0xe
 .rodata        0x00018540       0x36 ../lib/libcjtmos.a(XXidentification.o)
 .rodata        0x00018576        0xc ../lib/libcjtmos.a(console.o)
 .rodata        0x00018582       0x5e ../lib/libcjtmos.a(ctypefamily.o)
 .rodata        0x000185e0       0x18 ../lib/libcjtmos.a(cvt.o)
 *fill*         0x000185f8        0x8
 .rodata        0x00018600       0xca ../lib/libcjtmos.a(file.o)
 *fill*         0x000186ca       0x16
 .rodata        0x000186e0       0x59 ../lib/libcjtmos.a(filebuf.o)
 *fill*         0x00018739        0x7
 .rodata        0x00018740      0x158 ../lib/libcjtmos.a(floatconv.o)
 .rodata        0x00018898        0x2 ../lib/libcjtmos.a(numbers.o)
 .rodata        0x0001889a        0x8 ../lib/libcjtmos.a(sprintf.o)
 .rodata        0x000188a2       0x4c ../lib/libcjtmos.a(error.o)
                0x000188ee                edata=.
                0x000188ee                _edata=.

.bss            0x000188ee     0x280e
 *(.bss)
 *fill*         0x000188ee       0x12
 .bss           0x00018900     0x1020 wintest2.o
 .bss           0x00019920     0x11d0 ../lib/libcjtmos.a(graosClient.o)
 *fill*         0x0001aaf0       0x10
 .bss           0x0001ab00      0x10c ../lib/libcjtmos.a(init.o)
 .bss           0x0001ac0c        0x4 ../lib/libcjtmos.a(modal.o)
 *fill*         0x0001ac10       0x10
 .bss           0x0001ac20       0x44 ../lib/libcjtmos.a(process.o)
 *fill*         0x0001ac64       0x1c
 .bss           0x0001ac80       0x50 ../lib/libcjtmos.a(cvt.o)
 *fill*         0x0001acd0       0x10
 .bss           0x0001ace0      0x344 ../lib/libcjtmos.a(file.o)
 .bss           0x0001b024        0x4 ../lib/libcjtmos.a(floatconv.o)
 *fill*         0x0001b028       0x18
 .bss           0x0001b040       0xa4 ../lib/libcjtmos.a(dfile.o)
 *(COMMON)
 COMMON         0x0001b0e4        0x8 wintest2.o
                                  0x0 (size before relaxing)
                0x0001b0e4                MALSTRU
 COMMON         0x0001b0ec        0x4 ../lib/libcjtmos.a(process.o)
                                  0x0 (size before relaxing)
                0x0001b0ec                ___djgpp_exception_state_ptr
 COMMON         0x0001b0f0        0xc ../lib/libcjtmos.a(file.o)
                                  0x0 (size before relaxing)
                0x0001b0f0                stdout
                0x0001b0f4                stdin
                0x0001b0f8                stderr
                0x0001b0fc                end=.
                0x0001b0fc                _end=.
                0x0001b0fc                appregionend=.
LOAD ../lib/libcjtmos.a
OUTPUT(wintest2.bin binary)

.comment        0x0001b0fc      0x6ad
 .comment       0x0001b0fc       0x1f ../libc/stlibc.o
 .comment       0x0001b11b       0x3d wintest2.o
 .comment       0x0001b158       0x3d ../lib/libcjtmos.a(graosClient.o)
 .comment       0x0001b195       0x3d ../lib/libcjtmos.a(init.o)
 .comment       0x0001b1d2       0x3d ../lib/libcjtmos.a(modal.o)
 .comment       0x0001b20f       0x3d ../lib/libcjtmos.a(printf.o)
 .comment       0x0001b24c       0x3d ../lib/libcjtmos.a(process.o)
 .comment       0x0001b289       0x3d ../lib/libcjtmos.a(sbrk.o)
 .comment       0x0001b2c6       0x1f ../lib/libcjtmos.a(scall.o)
 .comment       0x0001b2e5       0x3d ../lib/libcjtmos.a(strchr.o)
 .comment       0x0001b322       0x3d ../lib/libcjtmos.a(string.o)
 .comment       0x0001b35f       0x3d ../lib/libcjtmos.a(strncat.o)
 .comment       0x0001b39c       0x3d ../lib/libcjtmos.a(strncpy.o)
 .comment       0x0001b3d9       0x3d ../lib/libcjtmos.a(XXidentification.o)
 .comment       0x0001b416       0x3d ../lib/libcjtmos.a(atexit.o)
 .comment       0x0001b453       0x3d ../lib/libcjtmos.a(console.o)
 .comment       0x0001b490       0x3d ../lib/libcjtmos.a(ctypefamily.o)
 .comment       0x0001b4cd       0x3d ../lib/libcjtmos.a(cvt.o)
 .comment       0x0001b50a       0x3d ../lib/libcjtmos.a(date.o)
 .comment       0x0001b547       0x3d ../lib/libcjtmos.a(file.o)
 .comment       0x0001b584       0x3d ../lib/libcjtmos.a(filebuf.o)
 .comment       0x0001b5c1       0x3d ../lib/libcjtmos.a(floatconv.o)
 .comment       0x0001b5fe       0x3d ../lib/libcjtmos.a(modf.o)
 .comment       0x0001b63b       0x3d ../lib/libcjtmos.a(numbers.o)
 .comment       0x0001b678       0x3d ../lib/libcjtmos.a(postsup.o)
 .comment       0x0001b6b5       0x3d ../lib/libcjtmos.a(sprintf.o)
 .comment       0x0001b6f2       0x3d ../lib/libcjtmos.a(dfile.o)
 .comment       0x0001b72f       0x3d ../lib/libcjtmos.a(error.o)
 .comment       0x0001b76c       0x3d ../lib/libcjtmos.a(floor.o)

.note           0x0001b0fc      0x21c
 .note          0x0001b0fc       0x14 wintest2.o
 .note          0x0001b110       0x14 ../lib/libcjtmos.a(graosClient.o)
 .note          0x0001b124       0x14 ../lib/libcjtmos.a(init.o)
 .note          0x0001b138       0x14 ../lib/libcjtmos.a(modal.o)
 .note          0x0001b14c       0x14 ../lib/libcjtmos.a(printf.o)
 .note          0x0001b160       0x14 ../lib/libcjtmos.a(process.o)
 .note          0x0001b174       0x14 ../lib/libcjtmos.a(sbrk.o)
 .note          0x0001b188       0x14 ../lib/libcjtmos.a(strchr.o)
 .note          0x0001b19c       0x14 ../lib/libcjtmos.a(string.o)
 .note          0x0001b1b0       0x14 ../lib/libcjtmos.a(strncat.o)
 .note          0x0001b1c4       0x14 ../lib/libcjtmos.a(strncpy.o)
 .note          0x0001b1d8       0x14 ../lib/libcjtmos.a(XXidentification.o)
 .note          0x0001b1ec       0x14 ../lib/libcjtmos.a(atexit.o)
 .note          0x0001b200       0x14 ../lib/libcjtmos.a(console.o)
 .note          0x0001b214       0x14 ../lib/libcjtmos.a(ctypefamily.o)
 .note          0x0001b228       0x14 ../lib/libcjtmos.a(cvt.o)
 .note          0x0001b23c       0x14 ../lib/libcjtmos.a(date.o)
 .note          0x0001b250       0x14 ../lib/libcjtmos.a(file.o)
 .note          0x0001b264       0x14 ../lib/libcjtmos.a(filebuf.o)
 .note          0x0001b278       0x14 ../lib/libcjtmos.a(floatconv.o)
 .note          0x0001b28c       0x14 ../lib/libcjtmos.a(modf.o)
 .note          0x0001b2a0       0x14 ../lib/libcjtmos.a(numbers.o)
 .note          0x0001b2b4       0x14 ../lib/libcjtmos.a(postsup.o)
 .note          0x0001b2c8       0x14 ../lib/libcjtmos.a(sprintf.o)
 .note          0x0001b2dc       0x14 ../lib/libcjtmos.a(dfile.o)
 .note          0x0001b2f0       0x14 ../lib/libcjtmos.a(error.o)
 .note          0x0001b304       0x14 ../lib/libcjtmos.a(floor.o)
