Archive member included because of file (symbol)

../lib/libcjtmos.a(fclose.o)  wtest3.o (fclose)
../lib/libcjtmos.a(fflush.o)  ../lib/libcjtmos.a(fclose.o) (fflush)
../lib/libcjtmos.a(filebuf.o)
                              ../lib/libcjtmos.a(fflush.o) (frefresh_write)
../lib/libcjtmos.a(fopen.o)   wtest3.o (fopen)
../lib/libcjtmos.a(fseek.o)   ../lib/libcjtmos.a(fopen.o) (fseek)
../lib/libcjtmos.a(fsetsize.o)
                              ../lib/libcjtmos.a(fclose.o) (_fsetsize)
../lib/libcjtmos.a(init.o)    ../libc/stlibc.o (init_libc)
../lib/libcjtmos.a(modal.o)   ../lib/libcjtmos.a(filebuf.o) (malloc)
../lib/libcjtmos.a(postsup.o)
                              ../lib/libcjtmos.a(fopen.o) (PostmanPost)
../lib/libcjtmos.a(printf.o)  wtest3.o (printf)
../lib/libcjtmos.a(process.o)
                              ../lib/libcjtmos.a(init.o) (abort)
../lib/libcjtmos.a(sbrk.o)    ../lib/libcjtmos.a(modal.o) (sbrk)
../lib/libcjtmos.a(scall.o)   ../lib/libcjtmos.a(init.o) (scall)
../lib/libcjtmos.a(strchr.o)  ../lib/libcjtmos.a(fopen.o) (strchr)
../lib/libcjtmos.a(string.o)  ../lib/libcjtmos.a(modal.o) (bzero)
../lib/libcjtmos.a(strncat.o)
                              ../lib/libcjtmos.a(string.o) (strncat)
../lib/libcjtmos.a(XXidentification.o)
                              ../lib/libcjtmos.a(init.o) (XXidentificationString)
../lib/libcjtmos.a(atexit.o)  ../lib/libcjtmos.a(init.o) (run_atexit)
../lib/libcjtmos.a(console.o)
                              ../lib/libcjtmos.a(filebuf.o) (getch)
../lib/libcjtmos.a(ctypefamily.o)
                              ../lib/libcjtmos.a(printf.o) (isdigit)
../lib/libcjtmos.a(cvt.o)     ../lib/libcjtmos.a(string.o) (ecvt)
../lib/libcjtmos.a(date.o)    ../lib/libcjtmos.a(process.o) (getdate)
../lib/libcjtmos.a(dfile.o)   ../lib/libcjtmos.a(filebuf.o) (readfile)
../lib/libcjtmos.a(error.o)   ../lib/libcjtmos.a(filebuf.o) (panic)
../lib/libcjtmos.a(fgetsize.o)
                              ../lib/libcjtmos.a(fopen.o) (_fgetsize)
../lib/libcjtmos.a(file.o)    ../lib/libcjtmos.a(fopen.o) (fexist)
../lib/libcjtmos.a(floatconv.o)
                              ../lib/libcjtmos.a(string.o) (_IO_strtod)
../lib/libcjtmos.a(fprintf.o)
                              ../lib/libcjtmos.a(error.o) (fprintf)
../lib/libcjtmos.a(modf.o)    ../lib/libcjtmos.a(cvt.o) (modf)
../lib/libcjtmos.a(numbers.o)
                              ../lib/libcjtmos.a(printf.o) (p32z)
../lib/libcjtmos.a(sprintf.o)
                              ../lib/libcjtmos.a(fprintf.o) (_vsprintf)
../lib/libcjtmos.a(dpi.o)     ../lib/libcjtmos.a(file.o) (getdevicenrbyname)
../lib/libcjtmos.a(floor.o)   ../lib/libcjtmos.a(modf.o) (floor)

Allocating common symbols
Common symbol       size              file

stdout              0x4               ../lib/libcjtmos.a(file.o)
___djgpp_exception_state_ptr
                    0x4               ../lib/libcjtmos.a(process.o)
MALSTRU             0x8               wtest3.o
stdin               0x4               ../lib/libcjtmos.a(file.o)
stderr              0x4               ../lib/libcjtmos.a(file.o)

Memory Configuration

Name             Origin             Length             Attributes
*default*        0x0000000000000000 0xffffffffffffffff

Linker script and memory map

LOAD ../libc/stlibc.o
LOAD wtest3.o

.text           0x0000000000010000     0x7e08
                0x0000000000010000                _start = .
                0x0000000000010000                appregionstart = .
 *(.text)
 .text          0x0000000000010000       0x28 ../libc/stlibc.o
                0x0000000000010000                libc_startup
 *fill*         0x0000000000010028        0x8 00
 .text          0x0000000000010030       0xbb wtest3.o
                0x0000000000010030                main
 *fill*         0x00000000000100eb        0x5 00
 .text          0x00000000000100f0       0x8e ../lib/libcjtmos.a(fclose.o)
                0x00000000000100f0                fclose
 *fill*         0x000000000001017e        0x2 00
 .text          0x0000000000010180       0x40 ../lib/libcjtmos.a(fflush.o)
                0x0000000000010180                fflush
 .text          0x00000000000101c0      0x3a7 ../lib/libcjtmos.a(filebuf.o)
                0x0000000000010500                setlinebuf
                0x0000000000010520                setvbuf
                0x00000000000101f0                frefresh_write
                0x00000000000104d0                setbuffer
                0x0000000000010230                __fenlargebuf
                0x00000000000101c0                frefresh
                0x00000000000102c0                fgetc
                0x00000000000103a0                fputc
                0x00000000000104a0                setbuf
 *fill*         0x0000000000010567        0x9 00
 .text          0x0000000000010570      0x2cf ../lib/libcjtmos.a(fopen.o)
                0x0000000000010570                __fcreate
                0x00000000000105e0                _fopen
                0x00000000000105c0                fopen
 *fill*         0x000000000001083f        0x1 00
 .text          0x0000000000010840       0xb1 ../lib/libcjtmos.a(fseek.o)
                0x0000000000010840                fseek
 *fill*         0x00000000000108f1        0xf 00
 .text          0x0000000000010900       0x69 ../lib/libcjtmos.a(fsetsize.o)
                0x0000000000010900                _fsetsize
 *fill*         0x0000000000010969        0x7 00
 .text          0x0000000000010970      0x16c ../lib/libcjtmos.a(init.o)
                0x0000000000010a70                init_libc
                0x0000000000010970                libc_receiveargs
                0x0000000000010a20                libc_allocate_standard_streams
 *fill*         0x0000000000010adc        0x4 00
 .text          0x0000000000010ae0      0xd37 ../lib/libcjtmos.a(modal.o)
                0x00000000000114d0                malloc_stats
                0x0000000000011090                __internal_malloc
                0x0000000000011750                malloc
                0x0000000000011220                calloc
                0x0000000000011260                malloc_usable_size
                0x0000000000010da0                malloc_from_sys
                0x00000000000116f0                realloc
                0x0000000000011390                memalign
                0x0000000000011250                cfree
                0x0000000000011490                valloc
                0x00000000000117a0                free
 *fill*         0x0000000000011817        0x9 00
 .text          0x0000000000011820       0x25 ../lib/libcjtmos.a(postsup.o)
                0x0000000000011820                PostmanPost
 *fill*         0x0000000000011845        0xb 00
 .text          0x0000000000011850      0x174 ../lib/libcjtmos.a(printf.o)
                0x0000000000011850                printf
                0x0000000000011870                vprintf
 *fill*         0x00000000000119c4        0xc 00
 .text          0x00000000000119d0      0x8ea ../lib/libcjtmos.a(process.o)
                0x00000000000120d0                MilSleep
                0x0000000000011bb0                GetCurrentTerminal
                0x0000000000011e60                strerror
                0x0000000000012090                SwitchToThread
                0x00000000000119d0                SetTerminalOwner
                0x0000000000011e80                WaitProcessTermination
                0x0000000000011f70                cexecEx
                0x0000000000012130                getpid
                0x00000000000122b0                getpagesize
                0x0000000000011a60                GetThreadUniquePID
                0x0000000000011e00                getc
                0x0000000000011f50                cexec
                0x0000000000011ad0                enable_irq
                0x0000000000011ea0                system
                0x0000000000012200                GetThreadCount
                0x0000000000012270                sleep
                0x0000000000011a80                diskChange
                0x0000000000012170                GetThreadPriority
                0x0000000000011e30                abort
                0x0000000000011b90                NewTerminal
                0x0000000000011c20                globalcopy
                0x0000000000011e20                stackavail
                0x0000000000012120                ExitThread
                0x0000000000011ed0                bgexec
                0x0000000000012160                SetThreadPriority
                0x0000000000012020                kill
                0x0000000000011c70                IdentifyThread
                0x0000000000011d70                chdir
                0x00000000000120f0                Sleep
                0x00000000000120b0                GetTickCount
                0x0000000000011b40                OutputTerminalKeyboardBuffer
                0x0000000000011b70                InputTerminalKeyboardBuffer
                0x0000000000011b10                CopyTerminal
                0x00000000000121e0                GetThreadMemoryUsage
                0x0000000000011bf0                SetThreadTerminal
                0x0000000000011cc0                receiveMessage
                0x0000000000012030                KillThread
                0x00000000000121b0                GetThreadName
                0x0000000000011a20                CreateTerminal
                0x0000000000011bd0                GetThreadTerminal
                0x0000000000011e10                getchar
                0x0000000000012220                SleepSecond
                0x0000000000012140                GetCurrentThread
                0x0000000000011fd0                GetAmountFree
                0x0000000000011d30                getcwd
                0x0000000000012190                GetThreadSpending
                0x0000000000011fe0                GetProgramStart
                0x0000000000011aa0                setint
                0x0000000000011ce0                sendMessage
                0x0000000000011ef0                bgexecEx
                0x0000000000011c50                GetSeconds
                0x0000000000012050                exit
                0x0000000000011ca0                GetThreadPID
                0x0000000000012000                GetMemorySize
                0x0000000000011af0                GetCursorLocation
                0x0000000000011a40                SwitchToThreadEx
                0x0000000000011d10                startMessageBox
                0x0000000000011e70                clock
                0x0000000000011a00                GetTerminalOwner
                0x0000000000011ff0                GetProgramEnd
 *fill*         0x00000000000122ba        0x6 00
 .text          0x00000000000122c0       0x3e ../lib/libcjtmos.a(sbrk.o)
                0x00000000000122c0                sbrk
 *fill*         0x00000000000122fe        0x2 00
 .text          0x0000000000012300       0x2c ../lib/libcjtmos.a(scall.o)
                0x0000000000012300                scall
 *fill*         0x000000000001232c        0x4 00
 .text          0x0000000000012330      0x10e ../lib/libcjtmos.a(strchr.o)
                0x0000000000012330                strrchr
                0x0000000000012340                strchr
 *fill*         0x000000000001243e        0x2 00
 .text          0x0000000000012440      0xf42 ../lib/libcjtmos.a(string.o)
                0x0000000000012560                strcpy
                0x0000000000012e80                vt2202asc
                0x0000000000013320                StretchPrint
                0x00000000000126b0                str2int
                0x0000000000012630                memcpy
                0x0000000000012e60                asc2vt220
                0x00000000000131c0                sdouble
                0x0000000000012440                bzero
                0x0000000000012ed0                hex2int
                0x0000000000012a80                _sdec32
                0x0000000000012800                shex16
                0x0000000000013000                readStringEx
                0x0000000000013180                strtod
                0x0000000000013190                pdouble
                0x0000000000013130                atof
                0x0000000000012670                strcat
                0x0000000000012850                shex8
                0x0000000000012f90                strstr
                0x0000000000012d10                CountWords
                0x0000000000012a10                sdec32
                0x0000000000012f50                strncmp
                0x0000000000012730                shex32z
                0x0000000000012460                bcopy
                0x0000000000013160                printfloat
                0x0000000000012600                memset
                0x0000000000013150                stringfloat
                0x0000000000013100                skipSpaces
                0x0000000000012590                strcmp
                0x0000000000012480                GetRunningNumber
                0x0000000000012490                sptstr
                0x0000000000012ce0                isValidString
                0x00000000000130b0                seekTowardEnd
                0x0000000000012d90                strcpyarg
                0x00000000000126a0                dec2int
                0x00000000000127b0                shex32
                0x0000000000013120                atoi
                0x0000000000012530                strlen
                0x0000000000012880                sdec32z
                0x0000000000012a70                sudec32
                0x0000000000012ea0                hexchar2int
 *fill*         0x0000000000013382        0xe 00
 .text          0x0000000000013390       0x8e ../lib/libcjtmos.a(strncat.o)
                0x0000000000013390                strncat
 *fill*         0x000000000001341e        0x2 00
 .text          0x0000000000013420       0x48 ../lib/libcjtmos.a(atexit.o)
                0x0000000000013420                run_atexit
                0x0000000000013450                atexit
 *fill*         0x0000000000013468        0x8 00
 .text          0x0000000000013470      0x34d ../lib/libcjtmos.a(console.o)
                0x0000000000013630                putchar
                0x0000000000013780                GetCTRL
                0x00000000000134c0                gettextinfo
                0x00000000000135b0                clrscr
                0x0000000000013560                wherey
                0x00000000000136b0                gets
                0x00000000000137a0                GetALT
                0x0000000000013690                puts
                0x0000000000013620                putch
                0x0000000000013600                getch
                0x00000000000135d0                getch1
                0x0000000000013540                wherex
                0x0000000000013520                textbackground
                0x0000000000013580                delay
                0x0000000000013660                gotoxy
                0x0000000000013500                textcolor
                0x0000000000013470                ESCLOCK
 *fill*         0x00000000000137bd        0x3 00
 .text          0x00000000000137c0      0x217 ../lib/libcjtmos.a(ctypefamily.o)
                0x0000000000013960                islower
                0x00000000000137c0                tolower
                0x00000000000138f0                ispunct
                0x0000000000013940                isspace
                0x0000000000013900                isxdigit
                0x0000000000013980                isupper
                0x0000000000013850                isalpha
                0x00000000000139d0                isgraph
                0x0000000000013840                isalnum
                0x00000000000139c0                isprint
                0x00000000000138a0                isdigit
                0x00000000000138e0                iscntrl
                0x0000000000013800                toupper
 *fill*         0x00000000000139d7        0x9 00
 .text          0x00000000000139e0      0x2ff ../lib/libcjtmos.a(cvt.o)
                0x0000000000013a10                fcvt
                0x00000000000139e0                ecvt
 *fill*         0x0000000000013cdf        0x1 00
 .text          0x0000000000013ce0       0xef ../lib/libcjtmos.a(date.o)
                0x0000000000013d10                asctime
                0x0000000000013ce0                utime
                0x0000000000013cf0                utimes
                0x0000000000013da0                settimeofday
                0x0000000000013d20                ctime
                0x0000000000013d00                mktime
                0x0000000000013db0                getdate
                0x0000000000013d90                gettimeofday
                0x0000000000013d70                localtime
                0x0000000000013d80                time
                0x0000000000013d30                strftime
                0x0000000000013d40                strptime
                0x0000000000013d60                gmtime
                0x0000000000013d50                tzset
 *fill*         0x0000000000013dcf        0x1 00
 .text          0x0000000000013dd0       0xae ../lib/libcjtmos.a(dfile.o)
                0x0000000000013e10                writefile
                0x0000000000013dd0                readfile
 *fill*         0x0000000000013e7e        0x2 00
 .text          0x0000000000013e80       0xaf ../lib/libcjtmos.a(error.o)
                0x0000000000013f10                perror
                0x0000000000013e80                panic
                0x0000000000013ec0                LIBCERROR
 *fill*         0x0000000000013f2f        0x1 00
 .text          0x0000000000013f30       0x5c ../lib/libcjtmos.a(fgetsize.o)
                0x0000000000013f30                _fgetsize
 *fill*         0x0000000000013f8c        0x4 00
 .text          0x0000000000013f90      0x682 ../lib/libcjtmos.a(file.o)
                0x00000000000145f0                _formatDrive
                0x0000000000014270                fgets
                0x00000000000141d0                remove
                0x00000000000140a0                __faddblocks
                0x0000000000014410                lseek
                0x0000000000014120                rename
                0x0000000000014390                write
                0x0000000000013ff0                fexist
                0x0000000000014110                fsizeof
                0x0000000000013fb0                ferror
                0x0000000000014360                read
                0x00000000000141c0                unlink
                0x0000000000014240                __fnewstream
                0x0000000000014440                fread
                0x0000000000014060                StringCheck
                0x0000000000013fa0                clearerr
                0x0000000000013f90                putc
                0x00000000000144c0                fwrite
                0x0000000000013fd0                rewind
                0x0000000000014000                __fexist
                0x0000000000013fc0                fileno
                0x00000000000143c0                open
                0x00000000000145b0                formatDrive
                0x00000000000142f0                fputs
                0x00000000000143f0                close
 *fill*         0x0000000000014612        0xe 00
 .text          0x0000000000014620     0x323b ../lib/libcjtmos.a(floatconv.o)
                0x00000000000152e0                _IO_strtod
                0x0000000000016520                _IO_dtoa
 *fill*         0x000000000001785b        0x5 00
 .text          0x0000000000017860       0xab ../lib/libcjtmos.a(fprintf.o)
                0x0000000000017860                fprintf
                0x0000000000017890                vfprintf
 *fill*         0x000000000001790b        0x5 00
 .text          0x0000000000017910       0x24 ../lib/libcjtmos.a(modf.o)
                0x0000000000017910                modf
 *fill*         0x0000000000017934        0xc 00
 .text          0x0000000000017940      0x153 ../lib/libcjtmos.a(numbers.o)
                0x0000000000017a40                pd32
                0x0000000000017a70                pdz32
                0x0000000000017970                p16
                0x0000000000017a00                pdh32
                0x0000000000017940                p8
                0x00000000000179d0                p32z
                0x00000000000179a0                p32
 *fill*         0x0000000000017a93        0xd 00
 .text          0x0000000000017aa0      0x216 ../lib/libcjtmos.a(sprintf.o)
                0x0000000000017ad0                vsprintf
                0x0000000000017af0                _vsprintf
                0x0000000000017aa0                sprintf
 *fill*         0x0000000000017cb6        0xa 00
 .text          0x0000000000017cc0      0x11d ../lib/libcjtmos.a(dpi.o)
                0x0000000000017d70                getdevicename
                0x0000000000017dc0                getcurdev
                0x0000000000017d40                registerNewDevice
                0x0000000000017cc0                DeviceCall
                0x0000000000017da0                getdevicenrbyname
 *fill*         0x0000000000017ddd        0x3 00
 .text          0x0000000000017de0       0x28 ../lib/libcjtmos.a(floor.o)
                0x0000000000017de0                floor
                0x0000000000017e08                etext = .
                0x0000000000017e08                _etext = .

.data           0x0000000000017e08      0xb60
 *(.data)
 .data          0x0000000000017e08        0x8 ../lib/libcjtmos.a(init.o)
                0x0000000000017e08                _libc_argc
                0x0000000000017e0c                _libc_argv
 *fill*         0x0000000000017e10       0x10 00
 .data          0x0000000000017e20      0x800 ../lib/libcjtmos.a(modal.o)
                0x00000000000185c0                __customalloc_FreeList
 .data          0x0000000000018620       0x84 ../lib/libcjtmos.a(process.o)
                0x0000000000018620                errno
                0x0000000000018624                __djgpp_set_sigint_key
                0x0000000000018640                SysCWD
                0x0000000000018628                SysSearchPath
 .data          0x00000000000186a4        0x4 ../lib/libcjtmos.a(sbrk.o)
 .data          0x00000000000186a8        0x4 ../lib/libcjtmos.a(string.o)
 .data          0x00000000000186ac        0x4 ../lib/libcjtmos.a(XXidentification.o)
                0x00000000000186ac                XXidentificationString
 .data          0x00000000000186b0        0x4 ../lib/libcjtmos.a(atexit.o)
                0x00000000000186b0                __atex
 *fill*         0x00000000000186b4        0xc 00
 .data          0x00000000000186c0      0x14c ../lib/libcjtmos.a(floatconv.o)
 *(.rodata)
 .rodata        0x000000000001880c       0x8c ../lib/libcjtmos.a(string.o)
 .rodata        0x0000000000018898       0xd0 ../lib/libcjtmos.a(floatconv.o)
                0x0000000000018968                edata = .
                0x0000000000018968                _edata = .

.bss            0x0000000000018968      0x500
 *(.bss)
 .bss           0x0000000000018968        0x4 ../lib/libcjtmos.a(fsetsize.o)
 *fill*         0x000000000001896c       0x14 00
 .bss           0x0000000000018980      0x10c ../lib/libcjtmos.a(init.o)
 .bss           0x0000000000018a8c        0x4 ../lib/libcjtmos.a(modal.o)
 *fill*         0x0000000000018a90       0x10 00
 .bss           0x0000000000018aa0       0xac ../lib/libcjtmos.a(process.o)
 *fill*         0x0000000000018b4c       0x14 00
 .bss           0x0000000000018b60       0x50 ../lib/libcjtmos.a(cvt.o)
 *fill*         0x0000000000018bb0       0x10 00
 .bss           0x0000000000018bc0       0xac ../lib/libcjtmos.a(dfile.o)
 *fill*         0x0000000000018c6c       0x14 00
 .bss           0x0000000000018c80      0x1cc ../lib/libcjtmos.a(file.o)
 .bss           0x0000000000018e4c        0x4 ../lib/libcjtmos.a(floatconv.o)
 *(COMMON)
 COMMON         0x0000000000018e50        0x8 wtest3.o
                                          0x0 (size before relaxing)
                0x0000000000018e50                MALSTRU
 COMMON         0x0000000000018e58        0x4 ../lib/libcjtmos.a(process.o)
                                          0x0 (size before relaxing)
                0x0000000000018e58                ___djgpp_exception_state_ptr
 COMMON         0x0000000000018e5c        0xc ../lib/libcjtmos.a(file.o)
                                          0x0 (size before relaxing)
                0x0000000000018e5c                stdout
                0x0000000000018e60                stdin
                0x0000000000018e64                stderr
                0x0000000000018e68                end = .
                0x0000000000018e68                _end = .
                0x0000000000018e68                appregionend = .
LOAD ../lib/libcjtmos.a
OUTPUT(format=binary binary)

.comment        0x0000000000000000      0x290
 .comment       0x0000000000000000       0x1f ../libc/stlibc.o
 .comment       0x000000000000001f       0x12 wtest3.o
 .comment       0x0000000000000031       0x12 ../lib/libcjtmos.a(fclose.o)
 .comment       0x0000000000000043       0x12 ../lib/libcjtmos.a(fflush.o)
 .comment       0x0000000000000055       0x12 ../lib/libcjtmos.a(filebuf.o)
 .comment       0x0000000000000067       0x12 ../lib/libcjtmos.a(fopen.o)
 .comment       0x0000000000000079       0x12 ../lib/libcjtmos.a(fseek.o)
 .comment       0x000000000000008b       0x12 ../lib/libcjtmos.a(fsetsize.o)
 .comment       0x000000000000009d       0x12 ../lib/libcjtmos.a(init.o)
 .comment       0x00000000000000af       0x12 ../lib/libcjtmos.a(modal.o)
 .comment       0x00000000000000c1       0x12 ../lib/libcjtmos.a(postsup.o)
 .comment       0x00000000000000d3       0x12 ../lib/libcjtmos.a(printf.o)
 .comment       0x00000000000000e5       0x12 ../lib/libcjtmos.a(process.o)
 .comment       0x00000000000000f7       0x12 ../lib/libcjtmos.a(sbrk.o)
 .comment       0x0000000000000109       0x1f ../lib/libcjtmos.a(scall.o)
 .comment       0x0000000000000128       0x12 ../lib/libcjtmos.a(strchr.o)
 .comment       0x000000000000013a       0x12 ../lib/libcjtmos.a(string.o)
 .comment       0x000000000000014c       0x12 ../lib/libcjtmos.a(strncat.o)
 .comment       0x000000000000015e       0x12 ../lib/libcjtmos.a(XXidentification.o)
 .comment       0x0000000000000170       0x12 ../lib/libcjtmos.a(atexit.o)
 .comment       0x0000000000000182       0x12 ../lib/libcjtmos.a(console.o)
 .comment       0x0000000000000194       0x12 ../lib/libcjtmos.a(ctypefamily.o)
 .comment       0x00000000000001a6       0x12 ../lib/libcjtmos.a(cvt.o)
 .comment       0x00000000000001b8       0x12 ../lib/libcjtmos.a(date.o)
 .comment       0x00000000000001ca       0x12 ../lib/libcjtmos.a(dfile.o)
 .comment       0x00000000000001dc       0x12 ../lib/libcjtmos.a(error.o)
 .comment       0x00000000000001ee       0x12 ../lib/libcjtmos.a(fgetsize.o)
 .comment       0x0000000000000200       0x12 ../lib/libcjtmos.a(file.o)
 .comment       0x0000000000000212       0x12 ../lib/libcjtmos.a(floatconv.o)
 .comment       0x0000000000000224       0x12 ../lib/libcjtmos.a(fprintf.o)
 .comment       0x0000000000000236       0x12 ../lib/libcjtmos.a(modf.o)
 .comment       0x0000000000000248       0x12 ../lib/libcjtmos.a(numbers.o)
 .comment       0x000000000000025a       0x12 ../lib/libcjtmos.a(sprintf.o)
 .comment       0x000000000000026c       0x12 ../lib/libcjtmos.a(dpi.o)
 .comment       0x000000000000027e       0x12 ../lib/libcjtmos.a(floor.o)

.rodata.str1.1  0x0000000000000290      0x1c8
 .rodata.str1.1
                0x0000000000000290       0x4a wtest3.o
 .rodata.str1.1
                0x00000000000002da       0x17 ../lib/libcjtmos.a(filebuf.o)
 .rodata.str1.1
                0x00000000000002f1       0x24 ../lib/libcjtmos.a(fopen.o)
 .rodata.str1.1
                0x0000000000000315       0x1e ../lib/libcjtmos.a(init.o)
 .rodata.str1.1
                0x0000000000000333        0x7 ../lib/libcjtmos.a(printf.o)
 .rodata.str1.1
                0x000000000000033a        0x9 ../lib/libcjtmos.a(process.o)
 .rodata.str1.1
                0x0000000000000343       0x31 ../lib/libcjtmos.a(string.o)
 .rodata.str1.1
                0x0000000000000374        0xc ../lib/libcjtmos.a(console.o)
 .rodata.str1.1
                0x0000000000000380       0x5e ../lib/libcjtmos.a(ctypefamily.o)
 .rodata.str1.1
                0x00000000000003de       0x4c ../lib/libcjtmos.a(error.o)
 .rodata.str1.1
                0x000000000000042a        0xa ../lib/libcjtmos.a(file.o)
 .rodata.str1.1
                0x0000000000000434        0xf ../lib/libcjtmos.a(floatconv.o)
 .rodata.str1.1
                0x0000000000000443        0x2 ../lib/libcjtmos.a(numbers.o)
 .rodata.str1.1
                0x0000000000000445        0x8 ../lib/libcjtmos.a(sprintf.o)
 .rodata.str1.1
                0x000000000000044d        0xb ../lib/libcjtmos.a(dpi.o)

.rodata.str1.32
                0x0000000000000460      0x1e8
 .rodata.str1.32
                0x0000000000000460       0x2f ../lib/libcjtmos.a(modal.o)
 *fill*         0x000000000000048f       0x11 00
 .rodata.str1.32
                0x00000000000004a0       0xb1 ../lib/libcjtmos.a(process.o)
 *fill*         0x0000000000000551        0xf 00
 .rodata.str1.32
                0x0000000000000560       0x36 ../lib/libcjtmos.a(XXidentification.o)
 *fill*         0x0000000000000596        0xa 00
 .rodata.str1.32
                0x00000000000005a0       0x6a ../lib/libcjtmos.a(file.o)
 *fill*         0x000000000000060a       0x16 00
 .rodata.str1.32
                0x0000000000000620       0x28 ../lib/libcjtmos.a(dpi.o)

.rodata.cst8    0x0000000000000648       0x88
 .rodata.cst8   0x0000000000000648       0x10 ../lib/libcjtmos.a(cvt.o)
 .rodata.cst8   0x0000000000000658       0x78 ../lib/libcjtmos.a(floatconv.o)
