Archive member included       because of file (symbol)

../lib/libcjtmos.a(directdisk.o)
                              install.o (getdevnrbyname)
../lib/libcjtmos.a(file.o)    install.o (_fsetsize)
../lib/libcjtmos.a(filebuf.o)
                              ../lib/libcjtmos.a(file.o) (frefresh)
../lib/libcjtmos.a(init.o)    ../libc/stlibc.o (init_libc)
../lib/libcjtmos.a(memcpy.o)  ../lib/libcjtmos.a(filebuf.o) (memcpy)
../lib/libcjtmos.a(modal.o)   install.o (malloc)
../lib/libcjtmos.a(postsup.o)
                              ../lib/libcjtmos.a(directdisk.o) (PostmanWaitAck)
../lib/libcjtmos.a(printf.o)  install.o (printf)
../lib/libcjtmos.a(process.o)
                              install.o (chdir)
../lib/libcjtmos.a(sbrk.o)    ../lib/libcjtmos.a(modal.o) (sbrk)
../lib/libcjtmos.a(scall.o)   ../lib/libcjtmos.a(directdisk.o) (scall)
../lib/libcjtmos.a(sprintf.o)
                              ../lib/libcjtmos.a(file.o) (svprintf)
../lib/libcjtmos.a(strchr.o)  ../lib/libcjtmos.a(process.o) (strchr)
../lib/libcjtmos.a(string.o)  ../lib/libcjtmos.a(modal.o) (bzero)
../lib/libcjtmos.a(strncat.o)
                              ../lib/libcjtmos.a(string.o) (strncat)
../lib/libcjtmos.a(strncpy.o)
                              ../lib/libcjtmos.a(process.o) (strncpy)
../lib/libcjtmos.a(XXidentification.o)
                              ../lib/libcjtmos.a(init.o) (XXidentificationString)
../lib/libcjtmos.a(atexit.o)  ../lib/libcjtmos.a(init.o) (run_atexit)
../lib/libcjtmos.a(console.o)
                              ../lib/libcjtmos.a(filebuf.o) (getch)
../lib/libcjtmos.a(ctypefamily.o)
                              ../lib/libcjtmos.a(printf.o) (isdigit)
../lib/libcjtmos.a(cvt.o)     ../lib/libcjtmos.a(string.o) (ecvt)
../lib/libcjtmos.a(date.o)    ../lib/libcjtmos.a(process.o) (getdate)
../lib/libcjtmos.a(dfile.o)   ../lib/libcjtmos.a(filebuf.o) (readfile)
../lib/libcjtmos.a(error.o)   ../lib/libcjtmos.a(file.o) (LIBCERROR)
../lib/libcjtmos.a(floatconv.o)
                              ../lib/libcjtmos.a(string.o) (_IO_strtod)
../lib/libcjtmos.a(modf.o)    ../lib/libcjtmos.a(cvt.o) (modf)
../lib/libcjtmos.a(numbers.o)
                              ../lib/libcjtmos.a(printf.o) (p32z)
../lib/libcjtmos.a(floor.o)   ../lib/libcjtmos.a(modf.o) (floor)

Allocating common symbols
Common symbol       size              file

tmp                 0x200             install.o
stdout              0x4               ../lib/libcjtmos.a(file.o)
___djgpp_exception_state_ptr
                    0x4               ../lib/libcjtmos.a(process.o)
MALSTRU             0x8               install.o
stdin               0x4               ../lib/libcjtmos.a(file.o)
sqdsk               0x1c              install.o
dataOffs            0x4               install.o
stderr              0x4               ../lib/libcjtmos.a(file.o)

Memory Configuration

Name             Origin             Length             Attributes
*default*        0x00000000         0xffffffff

Linker script and memory map

LOAD ../libc/stlibc.o
LOAD install.o

.text           0x00010000     0x7f96
                0x00010000                _start=.
                0x00010000                appregionstart=.
 *(.text)
 .text          0x00010000       0x28 ../libc/stlibc.o
                0x00010000                libc_startup
 *fill*         0x00010028        0x8
 .text          0x00010030      0x9c5 install.o
                0x00010210                read_entrydescs
                0x000100a0                block_getchar
                0x00010100                read_header
                0x00010030                block_seek
                0x00010670                extract_archive
                0x00010060                read_location
                0x00010790                main
                0x00010360                extract_entries
 *fill*         0x000109f5        0xb
 .text          0x00010a00       0xfb ../lib/libcjtmos.a(directdisk.o)
                0x00010aa0                writeblock
                0x00010a40                readblock
                0x00010a00                getdevnrbyname
 *fill*         0x00010afb        0x5
 .text          0x00010b00      0xb89 ../lib/libcjtmos.a(file.o)
                0x00011640                _formatDrive
                0x000115b0                getdevicename
                0x00011260                fgets
                0x000115f0                getcurdev
                0x00010b30                feof
                0x00010f70                remove
                0x00010da0                __faddblocks
                0x000111c0                fflush
                0x00010fe0                __fcreate
                0x00010eb0                rename
                0x00010ba0                _fsetsize
                0x000113a0                fprintf
                0x00010cf0                fexist
                0x00010c50                fseek
                0x00010e30                fsizeof
                0x00010b80                ferror
                0x00010f60                unlink
                0x00011090                _fopen
                0x00011040                __fnewstream
                0x00011480                fread
                0x00011070                fopen
                0x00010d70                StringCheck
                0x000115d0                getdevicenrbyname
                0x00010c10                ftell
                0x00010b70                clearerr
                0x000111f0                fclose
                0x000114e0                fwrite
                0x00010c30                rewind
                0x00010b00                freopen
                0x00010d00                __fexist
                0x00010e40                __fgetfilesize
                0x00010b90                fileno
                0x00011420                open
                0x00011610                formatDrive
                0x000112c0                fputs
                0x00011430                close
                0x00011320                vfprintf
 *fill*         0x00011689        0x7
 .text          0x00011690      0x2e0 ../lib/libcjtmos.a(filebuf.o)
                0x00011910                setlinebuf
                0x00011930                setvbuf
                0x000116c0                frefresh_write
                0x000118e0                setbuffer
                0x000116f0                __fenlargebuf
                0x00011690                frefresh
                0x00011800                putc
                0x00011760                fgetc
                0x00011820                fputc
                0x000118b0                setbuf
 .text          0x00011970      0x153 ../lib/libcjtmos.a(init.o)
                0x00011a60                init_libc
                0x00011970                libc_receiveargs
                0x00011a10                libc_allocate_standard_streams
 *fill*         0x00011ac3        0xd
 .text          0x00011ad0       0x17 ../lib/libcjtmos.a(memcpy.o)
                0x00011ad0                memcpy
 *fill*         0x00011ae7        0x9
 .text          0x00011af0      0xad7 ../lib/libcjtmos.a(modal.o)
                0x000122c0                malloc_stats
                0x00011f80                __internal_malloc
                0x00012510                malloc
                0x000120a0                calloc
                0x000120e0                malloc_usable_size
                0x00011d50                malloc_from_sys
                0x000124d0                realloc
                0x000121d0                memalign
                0x000120d0                cfree
                0x00012290                valloc
                0x00012560                free
 *fill*         0x000125c7        0x9
 .text          0x000125d0       0x24 ../lib/libcjtmos.a(postsup.o)
                0x000125d0                PostmanWaitAck
 *fill*         0x000125f4        0xc
 .text          0x00012600      0x1a4 ../lib/libcjtmos.a(printf.o)
                0x00012600                printf
                0x00012650                vprintf
 *fill*         0x000127a4        0xc
 .text          0x000127b0      0x95c ../lib/libcjtmos.a(process.o)
                0x00012be0                strerror
                0x00012c00                WaitProcessTermination
                0x00013100                getpagesize
                0x000127b0                GetThreadUniquePID
                0x00012b90                getc
                0x00012e20                cexec
                0x00012820                enable_irq
                0x00012c20                system
                0x00013060                GetThreadCount
                0x000130d0                sleep
                0x000127d0                diskChange
                0x00012fe0                GetThreadPriority
                0x00012bc0                abort
                0x000128c0                NewTerminal
                0x00012920                globalcopy
                0x00012bb0                stackavail
                0x00012fa0                ExitThread
                0x00012dc0                bgexec
                0x00012f20                idle_moment
                0x00012fd0                SetThreadPriority
                0x00012970                IdentifyThread
                0x00012a30                chdir
                0x00012f70                Sleep
                0x00012f50                GetTickCount
                0x00012880                OutputTerminalKeyboardBuffer
                0x000128a0                InputTerminalKeyboardBuffer
                0x00012860                CopyTerminal
                0x00013040                GetThreadMemoryUsage
                0x00012900                SetThreadTerminal
                0x000129b0                receiveMessage
                0x00012ed0                KillThread
                0x00013020                GetThreadName
                0x000128e0                GetThreadTerminal
                0x00012ba0                getchar
                0x00013080                SleepSecond
                0x00012fb0                GetCurrentThread
                0x00012f30                idle_thread
                0x00012e80                GetAmountFree
                0x00012a10                getcwd
                0x00013000                GetThreadSpending
                0x00012e90                GetProgramStart
                0x000127f0                setint
                0x000129d0                sendMessage
                0x00012950                GetSeconds
                0x00012ef0                exit
                0x00012990                GetThreadPID
                0x00012eb0                GetMemorySize
                0x00012840                GetCursorLocation
                0x000129f0                startMessageBox
                0x00012bf0                clock
                0x00012ea0                GetProgramEnd
                0x00012d60                _system
 *fill*         0x0001310c        0x4
 .text          0x00013110       0x25 ../lib/libcjtmos.a(sbrk.o)
                0x00013110                sbrk
 *fill*         0x00013135        0xb
 .text          0x00013140       0x2c ../lib/libcjtmos.a(scall.o)
                0x00013140                scall
 *fill*         0x0001316c        0x4
 .text          0x00013170      0x23b ../lib/libcjtmos.a(sprintf.o)
                0x00013170                sprintf
                0x000131a0                svprintf
 *fill*         0x000133ab        0x5
 .text          0x000133b0       0xbc ../lib/libcjtmos.a(strchr.o)
                0x000133b0                strchr
 *fill*         0x0001346c        0x4
 .text          0x00013470      0xed6 ../lib/libcjtmos.a(string.o)
                0x00013590                strcpy
                0x00013ea0                vt2202asc
                0x000142f0                StretchPrint
                0x000136a0                str2int
                0x00013e80                asc2vt220
                0x000141c0                sdouble
                0x00013470                bzero
                0x00013ef0                hex2int
                0x00013ab0                _sdec32
                0x000137f0                shex16
                0x00014010                readStringEx
                0x00014170                strtod
                0x00014190                pdouble
                0x00014120                atof
                0x00013650                strcat
                0x00013840                shex8
                0x00013fb0                strstr
                0x00013d50                CountWords
                0x00013a40                sdec32
                0x00013f70                strncmp
                0x00013720                shex32z
                0x00013490                bcopy
                0x00014150                printfloat
                0x00013620                memset
                0x00014140                stringfloat
                0x000140f0                skipSpaces
                0x000135d0                strcmp
                0x000134b0                GetRunningNumber
                0x000134d0                sptstr
                0x00013d20                isValidString
                0x000140b0                seekTowardEnd
                0x00013db0                strcpyarg
                0x00013690                dec2int
                0x000137a0                shex32
                0x00014110                atoi
                0x00013550                strlen
                0x00013880                sdec32z
                0x00013a90                sudec32
                0x00013ec0                hexchar2int
 *fill*         0x00014346        0xa
 .text          0x00014350       0x78 ../lib/libcjtmos.a(strncat.o)
                0x00014350                strncat
 *fill*         0x000143c8        0x8
 .text          0x000143d0       0x8a ../lib/libcjtmos.a(strncpy.o)
                0x000143d0                strncpy
 *fill*         0x0001445a        0x2
 *fill*         0x0001445c        0x4
 .text          0x00014460       0x3a ../lib/libcjtmos.a(atexit.o)
                0x00014460                run_atexit
                0x00014480                atexit
 *fill*         0x0001449a        0x6
 .text          0x000144a0      0x35a ../lib/libcjtmos.a(console.o)
                0x00014690                putchar
                0x000147c0                GetCTRL
                0x000144d0                gettextinfo
                0x000145d0                clrscr
                0x00014570                wherey
                0x00014710                gets
                0x000147e0                GetALT
                0x000146d0                puts
                0x00014680                putch
                0x00014630                getch
                0x000145f0                getch1
                0x00014550                wherex
                0x00014530                textbackground
                0x00014590                delay
                0x000146b0                gotoxy
                0x00014510                textcolor
                0x000144a0                ESCLOCK
 *fill*         0x000147fa        0x6
 .text          0x00014800      0x239 ../lib/libcjtmos.a(ctypefamily.o)
                0x000149c0                islower
                0x00014800                tolower
                0x00014950                ispunct
                0x000149a0                isspace
                0x00014960                isxdigit
                0x000149e0                isupper
                0x000148b0                isalpha
                0x00014a30                isgraph
                0x000148a0                isalnum
                0x00014a20                isprint
                0x00014900                isdigit
                0x00014940                iscntrl
                0x00014850                toupper
 *fill*         0x00014a39        0x7
 .text          0x00014a40      0x2b1 ../lib/libcjtmos.a(cvt.o)
                0x00014a70                fcvt
                0x00014a40                ecvt
 *fill*         0x00014cf1        0xf
 .text          0x00014d00       0xce ../lib/libcjtmos.a(date.o)
                0x00014d10                asctime
                0x00014da0                settimeofday
                0x00014d20                ctime
                0x00014d00                mktime
                0x00014db0                getdate
                0x00014d90                gettimeofday
                0x00014d70                localtime
                0x00014d80                time
                0x00014d30                strftime
                0x00014d40                strptime
                0x00014d60                gmtime
                0x00014d50                tzset
 *fill*         0x00014dce        0x2
 .text          0x00014dd0       0xd3 ../lib/libcjtmos.a(dfile.o)
                0x00014e30                writefile
                0x00014dd0                readfile
 *fill*         0x00014ea3        0xd
 .text          0x00014eb0       0x9b ../lib/libcjtmos.a(error.o)
                0x00014f30                perror
                0x00014eb0                panic
                0x00014ee0                LIBCERROR
 *fill*         0x00014f4b        0x5
 .text          0x00014f50     0x2e9c ../lib/libcjtmos.a(floatconv.o)
                0x00015b90                _IO_strtod
                0x00016c80                _IO_dtoa
 *fill*         0x00017dec        0x4
 .text          0x00017df0       0x29 ../lib/libcjtmos.a(modf.o)
                0x00017df0                modf
 *fill*         0x00017e19        0x7
 .text          0x00017e20      0x141 ../lib/libcjtmos.a(numbers.o)
                0x00017f10                pd32
                0x00017f40                pdz32
                0x00017e50                p16
                0x00017ee0                pdh32
                0x00017e20                p8
                0x00017eb0                p32z
                0x00017e80                p32
 *fill*         0x00017f61        0xf
 .text          0x00017f70       0x26 ../lib/libcjtmos.a(floor.o)
                0x00017f70                floor
                0x00017f96                etext=.
                0x00017f96                _etext=.

.data           0x00017f96     0x112c
 *(.data)
 *fill*         0x00017f96        0x2
 .data          0x00017f98       0x28 install.o
                0x00017fa0                usingDevice
                0x00017fa4                deviceNr
                0x00017fac                blockOffs
                0x00017f9c                seloffs
                0x00017fa8                blockNr
 .data          0x00017fc0        0x8 ../lib/libcjtmos.a(init.o)
                0x00017fc0                _libc_argc
                0x00017fc4                _libc_argv
 *fill*         0x00017fc8       0x18
 .data          0x00017fe0      0x800 ../lib/libcjtmos.a(modal.o)
                0x00018780                __customalloc_FreeList
 .data          0x000187e0        0x4 ../lib/libcjtmos.a(printf.o)
                0x000187e0                printf_busy
 *fill*         0x000187e4       0x1c
 .data          0x00018800       0x84 ../lib/libcjtmos.a(process.o)
                0x00018800                errno
                0x00018804                __djgpp_set_sigint_key
                0x00018820                SysCWD
                0x00018808                SysSearchPath
 .data          0x00018884        0x4 ../lib/libcjtmos.a(sbrk.o)
 .data          0x00018888        0x4 ../lib/libcjtmos.a(string.o)
 .data          0x0001888c        0x4 ../lib/libcjtmos.a(XXidentification.o)
                0x0001888c                XXidentificationString
 .data          0x00018890        0x4 ../lib/libcjtmos.a(atexit.o)
                0x00018890                __atex
 *fill*         0x00018894        0x4
 .data          0x00018898      0x124 ../lib/libcjtmos.a(floatconv.o)
 *(.rodata)
 *fill*         0x000189bc        0x4
 .rodata        0x000189c0      0x16c install.o
 *fill*         0x00018b2c       0x14
 .rodata        0x00018b40       0xca ../lib/libcjtmos.a(file.o)
 *fill*         0x00018c0a       0x16
 .rodata        0x00018c20       0x59 ../lib/libcjtmos.a(filebuf.o)
 .rodata        0x00018c79       0x1e ../lib/libcjtmos.a(init.o)
 *fill*         0x00018c97        0x9
 .rodata        0x00018ca0       0x2f ../lib/libcjtmos.a(modal.o)
 .rodata        0x00018ccf        0x7 ../lib/libcjtmos.a(printf.o)
 *fill*         0x00018cd6        0xa
 .rodata        0x00018ce0       0xb1 ../lib/libcjtmos.a(process.o)
 .rodata        0x00018d91        0x8 ../lib/libcjtmos.a(sprintf.o)
 *fill*         0x00018d99        0x3
 .rodata        0x00018d9c       0xbe ../lib/libcjtmos.a(string.o)
 *fill*         0x00018e5a        0x6
 .rodata        0x00018e60       0x36 ../lib/libcjtmos.a(XXidentification.o)
 .rodata        0x00018e96        0xc ../lib/libcjtmos.a(console.o)
 .rodata        0x00018ea2       0x5e ../lib/libcjtmos.a(ctypefamily.o)
 .rodata        0x00018f00       0x18 ../lib/libcjtmos.a(cvt.o)
 .rodata        0x00018f18       0x4c ../lib/libcjtmos.a(error.o)
 *fill*         0x00018f64        0x4
 .rodata        0x00018f68      0x158 ../lib/libcjtmos.a(floatconv.o)
 .rodata        0x000190c0        0x2 ../lib/libcjtmos.a(numbers.o)
                0x000190c2                edata=.
                0x000190c2                _edata=.

.bss            0x000190c2      0xb16
 *(.bss)
 *fill*         0x000190c2       0x1e
 .bss           0x000190e0      0x200 install.o
 .bss           0x000192e0       0xa4 ../lib/libcjtmos.a(directdisk.o)
 *fill*         0x00019384       0x1c
 .bss           0x000193a0      0x344 ../lib/libcjtmos.a(file.o)
 *fill*         0x000196e4       0x1c
 .bss           0x00019700      0x10c ../lib/libcjtmos.a(init.o)
 .bss           0x0001980c        0x4 ../lib/libcjtmos.a(modal.o)
 *fill*         0x00019810       0x10
 .bss           0x00019820       0x44 ../lib/libcjtmos.a(process.o)
 *fill*         0x00019864       0x1c
 .bss           0x00019880       0x50 ../lib/libcjtmos.a(cvt.o)
 *fill*         0x000198d0       0x10
 .bss           0x000198e0       0xa4 ../lib/libcjtmos.a(dfile.o)
 .bss           0x00019984        0x4 ../lib/libcjtmos.a(floatconv.o)
 *(COMMON)
 *fill*         0x00019988       0x18
 COMMON         0x000199a0      0x228 install.o
                                  0x0 (size before relaxing)
                0x000199a0                tmp
                0x00019ba0                MALSTRU
                0x00019ba8                sqdsk
                0x00019bc4                dataOffs
 COMMON         0x00019bc8        0xc ../lib/libcjtmos.a(file.o)
                                  0x0 (size before relaxing)
                0x00019bc8                stdout
                0x00019bcc                stdin
                0x00019bd0                stderr
 COMMON         0x00019bd4        0x4 ../lib/libcjtmos.a(process.o)
                                  0x0 (size before relaxing)
                0x00019bd4                ___djgpp_exception_state_ptr
                0x00019bd8                end=.
                0x00019bd8                _end=.
                0x00019bd8                appregionend=.
LOAD ../lib/libcjtmos.a
OUTPUT(install.bin binary)

.comment        0x00019bd8      0x6ad
 .comment       0x00019bd8       0x1f ../libc/stlibc.o
 .comment       0x00019bf7       0x3d install.o
 .comment       0x00019c34       0x3d ../lib/libcjtmos.a(directdisk.o)
 .comment       0x00019c71       0x3d ../lib/libcjtmos.a(file.o)
 .comment       0x00019cae       0x3d ../lib/libcjtmos.a(filebuf.o)
 .comment       0x00019ceb       0x3d ../lib/libcjtmos.a(init.o)
 .comment       0x00019d28       0x3d ../lib/libcjtmos.a(modal.o)
 .comment       0x00019d65       0x3d ../lib/libcjtmos.a(postsup.o)
 .comment       0x00019da2       0x3d ../lib/libcjtmos.a(printf.o)
 .comment       0x00019ddf       0x3d ../lib/libcjtmos.a(process.o)
 .comment       0x00019e1c       0x3d ../lib/libcjtmos.a(sbrk.o)
 .comment       0x00019e59       0x1f ../lib/libcjtmos.a(scall.o)
 .comment       0x00019e78       0x3d ../lib/libcjtmos.a(sprintf.o)
 .comment       0x00019eb5       0x3d ../lib/libcjtmos.a(strchr.o)
 .comment       0x00019ef2       0x3d ../lib/libcjtmos.a(string.o)
 .comment       0x00019f2f       0x3d ../lib/libcjtmos.a(strncat.o)
 .comment       0x00019f6c       0x3d ../lib/libcjtmos.a(strncpy.o)
 .comment       0x00019fa9       0x3d ../lib/libcjtmos.a(XXidentification.o)
 .comment       0x00019fe6       0x3d ../lib/libcjtmos.a(atexit.o)
 .comment       0x0001a023       0x3d ../lib/libcjtmos.a(console.o)
 .comment       0x0001a060       0x3d ../lib/libcjtmos.a(ctypefamily.o)
 .comment       0x0001a09d       0x3d ../lib/libcjtmos.a(cvt.o)
 .comment       0x0001a0da       0x3d ../lib/libcjtmos.a(date.o)
 .comment       0x0001a117       0x3d ../lib/libcjtmos.a(dfile.o)
 .comment       0x0001a154       0x3d ../lib/libcjtmos.a(error.o)
 .comment       0x0001a191       0x3d ../lib/libcjtmos.a(floatconv.o)
 .comment       0x0001a1ce       0x3d ../lib/libcjtmos.a(modf.o)
 .comment       0x0001a20b       0x3d ../lib/libcjtmos.a(numbers.o)
 .comment       0x0001a248       0x3d ../lib/libcjtmos.a(floor.o)

.note           0x00019bd8      0x21c
 .note          0x00019bd8       0x14 install.o
 .note          0x00019bec       0x14 ../lib/libcjtmos.a(directdisk.o)
 .note          0x00019c00       0x14 ../lib/libcjtmos.a(file.o)
 .note          0x00019c14       0x14 ../lib/libcjtmos.a(filebuf.o)
 .note          0x00019c28       0x14 ../lib/libcjtmos.a(init.o)
 .note          0x00019c3c       0x14 ../lib/libcjtmos.a(modal.o)
 .note          0x00019c50       0x14 ../lib/libcjtmos.a(postsup.o)
 .note          0x00019c64       0x14 ../lib/libcjtmos.a(printf.o)
 .note          0x00019c78       0x14 ../lib/libcjtmos.a(process.o)
 .note          0x00019c8c       0x14 ../lib/libcjtmos.a(sbrk.o)
 .note          0x00019ca0       0x14 ../lib/libcjtmos.a(sprintf.o)
 .note          0x00019cb4       0x14 ../lib/libcjtmos.a(strchr.o)
 .note          0x00019cc8       0x14 ../lib/libcjtmos.a(string.o)
 .note          0x00019cdc       0x14 ../lib/libcjtmos.a(strncat.o)
 .note          0x00019cf0       0x14 ../lib/libcjtmos.a(strncpy.o)
 .note          0x00019d04       0x14 ../lib/libcjtmos.a(XXidentification.o)
 .note          0x00019d18       0x14 ../lib/libcjtmos.a(atexit.o)
 .note          0x00019d2c       0x14 ../lib/libcjtmos.a(console.o)
 .note          0x00019d40       0x14 ../lib/libcjtmos.a(ctypefamily.o)
 .note          0x00019d54       0x14 ../lib/libcjtmos.a(cvt.o)
 .note          0x00019d68       0x14 ../lib/libcjtmos.a(date.o)
 .note          0x00019d7c       0x14 ../lib/libcjtmos.a(dfile.o)
 .note          0x00019d90       0x14 ../lib/libcjtmos.a(error.o)
 .note          0x00019da4       0x14 ../lib/libcjtmos.a(floatconv.o)
 .note          0x00019db8       0x14 ../lib/libcjtmos.a(modf.o)
 .note          0x00019dcc       0x14 ../lib/libcjtmos.a(numbers.o)
 .note          0x00019de0       0x14 ../lib/libcjtmos.a(floor.o)
