
Allocating common symbols
Common symbol       size              file

jtmfs_structure     0x4               ./fs/jtmfs/jtmfs.o
ps2mouse_first_time
                    0x4               ./drivers/mouse/ps2mouse.o
vesainfo            0x4               ./init/vesa.o
kbstr               0x40              ./drivers/keyboard/keyb.o
stdout              0x4               init/start.o
mm                  0x14              ./mm/mm.o
kappDataSeg         0x4               ./core/chiplevel/gdtmanipulation.o
gusThread           0xc               ./drivers/gus/gus.o
default_ramdisk     0xc               ./drivers/ramdisk/ramdisk.o
vb                  0x4               ./init/vesa.o
ShellThread         0xc               ./init/system.o
vga_terminal        0x4               ./drivers/vga/vga.o
fdelay              0x24              init/start.o
search_walk         0x4               ./mm/paging.o
pit                 0x4               ./core/chiplevel/pit.o
lptport             0x80              ./drivers/lpt/lpt.o
MSTART              0x4               ./mm/mm.o
centralprocess      0x328             init/start.o
phMEND              0x4               ./mm/mm.o
Client              0x2c              ./drivers/slip/slipDev.o
intdb               0xa404            ./core/chiplevel/intdb.o
hdb                 0x4               ./drivers/hd/cache/hdCache.o
REND                0x4               ./mm/mm.o
slip                0x8               ./drivers/slip/slipLogin.o
gdtentsys           0x4               ./core/chiplevel/gdtmanipulation.o
ms                  0xc               ./mm/scanmem.o
devq                0x640             ./drivers/driver_remdevcall.o
IdleThread          0xc               ./core/chiplevel/IdleThread.o
lin_walk            0x4               ./mm/paging.o
comportR            0x70              ./drivers/serial/serial.o
wholestring         0x4               ./init/init.o
GUSMEM              0x4               ./drivers/gus/gus.o
Mode                0x18              ./drivers/vga/vga.o
fatsys              0x4               ./fs/jtmfs/jtmfat.o
MEND                0x4               ./mm/mm.o
devdb               0x4               ./drivers/driver_sys.o
stdin               0x4               init/start.o
hwdetThread         0xc               ./core/hwdet/hwdet.o
aud                 0x1c              ./drivers/audio/audio.o
systemStarted       0x4               ./init/system.o
pci                 0x4               ./drivers/pci/pci.o
thread_CPUspending  0x3e8             init/start.o
cmdpar              0x190             ./init/init.o
sb                  0x20              ./drivers/sb/sb.o
aldb                0x4               ./mm/mm.o
debugstr            0x300             ./fs/jtmfs/jtmfs.o
sbThread            0xc               ./drivers/sb/sb.o
flextmp             0x100             ./fs/jtmfs/flexFat.o
screens             0xac00            ./drivers/term/term.o
fle                 0x4               ./fs/jtmfs/flexFat.o
LoggerThread        0xc               ./core/chiplevel/logging.o
serialport          0x60              ./drivers/serial/serial.o
phMSTART            0x4               ./mm/mm.o
fdc                 0x28              ./drivers/floppy/fdc.o
dirdb               0x535c            ./fs/jtmfs/dirdb.o
audio               0x8               ./drivers/audio/audio.o
comportW            0x70              ./drivers/serial/serial.o
exception           0x1c              ./core/chiplevel/llexception.o
threadtmp           0x320             init/start.o
stderr              0x4               init/start.o
sp                  0x14              ./drivers/slip/slipStack.o
__str               0xff              ./fs/jtmfs/jtmfat.o
phREND              0x4               ./mm/mm.o
kappCodeSeg         0x4               ./core/chiplevel/gdtmanipulation.o
rtcstr              0x14              ./drivers/cmos/rtc.o
mouse               0x2b0             ./drivers/mouse/ps2mouse.o
bc                  0x8               ./drivers/driver_BlockCache.o
MouseThread         0xc               ./drivers/mouse/SerialMouse.o
thread_shell_pointer
                    0x3e8             init/start.o
jtmfsAccess         0x14              ./fs/jtmfs/jtmfsAccess.o
sldb                0x640             ./drivers/slip/slipStack.o
StatusLine          0xc               ./core/statusline/statusline.o
str_device          0xff              ./init/init.o
SerialThread        0xc               ./drivers/serial/serial.o
SystemLog           0x1c              ./core/chiplevel/logging.o
fddb                0x8               init/start.o
keys                0x8               init/start.o
glvar               0x59c             ./init/sysglvar.o
centralprocessThread
                    0xc               ./core/cp/centralprocessInit.o
bios_data           0x10              ./init/init.o

Memory Configuration

Name             Origin             Length             Attributes
*default*        0x0000000000000000 0xffffffffffffffff

Linker script and memory map

LOAD init/start.o
LOAD ./mm/mmBit.o
LOAD ./mm/scanmem.o
LOAD ./mm/mmEntry.o
LOAD ./mm/mm.o
LOAD ./mm/paging.o
LOAD ./mm/mmTest.o
LOAD ./mm/mmAlloc.o
LOAD ./drivers/driver_diskchange.o
LOAD ./drivers/driver_lock.o
LOAD ./drivers/driver_flush.o
LOAD ./drivers/driver_remdevcall.o
LOAD ./drivers/driver_api_devcall.o
LOAD ./drivers/driver_api.o
LOAD ./drivers/driver_rw.o
LOAD ./drivers/driver_init.o
LOAD ./drivers/driver_sys.o
LOAD ./drivers/driver_BlockCache.o
LOAD ./drivers/fardcall.o
LOAD ./drivers/partsup/partsup.o
LOAD ./drivers/keyboard/keyb.o
LOAD ./drivers/keyboard/scanasc.o
LOAD ./drivers/keyboard/keybISR.o
LOAD ./drivers/lpt/lpt.o
LOAD ./drivers/ega/ega.o
LOAD ./drivers/ega/ega_ansi.o
LOAD ./drivers/audio/audio.o
LOAD ./drivers/floppy/fdc_dev2.o
LOAD ./drivers/floppy/fdcCache.o
LOAD ./drivers/floppy/fdc.o
LOAD ./drivers/floppy/fdcser.o
LOAD ./drivers/floppy/fdc_dev.o
LOAD ./drivers/floppy/fdc_interrupt.o
LOAD ./drivers/slip/slipKernelMain.o
LOAD ./drivers/slip/slipDev.o
LOAD ./drivers/slip/slipLogin.o
LOAD ./drivers/slip/slipService.o
LOAD ./drivers/slip/slipConfig.o
LOAD ./drivers/slip/slipStack.o
LOAD ./drivers/slip/slip.o
LOAD ./drivers/term/term.o
LOAD ./drivers/null/null.o
LOAD ./drivers/mouse/SerialMouseDev.o
LOAD ./drivers/mouse/ps2mouse.o
LOAD ./drivers/mouse/SerialMouse.o
LOAD ./drivers/mouse/mouse.o
LOAD ./drivers/mouse/SerialMouse_interrupt.o
LOAD ./drivers/mouse/ps2mouse_interrupt.o
LOAD ./drivers/pci/pci.o
LOAD ./drivers/vmware/vmware.o
LOAD ./drivers/vga/sysvga.o
LOAD ./drivers/vga/vga.o
LOAD ./drivers/vga/sysgfx.o
LOAD ./drivers/alt/alt.o
LOAD ./drivers/serial/serial_dev.o
LOAD ./drivers/serial/serial.o
LOAD ./drivers/serial/serial_interrupt.o
LOAD ./drivers/gus/gus.o
LOAD ./drivers/gus/gus_interrupt.o
LOAD ./drivers/sb/sb_dev.o
LOAD ./drivers/sb/sb.o
LOAD ./drivers/sb/sb_interrupt.o
LOAD ./drivers/ramdisk/ramser.o
LOAD ./drivers/ramdisk/ramdisk.o
LOAD ./drivers/hd/hdDetect.o
LOAD ./drivers/hd/hdDev.o
LOAD ./drivers/hd/hdMisc.o
LOAD ./drivers/hd/hdBlockRW.o
LOAD ./drivers/hd/hdRW.o
LOAD ./drivers/hd/hdIRQ.o
LOAD ./drivers/hd/lowLBA.o
LOAD ./drivers/hd/lowCHS.o
LOAD ./drivers/hd/hdReset.o
LOAD ./drivers/hd/hdService.o
LOAD ./drivers/hd/chs.o
LOAD ./drivers/hd/hd.o
LOAD ./drivers/hd/hdInt.o
LOAD ./drivers/hd/cache/hdCacheEntry.o
LOAD ./drivers/hd/cache/hdCacheFlush.o
LOAD ./drivers/hd/cache/hdCache.o
LOAD ./drivers/hd/cache/hdCacheAccess.o
LOAD ./drivers/cmos/cmos.o
LOAD ./drivers/cmos/rtc.o
LOAD ./drivers/cmos/cmos_dev.o
LOAD ./drivers/tcp/tcp.o
LOAD ./drivers/tcp/ts.o
LOAD ./drivers/tcp/www_server.o
LOAD ./drivers/tcp/ConnectHost.o
LOAD ./drivers/tcp/PacketDump.o
LOAD ./drivers/tcp/rawpacket.o
LOAD ./drivers/tcp/SendPacket.o
LOAD ./drivers/tcp/tcpConfig.o
LOAD ./drivers/tcp/tcpDev.o
LOAD ./drivers/tcp/icmp.o
LOAD ./drivers/tcp/tcpMain.o
LOAD ./drivers/tcp/tcpService.o
LOAD ./drivers/tcp/ip.o
LOAD ./drivers/tcp/tcpchksum.o
LOAD ./drivers/tcp/socket.o
LOAD ./drivers/zero/zero.o
LOAD ./core/speaker/speaker.o
LOAD ./core/asm/aslib.o
LOAD ./core/dispadmin/dispadmin.o
LOAD ./core/statusline/statusline.o
LOAD ./core/cp/centralprocessInit.o
LOAD ./core/cp/exeidentificationmodule.o
LOAD ./core/cp/centralprocess.o
LOAD ./core/cp/reboot.o
LOAD ./core/cp/panic.o
LOAD ./core/cp/LaunchApp.o
LOAD ./core/cp/scheduler.o
LOAD ./core/cp/errors.o
LOAD ./core/cp/centralprocessMain.o
LOAD ./core/cp/gpf.o
LOAD ./core/speed/speed.o
LOAD ./core/random/random.o
LOAD ./core/fixal/fixal.o
LOAD ./core/dataproc/gets.o
LOAD ./core/dataproc/memcpy.o
LOAD ./core/dataproc/strchr.o
LOAD ./core/dataproc/floorl.o
LOAD ./core/dataproc/floatconv.o
LOAD ./core/dataproc/ctypefamily.o
LOAD ./core/dataproc/sprintf.o
LOAD ./core/dataproc/strtok_r.o
LOAD ./core/dataproc/modf.o
LOAD ./core/dataproc/printf.o
LOAD ./core/dataproc/strncat.o
LOAD ./core/dataproc/strcspn.o
LOAD ./core/dataproc/sscanf.o
LOAD ./core/dataproc/string.o
LOAD ./core/dataproc/floor.o
LOAD ./core/dataproc/strtok.o
LOAD ./core/dataproc/strdup.o
LOAD ./core/dataproc/strspn.o
LOAD ./core/dataproc/cvt.o
LOAD ./core/dataproc/hexdump.o
LOAD ./core/useradmin/useradmin.o
LOAD ./core/chiplevel/postcommands.o
LOAD ./core/chiplevel/pit.o
LOAD ./core/chiplevel/tss.o
LOAD ./core/chiplevel/llexception.o
LOAD ./core/chiplevel/gdtmanipulation.o
LOAD ./core/chiplevel/scs2.o
LOAD ./core/chiplevel/corruption.o
LOAD ./core/chiplevel/stack.o
LOAD ./core/chiplevel/lock.o
LOAD ./core/chiplevel/debug.o
LOAD ./core/chiplevel/intdb.o
LOAD ./core/chiplevel/intgdt.o
LOAD ./core/chiplevel/exception.o
LOAD ./core/chiplevel/delay.o
LOAD ./core/chiplevel/int.o
LOAD ./core/chiplevel/coprocessor_not_found.o
LOAD ./core/chiplevel/logging.o
LOAD ./core/chiplevel/ansiwin.o
LOAD ./core/chiplevel/io.o
LOAD ./core/chiplevel/msgbox.o
LOAD ./core/chiplevel/dma.o
LOAD ./core/chiplevel/scs.o
LOAD ./core/chiplevel/system_call.o
LOAD ./core/chiplevel/IdleThread.o
LOAD ./core/chiplevel/exec.o
LOAD ./core/chiplevel/dfunc.o
LOAD ./core/chiplevel/scs_devices.o
LOAD ./core/chiplevel/coprocessor.o
LOAD ./core/chiplevel/mkstack.o
LOAD ./core/chiplevel/scall_handler.o
LOAD ./core/chiplevel/llint.o
LOAD ./core/chiplevel/scall.o
LOAD ./core/chiplevel/launchapp.o
LOAD ./core/chiplevel/llexc.o
LOAD ./core/environment/envint.o
LOAD ./core/environment/env.o
LOAD ./core/threads/threads.o
LOAD ./core/threads/threads_db.o
LOAD ./core/threads/threadSwitch.o
LOAD ./core/hwdet/hwdet.o
LOAD ./sh/plasma_app.o
LOAD ./sh/debugapp.o
LOAD ./sh/lsapp.o
LOAD ./sh/getopt.o
LOAD ./sh/formatapp.o
LOAD ./sh/sh.o
LOAD ./sh/chdirapp.o
LOAD ./init/buffer.o
LOAD ./init/sysglvar.o
LOAD ./init/parse.o
LOAD ./init/sysapp.o
LOAD ./init/initsystem.o
LOAD ./init/keropt.o
LOAD ./init/vesa.o
LOAD ./init/init.o
LOAD ./init/errno.o
LOAD ./init/callapp.o
LOAD ./init/biosfunc.o
LOAD ./init/system.o
LOAD ./init/foo.o
LOAD ./init/test.o
LOAD ./init/sysmisc.o
LOAD ./init/xml/XML.o
LOAD ./utils/mst.o
LOAD ./fs/fgetsize.o
LOAD ./fs/feof.o
LOAD ./fs/link.o
LOAD ./fs/fopen.o
LOAD ./fs/_virtualfilesystem_devcall.o
LOAD ./fs/freopen.o
LOAD ./fs/fprintf.o
LOAD ./fs/ftell.o
LOAD ./fs/_close.o
LOAD ./fs/_write.o
LOAD ./fs/filedes.o
LOAD ./fs/_mkdir.o
LOAD ./fs/_lseek.o
LOAD ./fs/_fgetsize.o
LOAD ./fs/stat.o
LOAD ./fs/_opensocket.o
LOAD ./fs/_open.o
LOAD ./fs/_stat.o
LOAD ./fs/filebuf.o
LOAD ./fs/_read.o
LOAD ./fs/fseek.o
LOAD ./fs/api.o
LOAD ./fs/fflush.o
LOAD ./fs/fsetsize.o
LOAD ./fs/fclose.o
LOAD ./fs/file.o
LOAD ./fs/tmpnam.o
LOAD ./fs/filedir.o
LOAD ./fs/_chdir.o
LOAD ./fs/filedesbuf.o
LOAD ./fs/fat12/msdosio.o
LOAD ./fs/jtmfs/jtmfsPath.o
LOAD ./fs/jtmfs/fslast.o
LOAD ./fs/jtmfs/directfileaccess.o
LOAD ./fs/jtmfs/fname_translation.o
LOAD ./fs/jtmfs/isJTMFS.o
LOAD ./fs/jtmfs/jtmfs.o
LOAD ./fs/jtmfs/fsfind.o
LOAD ./fs/jtmfs/dirdbWalk.o
LOAD ./fs/jtmfs/flexCorruption.o
LOAD ./fs/jtmfs/fsdev.o
LOAD ./fs/jtmfs/dirdbFind.o
LOAD ./fs/jtmfs/mount.o
LOAD ./fs/jtmfs/createfat.o
LOAD ./fs/jtmfs/fsadd.o
LOAD ./fs/jtmfs/flexFat.o
LOAD ./fs/jtmfs/dirdbAccess.o
LOAD ./fs/jtmfs/format.o
LOAD ./fs/jtmfs/dirdbInformation.o
LOAD ./fs/jtmfs/WriteChain.o
LOAD ./fs/jtmfs/writeDir.o
LOAD ./fs/jtmfs/fsdos.o
LOAD ./fs/jtmfs/dirdb.o
LOAD ./fs/jtmfs/jtmfsAccessInit.o
LOAD ./fs/jtmfs/root.o
LOAD ./fs/jtmfs/fswalk.o
LOAD ./fs/jtmfs/jtmfsAccess.o
LOAD ./fs/jtmfs/fsaddblocks.o
LOAD ./fs/jtmfs/ReadChain.o
LOAD ./fs/jtmfs/jtmfat.o
LOAD ./fs/jtmfs/dir.o
LOAD ./fs/jtmfs/dirdbCorruption.o
                0x0000000000020000                . = 0x20000

.text           0x0000000000020000    0x437ba
 *(.text)
 .text          0x0000000000020000       0x44 init/start.o
                0x0000000000020000                _boot_up
 *fill*         0x0000000000020044        0xc 
 .text          0x0000000000020050      0x24e ./mm/mmBit.o
                0x0000000000020050                malloc_getamountfree
                0x00000000000200a0                malloc_getmemoryfree
                0x00000000000200f0                mmFindFreePages
                0x0000000000020160                mmSetRegion
                0x00000000000201e0                mmFreeRegion
                0x0000000000020210                mmFreeRegionAD
                0x0000000000020240                mmReserveRegion
                0x0000000000020270                mmReserveRegionAD
 *fill*         0x000000000002029e        0x2 
 .text          0x00000000000202a0      0x1aa ./mm/scanmem.o
                0x00000000000202a0                scanmem1
                0x0000000000020400                scanmem
                0x0000000000020440                GetRamAmount
 *fill*         0x000000000002044a        0x6 
 .text          0x0000000000020450      0x27e ./mm/mmEntry.o
                0x0000000000020450                mmRemoveEntry
                0x00000000000204b0                mmGiveMD
                0x00000000000204f0                mmGetNewEntry
                0x0000000000020550                mmNewEntry
                0x0000000000020580                mmFindFreeEntry
                0x00000000000205d0                mmDetermineOwner
                0x0000000000020620                GetChunkOwner
                0x0000000000020650                mmAddEntry
 *fill*         0x00000000000206ce        0x2 
 .text          0x00000000000206d0      0x52b ./mm/mm.o
                0x00000000000206d0                MMPANIC
                0x00000000000207a0                mm_Diagnostics
                0x0000000000020850                ShowPageMap
                0x00000000000208e0                mmInit
 *fill*         0x0000000000020bfb        0x5 
 .text          0x0000000000020c00      0x8a3 ./mm/paging.o
                0x0000000000020c00                pg_unmapmemory
                0x0000000000020c70                FindEmptyArea
                0x0000000000020d50                pg_mapmemory
                0x0000000000020df0                _pg_allocEx
                0x0000000000020f20                _pg_alloc
                0x0000000000020f50                GetKernelPageDirPTR
                0x0000000000020f60                GetKernelPageTablePTR
                0x0000000000020f70                Demonstrate
                0x0000000000020fa0                GenLinTable
                0x0000000000020fe0                GetPage
                0x0000000000021000                GetPage1
                0x0000000000021010                SetPage
                0x0000000000021060                SetPage1
                0x00000000000210b0                pg_enable
                0x00000000000210d0                pg_QuickMap
                0x0000000000021160                pg_init
                0x0000000000021420                PageDump
                0x0000000000021480                PageDumpNear
 *fill*         0x00000000000214a3        0xd 
 .text          0x00000000000214b0      0x1c0 ./mm/mmTest.o
                0x00000000000214b0                mmTest
 .text          0x0000000000021670      0x9e1 ./mm/mmAlloc.o
                0x0000000000021830                malloc_optimize
                0x0000000000021840                malloc_dumpchunkinfoEx
                0x0000000000021850                malloc_restfree
                0x0000000000021860                AffectProcessML
                0x0000000000021890                free1
                0x0000000000021970                mmPause
                0x0000000000021980                SetMemoryName
                0x0000000000021990                kfree
                0x00000000000219c0                malloc_freeprocmem
                0x0000000000021ad0                malloc_getsize
                0x0000000000021b80                ChangeChunkOwner
                0x0000000000021c70                _kmalloc
                0x0000000000021e00                kmalloc
                0x0000000000021e90                malloc1
                0x0000000000021fa0                procmalloc
                0x0000000000022030                _kfree
 *fill*         0x0000000000022051        0xf 
 .text          0x0000000000022060       0x25 ./drivers/driver_diskchange.o
                0x0000000000022060                diskchange
                0x0000000000022070                DiskChange
                0x0000000000022080                diskchangednr
 *fill*         0x0000000000022085        0xb 
 .text          0x0000000000022090       0xf2 ./drivers/driver_lock.o
                0x0000000000022090                driver_directAccessLockOn
                0x00000000000220e0                driver_directAccessLockOff
                0x00000000000220f0                driver_forceSetLock
                0x0000000000022110                driver_getLock
                0x0000000000022120                driver_lockOn
                0x0000000000022170                driver_lockOff
 *fill*         0x0000000000022182        0xe 
 .text          0x0000000000022190      0x209 ./drivers/driver_flush.o
                0x0000000000022190                driver_TriggerCacheFlush1
                0x00000000000221d0                driver_TriggerCacheFlush
                0x0000000000022210                FlushAll
                0x0000000000022220                _FlushCache
                0x0000000000022360                driver_FlushDrive
 *fill*         0x0000000000022399        0x7 
 .text          0x00000000000223a0      0x1c0 ./drivers/driver_remdevcall.o
                0x00000000000223a0                remoteDeviceCall
 .text          0x0000000000022560      0x1d5 ./drivers/driver_api_devcall.o
                0x0000000000022560                device_call
 *fill*         0x0000000000022735        0xb 
 .text          0x0000000000022740      0x2a7 ./drivers/driver_api.o
                0x0000000000022740                driver_getDebugVar
                0x0000000000022750                DumpDC
                0x00000000000227b0                IllegalPacket
                0x0000000000022810                getsize
                0x0000000000022870                getblocksize
                0x00000000000228e0                chdev
                0x0000000000022900                driver_unmountDNR
                0x0000000000022980                driver_mountDNR
                0x00000000000229d0                isDriveReady
                0x00000000000229e0                diskChange
 *fill*         0x00000000000229e7        0x9 
 .text          0x00000000000229f0      0x485 ./drivers/driver_rw.o
                0x00000000000229f0                readblock1
                0x0000000000022ab0                _readblock
                0x0000000000022b20                readblock
                0x0000000000022bd0                writeblock1
                0x0000000000022c70                _writeblock
                0x0000000000022ce0                writeblock
                0x0000000000022d90                writeblocks
                0x0000000000022e00                readblocks
                0x0000000000022e70                HDLED
 *fill*         0x0000000000022e75        0xb 
 .text          0x0000000000022e80        0x5 ./drivers/driver_init.o
                0x0000000000022e80                driver_init
 *fill*         0x0000000000022e85        0xb 
 .text          0x0000000000022e90      0x761 ./drivers/driver_sys.o
                0x0000000000022e90                driver_dummy
                0x0000000000022ea0                driver_getmaxdevices
                0x0000000000022eb0                driver_ping
                0x0000000000022f50                driver_ShutdownAllDevices
                0x0000000000022fd0                DevRemPID
                0x0000000000022fe0                driver_nr
                0x0000000000022ff0                driver_getAlias
                0x0000000000023010                isValidDevice
                0x0000000000023050                driver_register_new_deviceEx
                0x0000000000023130                driver_register_new_device
                0x0000000000023170                driver_sys_init
                0x0000000000023250                driver_getdeviceamount
                0x0000000000023260                driver_getdevice
                0x00000000000232a0                driver_getdevicenrbyname
                0x0000000000023360                device
                0x0000000000023370                getdevicenrbyname
                0x0000000000023380                driver_getdevicebyname
                0x0000000000023420                driver_getdevicename
                0x00000000000234c0                driver_TestDevice
                0x0000000000023530                driver_removedevice
                0x0000000000023580                driver_disableDAPIReadCache
                0x00000000000235c0                driver_enableDAPIReadCache
 *fill*         0x00000000000235f1        0xf 
 .text          0x0000000000023600        0x5 ./drivers/driver_BlockCache.o
                0x0000000000023600                cacheRB
 *fill*         0x0000000000023605        0xb 
 .text          0x0000000000023610       0x9f ./drivers/fardcall.o
                0x0000000000023610                fardcall
 *fill*         0x00000000000236af        0x1 
 .text          0x00000000000236b0      0x5bd ./drivers/partsup/partsup.o
                0x0000000000023a70                get_partition_table_by_name
                0x0000000000023ad0                partition_table_support_init
 *fill*         0x0000000000023c6d        0x3 
 .text          0x0000000000023c70      0x992 ./drivers/keyboard/keyb.o
                0x0000000000023c70                keyb_device_call
                0x0000000000023cc0                GetCTRL
                0x0000000000023cd0                GetALT
                0x0000000000023ce0                HandleStickKeys
                0x0000000000023d00                kb_outbuf
                0x0000000000023d20                kb_output_asc_buffer
                0x0000000000023dc0                incmark
                0x0000000000023dd0                getmark
                0x0000000000023de0                storemark
                0x0000000000023e00                getch1
                0x0000000000023e40                OutputKeyboard
                0x0000000000023e80                WriteKeyboard
                0x0000000000023ec0                translate_keyboard_situation
                0x0000000000023ed0                keyb_register_device
                0x0000000000023f20                kbwaitstatus
                0x0000000000023f90                kbwait
                0x0000000000023fe0                kbwrite
                0x0000000000024040                kbcmd
                0x0000000000024080                kbwaitdata
                0x00000000000240f0                kbread
                0x0000000000024160                setleds
                0x00000000000241f0                kb_hwinit
                0x0000000000024230                InitKeyboard
                0x00000000000243f0                getch
                0x0000000000024420                directgetch
                0x0000000000024480                RedirectKeyboardStream
                0x00000000000244c0                keyb_handler
                0x00000000000245f0                kbhit
 *fill*         0x0000000000024602        0xe 
 .text          0x0000000000024610     0x13c9 ./drivers/keyboard/scanasc.o
                0x0000000000024610                uppercase
                0x0000000000024660                scan_to_asc
 *fill*         0x00000000000259d9        0x7 
 .text          0x00000000000259e0       0xbb ./drivers/keyboard/keybISR.o
                0x0000000000025a38                keyb_ISR
 *fill*         0x0000000000025a9b        0x5 
 .text          0x0000000000025aa0      0x4a0 ./drivers/lpt/lpt.o
                0x0000000000025aa0                lpt_device_call
                0x0000000000025ae0                lpt_register_device
                0x0000000000025b40                lpt_sniff_port
                0x0000000000025ba0                lpt_hwinit
                0x0000000000025cd0                lpt_init
                0x0000000000025d10                lpt_input_value
                0x0000000000025d80                lpt_receive_byte
                0x0000000000025df0                lpt_transmit_byte
                0x0000000000025e90                lpt_get
                0x0000000000025ea0                lpt_put
 .text          0x0000000000025f40      0x1f3 ./drivers/ega/ega.o
                0x0000000000025f40                ega_device_call
                0x0000000000025f50                EGASafeMode
                0x0000000000025f90                EgaSetViewStart
                0x0000000000025fe0                EgaSelectWindow
                0x0000000000026020                ega_register_device
                0x0000000000026080                ega_init
                0x00000000000260a0                ega_locatetxtcursor
                0x0000000000026110                EgaConsoleInit
 *fill*         0x0000000000026133        0xd 
 .text          0x0000000000026140      0x34a ./drivers/ega/ega_ansi.o
                0x0000000000026140                EraseScrFromUPToY
                0x00000000000261e0                EraseScrFromDOWNToY
                0x0000000000026280                EraseToEndOfLine
                0x00000000000262c0                HandleAnsiCode
 *fill*         0x000000000002648a        0x6 
 .text          0x0000000000026490       0xc0 ./drivers/audio/audio.o
                0x0000000000026490                audio_dev_call
                0x00000000000264a0                SendAudio
                0x00000000000264e0                audio_init
 .text          0x0000000000026550      0x1fb ./drivers/floppy/fdc_dev2.o
                0x0000000000026550                floppy2_device_call
                0x00000000000266f0                floppy2_register_device
 *fill*         0x000000000002674b        0x5 
 .text          0x0000000000026750      0x24f ./drivers/floppy/fdcCache.o
                0x0000000000026780                giveBlock
                0x00000000000268c0                fdcFlushCacheEnt
                0x00000000000268e0                fdcFlushCache
                0x0000000000026900                fdcClearCache
                0x0000000000026910                fd_read_block
                0x0000000000026960                fd_write_block
 *fill*         0x000000000002699f        0x1 
 .text          0x00000000000269a0     0x144d ./drivers/floppy/fdc.o
                0x00000000000269a0                defaultDelays
                0x00000000000269e0                safeDelays
                0x0000000000026a20                FDC_DISKCHANGE
                0x0000000000026a70                fd_selectdrive
                0x0000000000026ab0                fd_sleep
                0x0000000000026b20                __fd_sleep
                0x0000000000026b90                _______fd_sleep
                0x0000000000026be0                fd_deinit
                0x0000000000026c30                fd_sendbyte
                0x0000000000026cc0                fd_getbyte
                0x0000000000026d60                fd_waitfdc
                0x0000000000026eb0                fdc_irqhandler6
                0x0000000000026f20                fd_int1c
                0x0000000000026fb0                fd_block2hts
                0x0000000000027010                fd_diskchange
                0x0000000000027020                fd_motoron
                0x00000000000270a0                fd_motoroff
                0x00000000000270f0                fd_recalibrate
                0x0000000000027150                fd_seek
                0x0000000000027200                fd_reset
                0x0000000000027340                fd_init
                0x00000000000273e0                fdc_init
                0x00000000000274d0                log_disk
                0x0000000000027590                fdc_rw
                0x00000000000278e0                fd_write_blocks
                0x00000000000279c0                fd_read_blocks
                0x0000000000027b80                format_track
 *fill*         0x0000000000027ded        0x3 
 .text          0x0000000000027df0      0x3b5 ./drivers/floppy/fdcser.o
                0x0000000000027df0                fdcDriverInit
                0x0000000000027ea0                fdcDeviceCall
                0x0000000000027f00                fdcServiceInit
                0x0000000000027f50                fdcServiceMain
                0x0000000000028110                fdcDriverMain
                0x00000000000281a0                fdcServiceEnd
 *fill*         0x00000000000281a5        0xb 
 .text          0x00000000000281b0      0x1eb ./drivers/floppy/fdc_dev.o
                0x00000000000281b0                floppy_device_call
                0x0000000000028340                floppy_register_device
 *fill*         0x000000000002839b        0x5 
 .text          0x00000000000283a0       0x95 ./drivers/floppy/fdc_interrupt.o
                0x0000000000028414                fdc_asmirqhandler6
 *fill*         0x0000000000028435        0xb 
 .text          0x0000000000028440       0x96 ./drivers/slip/slipKernelMain.o
                0x0000000000028440                SlipProcess
 *fill*         0x00000000000284d6        0xa 
 .text          0x00000000000284e0      0x23a ./drivers/slip/slipDev.o
                0x00000000000284e0                slip_register_device
                0x0000000000028520                slipDevCall
 *fill*         0x000000000002871a        0x6 
 .text          0x0000000000028720      0x3a4 ./drivers/slip/slipLogin.o
                0x0000000000028720                slipLogin
 *fill*         0x0000000000028ac4        0xc 
 .text          0x0000000000028ad0      0x170 ./drivers/slip/slipService.o
                0x0000000000028ad0                SlipRespondClient
                0x0000000000028b60                slipServiceMain
 .text          0x0000000000028c40       0x17 ./drivers/slip/slipConfig.o
                0x0000000000028c40                slipReadConfiguration
 *fill*         0x0000000000028c57        0x9 
 .text          0x0000000000028c60      0x754 ./drivers/slip/slipStack.o
                0x0000000000028c60                slipStackInit
                0x0000000000028cb0                SavePacket
                0x0000000000028d40                slipGetFreeRecEntry
                0x0000000000028d80                slipStack_ReceivePacket
                0x0000000000028dd0                slipGetFreeTraEntry
                0x0000000000028e10                slipStack_AddPacketToRecQueue
                0x0000000000028fc0                slipStack_SendPacket
                0x00000000000290e0                slipCleanUpQueues
                0x0000000000029160                slipRecNewPackets
                0x0000000000029200                slipGetTraPacket
                0x0000000000029240                slipTransmitPackets
                0x0000000000029340                slipStackCall
                0x0000000000029360                slipStack
 *fill*         0x00000000000293b4        0xc 
 .text          0x00000000000293c0      0x27e ./drivers/slip/slip.o
                0x00000000000293c0                slip_send_char
                0x00000000000293e0                slip_recv_char
                0x0000000000029420                slip_gets
                0x0000000000029490                slip_send_packet
                0x0000000000029580                slip_recv_packet
 *fill*         0x000000000002963e        0x2 
 .text          0x0000000000029640     0x2489 ./drivers/term/term.o
                0x0000000000029740                PanicOnNULL
                0x0000000000029790                GetCursorLocation
                0x00000000000297b0                FreePIDTerminals
                0x0000000000029810                OutTermKey
                0x0000000000029840                OutputTerminalKeyboardBuffer
                0x0000000000029860                InputTerminalKeyboardBuffer
                0x0000000000029880                FreeScreen
                0x0000000000029890                ReserveTerminal
                0x00000000000298d0                SetTerminalOwner
                0x00000000000298f0                GetTerminalOwner
                0x0000000000029910                AllocateScreenBuffer
                0x0000000000029960                Attention
                0x0000000000029990                attention
                0x00000000000299a0                stab
                0x00000000000299b0                GetVisibleTerminal
                0x00000000000299c0                SetVisibleTerminal
                0x00000000000299f0                SetTerminalLock
                0x0000000000029a20                GetTerminalLock
                0x0000000000029a30                wait_system_pause
                0x0000000000029a50                waitkey
                0x0000000000029a80                wherex
                0x0000000000029ab0                swherex
                0x0000000000029ad0                wherey
                0x0000000000029b00                swherey
                0x0000000000029b20                ScrRemoteCom
                0x0000000000029b90                scputch
                0x0000000000029bd0                AnsiCase
                0x0000000000029c00                gettextcolor
                0x0000000000029c30                gettextbackground
                0x0000000000029c60                textcolor
                0x0000000000029cb0                textbackground
                0x0000000000029d10                stextcolor
                0x0000000000029d30                stextbackground
                0x0000000000029d50                clearline
                0x0000000000029d80                copyline
                0x0000000000029e30                movesup
                0x0000000000029e90                movesdown
                0x0000000000029ef0                movecdown
                0x0000000000029f20                dropmark
                0x0000000000029fb0                scrpoke
                0x000000000002a010                scrpeek
                0x000000000002a030                SetTerminalScrolling
                0x000000000002a050                initscreenstructure
                0x000000000002a100                InitScreen
                0x000000000002a150                locatetxtcursor
                0x000000000002a210                sgotoxy
                0x000000000002a240                gotoxy
                0x000000000002a2b0                sgotox
                0x000000000002a2e0                gotox
                0x000000000002a370                sgotoy
                0x000000000002a3a0                gotoy
                0x000000000002a3f0                sclrscr
                0x000000000002a4b0                _clrscr
                0x000000000002a500                clrscr
                0x000000000002a570                NewTerminal
                0x000000000002a600                CreateTerminal
                0x000000000002a630                senter
                0x000000000002a6a0                movecright
                0x000000000002a700                writemark1
                0x000000000002a740                writemark
                0x000000000002a790                dwritetext
                0x000000000002a7e0                putch1
                0x000000000002a940                _putch
                0x000000000002a990                putch
                0x000000000002aa30                sputch
                0x000000000002aab0                sputs
                0x000000000002ab00                xwritetext
                0x000000000002ab40                VirtualTerminalInit
                0x000000000002aff0                xputs
                0x000000000002b040                print
                0x000000000002b0f0                printhex8
                0x000000000002b150                p8
                0x000000000002b180                printhex16
                0x000000000002b1d0                p16
                0x000000000002b220                printhex32
                0x000000000002b280                p32
                0x000000000002b2b0                printdechex32
                0x000000000002b320                pdh32
                0x000000000002b350                printhex32z
                0x000000000002b3b0                p32z
                0x000000000002b3e0                printdec32
                0x000000000002b440                pd32
                0x000000000002b470                printudec32
                0x000000000002b4d0                pud32
                0x000000000002b500                printdec32z
                0x000000000002b560                pdz32
                0x000000000002b590                sysmsg
                0x000000000002b640                swindow
                0x000000000002b6f0                window
                0x000000000002b7b0                defter
                0x000000000002b810                CursorState
                0x000000000002b830                SetHWCopy
                0x000000000002b850                BufToCopy
                0x000000000002b890                VisibleTerminals_SetHWCopy
                0x000000000002ba60                SOutCap
                0x000000000002baa0                SetTerCapture
 *fill*         0x000000000002bac9        0x7 
 .text          0x000000000002bad0       0xb2 ./drivers/null/null.o
                0x000000000002bad0                null_device_call
                0x000000000002bb10                null_register_device
                0x000000000002bb70                null_init
 *fill*         0x000000000002bb82        0xe 
 .text          0x000000000002bb90       0x91 ./drivers/mouse/SerialMouseDev.o
                0x000000000002bb90                SerialMouse_device_call
                0x000000000002bba0                SerialMouse_register_device
                0x000000000002bc00                SerialMouseInit
 *fill*         0x000000000002bc21        0xf 
 .text          0x000000000002bc30      0x8e1 ./drivers/mouse/ps2mouse.o
                0x000000000002bc30                ps2mouse_device_call
                0x000000000002bc40                ps2mouse_delay
                0x000000000002bc80                ps2mouse_kbwrite
                0x000000000002bd80                ps2mouse_kbcmd
                0x000000000002bdb0                ps2mouse_register_device
                0x000000000002be10                ps2mouse_writemouse
                0x000000000002be90                kbread1
                0x000000000002beb0                ps2mouse_drawgraphicalarrow
                0x000000000002bf30                ps2mouse_drawarrow
                0x000000000002c030                ps2mouse_irqhandler12
                0x000000000002c1b0                ps2mouse_setupirqs
                0x000000000002c1f0                ps2mouse_setrate
                0x000000000002c240                ps2mouse_setresolution
                0x000000000002c290                ps2mouse_hardwareinit
                0x000000000002c3c0                ps2mouse_modeChange
                0x000000000002c450                ps2mouse_init
 *fill*         0x000000000002c511        0xf 
 .text          0x000000000002c520      0x459 ./drivers/mouse/SerialMouse.o
                0x000000000002c520                init_MouseThread
                0x000000000002c580                SerialMouse_irqhandler4
                0x000000000002c590                SerialMouse_irqhandler3
                0x000000000002c5a0                LimitToRectArea
                0x000000000002c600                HandleSerMouse
                0x000000000002c8f0                MouseThreadProgram
                0x000000000002c910                SerialMouse_SetDivisor
                0x000000000002c930                SerialMouse_setupirqs
 *fill*         0x000000000002c979        0x7 
 .text          0x000000000002c980      0x16f ./drivers/mouse/mouse.o
                0x000000000002c980                mouse_isVisible
                0x000000000002c990                mouse_setframe
                0x000000000002c9c0                mouse_setposition
                0x000000000002c9f0                mouse_modeChange
                0x000000000002cab0                mouse_showmouse
                0x000000000002cac0                mouse_hidemouse
                0x000000000002cad0                mouse_hidecursor
                0x000000000002cae0                mouse_showcursor
 *fill*         0x000000000002caef        0x1 
 .text          0x000000000002caf0       0xb6 ./drivers/mouse/SerialMouse_interrupt.o
                0x000000000002cb68                SerialMouse_asmirqhandler4
                0x000000000002cb87                SerialMouse_asmirqhandler3
 *fill*         0x000000000002cba6        0xa 
 .text          0x000000000002cbb0       0xdb ./drivers/mouse/ps2mouse_interrupt.o
                0x000000000002cc28                ps2mouse_asmirqhandler12
 *fill*         0x000000000002cc8b        0x5 
 .text          0x000000000002cc90      0x2d8 ./drivers/pci/pci.o
                0x000000000002cc90                pci_device_call
                0x000000000002ccd0                pci_register_device
                0x000000000002cd30                pci_probe
                0x000000000002cf30                pci_init
 *fill*         0x000000000002cf68        0x8 
 .text          0x000000000002cf70       0x69 ./drivers/vmware/vmware.o
                0x000000000002cf70                InitVmwareDriver
 *fill*         0x000000000002cfd9        0x7 
 .text          0x000000000002cfe0      0x404 ./drivers/vga/sysvga.o
                0x000000000002cfe0                outvgareg
                0x000000000002d020                vga_640x480
                0x000000000002d0c0                setup_systemfont
                0x000000000002d2a0                setwplane
                0x000000000002d2e0                setrplane
                0x000000000002d320                sysvga_drawpalette
 *fill*         0x000000000002d3e4        0xc 
 .text          0x000000000002d3f0     0x1eda ./drivers/vga/vga.o
                0x000000000002d3f0                vga_device_call
                0x000000000002d400                vga_register_device
                0x000000000002d460                vga_init
                0x000000000002d480                ReadBIOSfont
                0x000000000002d490                SetMode
                0x000000000002d5e0                setpal
                0x000000000002d660                setpalette
                0x000000000002d690                setpalette4
                0x000000000002d730                setpalette16
                0x000000000002d7b0                setpalette256
                0x000000000002d810                SetVideoMode
                0x000000000002f230                setvmode
 *fill*         0x000000000002f2ca        0x6 
 .text          0x000000000002f2d0      0x284 ./drivers/vga/sysgfx.o
                0x000000000002f2d0                vga_xorpixel_m11
                0x000000000002f320                setpalettemap
                0x000000000002f390                setpaletteEx
                0x000000000002f430                setvgaplane
                0x000000000002f480                setvbank
                0x000000000002f4c0                clearvscreen
                0x000000000002f520                vga_clearscreen
                0x000000000002f530                vga_waitretrace
 *fill*         0x000000000002f554        0xc 
 .text          0x000000000002f560      0x162 ./drivers/alt/alt.o
                0x000000000002f560                altdev_device_call
                0x000000000002f640                altdev_register_device
                0x000000000002f6b0                altdev_init
 *fill*         0x000000000002f6c2        0xe 
 .text          0x000000000002f6d0       0x94 ./drivers/serial/serial_dev.o
                0x000000000002f6d0                serial_device_call
                0x000000000002f710                serial_register_device
 *fill*         0x000000000002f764        0xc 
 .text          0x000000000002f770      0x9f3 ./drivers/serial/serial.o
                0x000000000002f7b0                SerialThreadProgram
                0x000000000002f830                init_SerialThread
                0x000000000002f890                serial_biosdetect
                0x000000000002f8a0                GetSerialLineSpeed
                0x000000000002f8b0                init_serial_portEx
                0x000000000002f990                SetSerialPortSpeed
                0x000000000002f9e0                init_serial_port
                0x000000000002fa70                serialSetupIRQ
                0x000000000002faf0                serial_init1
                0x000000000002fbc0                serial_init
                0x000000000002fcc0                serial_wait_ctsend
                0x000000000002fd10                serial_print_out_status_on_error
                0x000000000002fdb0                serial_wait_transmitter
                0x000000000002fe30                serial_directput
                0x000000000002fe60                serial_put1
                0x000000000002fe90                serial_put2
                0x000000000002ff00                serial_get1
                0x000000000002ff40                serial_handlerirq
                0x000000000002ffb0                serial_irqhandler4
                0x000000000002ffd0                serial_irqhandler3
                0x000000000002fff0                serial_directget
                0x0000000000030010                serial_put
                0x0000000000030040                serial_get
                0x0000000000030070                serial_puts
                0x00000000000300d0                WaitSerialString
 *fill*         0x0000000000030163        0xd 
 .text          0x0000000000030170      0x12a ./drivers/serial/serial_interrupt.o
                0x00000000000301e4                serial_asmirqhandler4
                0x0000000000030279                serial_asmirqhandler3
 *fill*         0x000000000003029a        0x6 
 .text          0x00000000000302a0     0x1323 ./drivers/gus/gus.o
                0x00000000000302a0                gus_device_call
                0x00000000000302e0                init_gusThread
                0x0000000000030350                gus_irqhandler
                0x00000000000303a0                gus_register_device
                0x0000000000030400                gus_delay
                0x0000000000030430                gus_peek
                0x00000000000304d0                gus_poke
                0x0000000000030580                gusGetAudio
                0x00000000000305e0                gusMemoryInit
                0x0000000000030610                gus_write16
                0x0000000000030650                gus_write8
                0x0000000000030680                gus_setfreq
                0x0000000000030730                gus_setvolume
                0x00000000000307f0                gus_setbalance
                0x0000000000030890                gus_voicepos
                0x0000000000030960                gus_stopvoice
                0x0000000000030a80                gus_playvoice
                0x0000000000030cf0                gusPlayAudio
                0x0000000000030d60                gusSendMoreAudio
                0x0000000000030d80                gusStartLoop
                0x0000000000030dc0                gusProcess
                0x0000000000030e30                gus_reset
                0x0000000000031230                gus_testloc
                0x00000000000312d0                gus_detect
                0x0000000000031430                gus_findmem
                0x0000000000031480                gus_setupirq
                0x0000000000031500                gus_init
 *fill*         0x00000000000315c3        0xd 
 .text          0x00000000000315d0       0x93 ./drivers/gus/gus_interrupt.o
                0x0000000000031644                gus_ISR
 *fill*         0x0000000000031663        0xd 
 .text          0x0000000000031670       0x52 ./drivers/sb/sb_dev.o
                0x0000000000031670                sb_device_call
                0x0000000000031680                sb_register_device
 *fill*         0x00000000000316c2        0xe 
 .text          0x00000000000316d0     0x1153 ./drivers/sb/sb.o
                0x00000000000316d0                sb_getplayposition
                0x0000000000031710                sb_get_sample
                0x0000000000031830                sb_dma
                0x0000000000031910                sb_set_mixer_reg
                0x0000000000031960                sb_set_treble
                0x00000000000319a0                sb_set_bass
                0x00000000000319e0                sb_direct_output
                0x0000000000031a00                sb_set_master_volume
                0x0000000000031a20                sb_set_dsp_volume
                0x0000000000031a40                sb_set_fm_volume
                0x0000000000031a60                sb_set_cd_volume
                0x0000000000031a80                sb_set_line_volume
                0x0000000000031aa0                sb_get_mixer_reg
                0x0000000000031ae0                sb_detect_mixer
                0x0000000000031b50                sb_get_irq_nr
                0x0000000000031b70                sb_get_dma_nr
                0x0000000000031b90                sb_set_speaker_volume
                0x0000000000031bb0                sb_write_dsp
                0x0000000000031c40                sb_set_dma_blocklength
                0x0000000000031c90                sb_turn_speaker_on
                0x0000000000031cb0                sb_reset_mixer
                0x0000000000031d30                sb_turn_speaker_off
                0x0000000000031d50                sb_read_dsp
                0x0000000000031dd0                sb_get_version
                0x0000000000031e20                sb_configure
                0x0000000000031e50                sb_found
                0x0000000000031e70                sb_not_found
                0x0000000000031e80                init_sbThread
                0x0000000000031ef0                sb_reset
                0x0000000000031fb0                sb_set_frequency
                0x0000000000032030                sb_set_playback
                0x00000000000320b0                sb_play_sample
                0x0000000000032160                sb_init1
                0x0000000000032410                sb_init_
                0x00000000000324e0                sb_start_playing
                0x0000000000032520                sb_init
                0x00000000000326b0                moreData
                0x00000000000326d0                sbProcess
                0x00000000000327d0                sb_irqhandler
 *fill*         0x0000000000032823        0xd 
 .text          0x0000000000032830       0x93 ./drivers/sb/sb_interrupt.o
                0x00000000000328a4                sb_ISR
 *fill*         0x00000000000328c3        0xd 
 .text          0x00000000000328d0      0x325 ./drivers/ramdisk/ramser.o
                0x00000000000328d0                ramDriverInit
                0x0000000000032970                ramDeviceCall
                0x00000000000329d0                ramServiceInit
                0x0000000000032a20                ramServiceMain
                0x0000000000032b60                ramDriverMain
                0x0000000000032bf0                ramServiceEnd
 *fill*         0x0000000000032bf5        0xb 
 .text          0x0000000000032c00      0x65c ./drivers/ramdisk/ramdisk.o
                0x0000000000032c00                rd_register_device
                0x0000000000032c90                rd_createimage
                0x0000000000032d70                rd_createdefaultramdisk
                0x0000000000032e00                ramdisk_init
                0x0000000000032e20                rd_init
                0x0000000000032e40                rd_destroyimage
                0x0000000000032e90                rd_readblock
                0x0000000000032fa0                rd_writeblock
                0x0000000000033080                rd_getsize
                0x00000000000330f0                rdHandler
                0x00000000000331f0                rdDevCall
                0x0000000000033250                rd_getblocksize
 *fill*         0x000000000003325c        0x4 
 .text          0x0000000000033260      0x572 ./drivers/hd/hdDetect.o
                0x0000000000033260                RecalculateTotalBlocks
                0x0000000000033280                GetHDParam
                0x0000000000033400                hdTryDevice
                0x0000000000033460                StrFix
                0x00000000000334a0                hdDetermineUnits
                0x0000000000033540                hdPrimaryDetect
                0x0000000000033750                hdDetect
 *fill*         0x00000000000337d2        0xe 
 .text          0x00000000000337e0      0x287 ./drivers/hd/hdDev.o
                0x00000000000337e0                hdDeviceCall
                0x0000000000033a60                hdRegisterDevice
 *fill*         0x0000000000033a67        0x9 
 .text          0x0000000000033a70      0x331 ./drivers/hd/hdMisc.o
                0x0000000000033a70                hdChooseDrive
                0x0000000000033ab0                hdGetStatus
                0x0000000000033ad0                hdDelay
                0x0000000000033b00                hdReadError
                0x0000000000033b20                hdWaitIDEIRQ
                0x0000000000033b50                hdIsDriveBusy
                0x0000000000033b80                hdIsError
                0x0000000000033ba0                hdWait
                0x0000000000033c60                hdErrorCheck
                0x0000000000033d10                hdCommand
                0x0000000000033d30                hdRecalibrate
 *fill*         0x0000000000033da1        0xf 
 .text          0x0000000000033db0      0x166 ./drivers/hd/hdBlockRW.o
                0x0000000000033db0                hdBlockRW
 *fill*         0x0000000000033f16        0xa 
 .text          0x0000000000033f20       0xec ./drivers/hd/hdRW.o
                0x0000000000033f20                hdRW
 *fill*         0x000000000003400c        0x4 
 .text          0x0000000000034010       0xcd ./drivers/hd/hdIRQ.o
                0x0000000000034010                hdIRQ14
                0x0000000000034050                hdIRQ15
                0x0000000000034060                dhd_setuphdirqs
 *fill*         0x00000000000340dd        0x3 
 .text          0x00000000000340e0      0x40e ./drivers/hd/lowLBA.o
                0x00000000000340e0                HD_SetLBAMode
                0x0000000000034100                hdNewOrders_LBA
                0x00000000000341f0                hdSectorRW_LBA
 *fill*         0x00000000000344ee        0x2 
 .text          0x00000000000344f0      0x4b7 ./drivers/hd/lowCHS.o
                0x00000000000344f0                hdNewOrders
                0x00000000000345e0                hdSectorRW
 *fill*         0x00000000000349a7        0x9 
 .text          0x00000000000349b0       0xa5 ./drivers/hd/hdReset.o
                0x00000000000349b0                hdReset1
                0x0000000000034a10                hdReset
 *fill*         0x0000000000034a55        0xb 
 .text          0x0000000000034a60      0x4f5 ./drivers/hd/hdService.o
                0x0000000000034be0                hdDriverInit
                0x0000000000034c90                HD_DEMO
                0x0000000000034ce0                hdServiceInit
                0x0000000000034d40                hdServiceMain
                0x0000000000034ed0                hdDriverMain
                0x0000000000034f50                hdServiceEnd
 *fill*         0x0000000000034f55        0xb 
 .text          0x0000000000034f60       0x83 ./drivers/hd/chs.o
                0x0000000000034f60                isValidCHS
                0x0000000000034fb0                LinearToCHS
 *fill*         0x0000000000034fe3        0xd 
 .text          0x0000000000034ff0      0x1e3 ./drivers/hd/hd.o
                0x0000000000034ff0                hdTestDrive
                0x0000000000035080                hd_init
 *fill*         0x00000000000351d3        0xd 
 .text          0x00000000000351e0       0xc8 ./drivers/hd/hdInt.o
                0x00000000000351e0                hdLowIRQ14
                0x0000000000035245                hdLowIRQ15
 *fill*         0x00000000000352a8        0x8 
 .text          0x00000000000352b0      0x183 ./drivers/hd/cache/hdCacheEntry.o
                0x00000000000352b0                hdWipeCache
                0x00000000000352f0                hdArrangeMoreFreeEntries
                0x0000000000035330                hdArrangeFreeEntry
                0x00000000000353c0                hdFindTrackFromCache
 *fill*         0x0000000000035433        0xd 
 .text          0x0000000000035440      0x229 ./drivers/hd/cache/hdCacheFlush.o
                0x0000000000035440                hdFlushWriteBack
 *fill*         0x0000000000035669        0x7 
 .text          0x0000000000035670      0x19f ./drivers/hd/cache/hdCache.o
                0x0000000000035670                hdCacheInit
 *fill*         0x000000000003580f        0x1 
 .text          0x0000000000035810      0x2f9 ./drivers/hd/cache/hdCacheAccess.o
                0x0000000000035810                hdCacheCheckBuffers
                0x0000000000035820                hdCacheCheckBuffers1
                0x0000000000035830                hdCacheShowInfo
                0x0000000000035840                hdLoadNewTrack
                0x0000000000035910                hdCacheAccess
                0x0000000000035960                hdCacheRW
 *fill*         0x0000000000035b09        0x7 
 .text          0x0000000000035b10       0xb4 ./drivers/cmos/cmos.o
                0x0000000000035b10                cmos_read
                0x0000000000035b50                cmos_batterycheck
                0x0000000000035b80                cmos_init
 *fill*         0x0000000000035bc4        0xc 
 .text          0x0000000000035bd0      0x439 ./drivers/cmos/rtc.o
                0x0000000000035bd0                rtc_readreg
                0x0000000000035c00                rtc_writereg
                0x0000000000035c40                rtc_getsecond
                0x0000000000035c70                rtc_getminute
                0x0000000000035ca0                rtc_gethour
                0x0000000000035cd0                rtc_getday
                0x0000000000035d00                rtc_getmonth
                0x0000000000035d30                rtc_getyear
                0x0000000000035d60                rtc_busyWait
                0x0000000000035dc0                rtc_getdate
                0x0000000000035f50                rtc_getseconds
                0x0000000000036000                GetSeconds
 *fill*         0x0000000000036009        0x7 
 .text          0x0000000000036010       0x64 ./drivers/cmos/cmos_dev.o
                0x0000000000036010                cmos_device_call
                0x0000000000036020                cmos_register_device
 *fill*         0x0000000000036074        0xc 
 .text          0x0000000000036080      0x108 ./drivers/tcp/tcp.o
                0x0000000000036080                htons
                0x00000000000360a0                TCPPacketChecksumMeasurement
                0x00000000000360c0                MakeTCPPacket
 *fill*         0x0000000000036188        0x8 
 .text          0x0000000000036190      0xe1f ./drivers/tcp/ts.o
                0x00000000000361c0                ntohl
                0x00000000000361d0                NETDNR
                0x0000000000036200                SocketEngineHandleOutgoingSocket
                0x0000000000036600                SocketEngineHandleIncomingSocket
                0x0000000000036bb0                SocketEngine
                0x0000000000036c30                serviceIncomingPacket
                0x0000000000036d40                IncomingTcpPacket
                0x0000000000036e20                PacketReceived
                0x0000000000036f40                NetStackInit
 *fill*         0x0000000000036faf        0x1 
 .text          0x0000000000036fb0      0x132 ./drivers/tcp/www_server.o
                0x0000000000036fb0                compare
                0x0000000000037020                GetDoc
                0x00000000000370d0                www_server
 *fill*         0x00000000000370e2        0xe 
 .text          0x00000000000370f0      0x109 ./drivers/tcp/ConnectHost.o
                0x00000000000370f0                ConnectHost
 *fill*         0x00000000000371f9        0x7 
 .text          0x0000000000037200      0x2e0 ./drivers/tcp/PacketDump.o
                0x0000000000037200                conv16
                0x0000000000037220                ShowIPPacket
                0x0000000000037320                ShowTCPPacket
                0x00000000000374b0                PacketDump
 .text          0x00000000000374e0       0x96 ./drivers/tcp/rawpacket.o
                0x00000000000374e0                TransmitRawPacket
                0x0000000000037530                ReceiveRawPacket
 *fill*         0x0000000000037576        0xa 
 .text          0x0000000000037580      0x10b ./drivers/tcp/SendPacket.o
                0x0000000000037580                SendPacket
 *fill*         0x000000000003768b        0x5 
 .text          0x0000000000037690        0x5 ./drivers/tcp/tcpConfig.o
                0x0000000000037690                tcpReadConfiguration
 *fill*         0x0000000000037695        0xb 
 .text          0x00000000000376a0      0x12e ./drivers/tcp/tcpDev.o
                0x00000000000376a0                tcp_register_device
                0x00000000000376e0                tcpDevCall
 *fill*         0x00000000000377ce        0x2 
 .text          0x00000000000377d0       0xa8 ./drivers/tcp/icmp.o
                0x00000000000377d0                icmp_checksum
                0x0000000000037830                GenICMPEchoReply
 *fill*         0x0000000000037878        0x8 
 .text          0x0000000000037880      0x20b ./drivers/tcp/tcpMain.o
                0x0000000000037880                TcpProcess
 *fill*         0x0000000000037a8b        0x5 
 .text          0x0000000000037a90      0x127 ./drivers/tcp/tcpService.o
                0x0000000000037a90                tcpServiceRespondClient
                0x0000000000037b20                tcpDeviceCallProbe
 *fill*         0x0000000000037bb7        0x9 
 .text          0x0000000000037bc0      0x15b ./drivers/tcp/ip.o
                0x0000000000037bc0                IPAD
                0x0000000000037c00                GetLocalHostIP
                0x0000000000037c40                ip_chksum16
                0x0000000000037c80                IPPacketChecksumMeasurement
                0x0000000000037cc0                MakeIPPacket
 *fill*         0x0000000000037d1b        0x5 
 .text          0x0000000000037d20      0x1c1 ./drivers/tcp/tcpchksum.o
                0x0000000000037d20                CusAdd
                0x0000000000037d50                tcpchksum
 *fill*         0x0000000000037ee1        0xf 
 .text          0x0000000000037ef0      0x6c9 ./drivers/tcp/socket.o
                0x0000000000037ef0                ReadOutgoingSocketStream
                0x0000000000037f40                ReadIncomingSocketStream
                0x0000000000037f50                WriteIncomingSocketStream
                0x0000000000037f90                WriteOutgoingSocketStream
                0x0000000000037fe0                EjectIncomingPacket
                0x0000000000038020                StoreIncomingPacket
                0x00000000000380a0                CloseSocketNR
                0x00000000000380f0                SocketLookFor
                0x00000000000382f0                GetFreeSocket
                0x0000000000038380                OpenIncomingConnection
                0x0000000000038400                FreeSocket
                0x0000000000038410                AllocatePort
                0x0000000000038430                FreePort
                0x0000000000038450                GetFreePort
                0x0000000000038480                SocketInit
 *fill*         0x00000000000385b9        0x7 
 .text          0x00000000000385c0       0xb2 ./drivers/zero/zero.o
                0x00000000000385c0                zero_device_call
                0x0000000000038600                zero_register_device
                0x0000000000038660                zero_init
 *fill*         0x0000000000038672        0xe 
 .text          0x0000000000038680       0xad ./core/speaker/speaker.o
                0x0000000000038680                sound
 *fill*         0x000000000003872d        0x3 
 .text          0x0000000000038730      0x2ff ./core/asm/aslib.o
                0x0000000000038730                tss_goto
                0x000000000003873f                TSSJMP
                0x0000000000038753                GETESP
                0x0000000000038756                GETSS
                0x000000000003875c                GETCS
                0x0000000000038762                GETDS
                0x0000000000038768                GETES
                0x000000000003876e                GETFS
                0x0000000000038774                GETGS
                0x000000000003877a                GETCR0
                0x000000000003877e                GETCR2
                0x0000000000038782                GETCR3
                0x0000000000038786                SETCR3
                0x0000000000038793                SETCR0
                0x00000000000387a0                TripleFault
                0x00000000000387c0                STORETR
                0x00000000000387da                LOADTR
                0x00000000000387e7                get_tr
                0x00000000000387f7                NESTEDTASK
                0x0000000000038817                CLEARNT
                0x0000000000038837                asm_inc
                0x0000000000038851                blinker
                0x0000000000038867                nullinterrupt
                0x000000000003886a                nullinterrupt2
                0x0000000000038874                waitpesc
                0x0000000000038881                setupidt
                0x000000000003888f                GET_EFLAGS
                0x0000000000038892                GetCR3
                0x0000000000038896                GET_LDT
                0x0000000000038911                GETGDTOFFS
                0x000000000003895f                GETIDTOFFS
                0x000000000003896d                GIMMIE_CS
                0x0000000000038976                GIMMIE_DS
                0x000000000003897f                GIMMIE_ES
                0x0000000000038988                GIMMIE_FS
                0x0000000000038991                GIMMIE_GS
                0x000000000003899a                GIMMIE_SS
                0x00000000000389a3                SETUPGDT
                0x00000000000389d9                SETUPLDT
                0x0000000000038a04                genint
                0x0000000000038a15                false_jump
                0x0000000000038a1d                TaskSwitched
                0x0000000000038a2a                Halt
                0x0000000000038a2c                vmsleep
 *fill*         0x0000000000038a2f        0x1 
 .text          0x0000000000038a30       0x55 ./core/dispadmin/dispadmin.o
                0x0000000000038a30                dispadmin_reportmodechange
                0x0000000000038a40                dispadmin_getcurrentmode
                0x0000000000038a50                dispadmin_getstr
                0x0000000000038a60                dispadmin_xorpixel_m11
                0x0000000000038a70                dispadmin_xorpixel
 *fill*         0x0000000000038a85        0xb 
 .text          0x0000000000038a90      0x227 ./core/statusline/statusline.o
                0x0000000000038a90                statusline_thread
                0x0000000000038c50                start_statusline
 *fill*         0x0000000000038cb7        0x9 
 .text          0x0000000000038cc0       0x55 ./core/cp/centralprocessInit.o
                0x0000000000038cc0                centralprocessInit
 *fill*         0x0000000000038d15        0xb 
 .text          0x0000000000038d20      0x31f ./core/cp/exeidentificationmodule.o
                0x0000000000038d20                getExeMemReq
                0x0000000000038ef0                isExeBinary
 *fill*         0x000000000003903f        0x1 
 .text          0x0000000000039040      0x8b7 ./core/cp/centralprocess.o
                0x0000000000039170                centralprocessExplainError
                0x00000000000391e0                trap1
                0x00000000000391f0                centralprocess_exec
                0x0000000000039260                centralprocessExecEx
                0x00000000000392d0                centralprocess_wait_moment
                0x00000000000392f0                centralprocess_loadEXE
                0x00000000000396e0                centralprocess_createproc
                0x00000000000397e0                centralprocess_job
                0x0000000000039810                centralprocess_runexe
                0x0000000000039890                centralprocess_runexe1
                0x00000000000398b0                centralprocess_HelpPage
 *fill*         0x00000000000398f7        0x9 
 .text          0x0000000000039900      0x199 ./core/cp/reboot.o
                0x0000000000039900                system_reset1
                0x0000000000039970                system_reset
                0x0000000000039a90                SystemReboot
 *fill*         0x0000000000039a99        0x7 
 .text          0x0000000000039aa0      0x184 ./core/cp/panic.o
                0x0000000000039aa0                IRQStatusCritical
                0x0000000000039ad0                FATALERROR
 *fill*         0x0000000000039c24        0xc 
 .text          0x0000000000039c30      0x3de ./core/cp/LaunchApp.o
                0x0000000000039c30                Indication
                0x0000000000039c40                AdaptAppPages
                0x0000000000039ca0                LaunchAppEx
                0x0000000000039fd0                LaunchApp
 *fill*         0x000000000003a00e        0x2 
 .text          0x000000000003a010       0xe6 ./core/cp/scheduler.o
                0x000000000003a010                _idle_moment
                0x000000000003a030                MapApplicationMemory
                0x000000000003a090                LLSchedule
                0x000000000003a0d0                TaskPitHandler
 *fill*         0x000000000003a0f6        0xa 
 .text          0x000000000003a100       0x6c ./core/cp/errors.o
                0x000000000003a100                stack_violation
 *fill*         0x000000000003a16c        0x4 
 .text          0x000000000003a170      0x3e3 ./core/cp/centralprocessMain.o
                0x000000000003a170                centralprocess_run
                0x000000000003a520                centralprocess_init
 *fill*         0x000000000003a553        0xd 
 .text          0x000000000003a560      0x689 ./core/cp/gpf.o
                0x000000000003a560                Disassemble
                0x000000000003a5a0                ESCLOCK
                0x000000000003a5e0                STACKWALK
                0x000000000003a640                STACKDUMP
                0x000000000003a770                PRGDUMP
                0x000000000003a840                AnalyzeFault
                0x000000000003a8e0                tss_dump
                0x000000000003a9f0                FATALEXCEPTION
                0x000000000003ab50                PROCESSINFO
 *fill*         0x000000000003abe9        0x7 
 .text          0x000000000003abf0        0x7 ./core/speed/speed.o
                0x000000000003abf0                determine_cpu_speed
 *fill*         0x000000000003abf7        0x9 
 .text          0x000000000003ac00      0x145 ./core/random/random.o
                0x000000000003ac00                srandom
                0x000000000003ac10                _rand
                0x000000000003ac40                rand
                0x000000000003ad30                random
                0x000000000003ad40                srand
 *fill*         0x000000000003ad45        0xb 
 .text          0x000000000003ad50      0x195 ./core/fixal/fixal.o
                0x000000000003ad50                fixalChangeChunkOwner
                0x000000000003ad60                fixalFree
                0x000000000003ad90                fixalCheck
                0x000000000003ae20                fixalReallocateOnCorruption
                0x000000000003aeb0                fixal1
 *fill*         0x000000000003aee5        0xb 
 .text          0x000000000003aef0       0xfc ./core/dataproc/gets.o
                0x000000000003aef0                gets
 *fill*         0x000000000003afec        0x4 
 .text          0x000000000003aff0      0x27b ./core/dataproc/memcpy.o
                0x000000000003b010                illegal
                0x000000000003b040                dmemcpy
                0x000000000003b120                xmemcpy
                0x000000000003b160                dmemset
                0x000000000003b240                xmemset
 *fill*         0x000000000003b26b        0x5 
 .text          0x000000000003b270       0xd5 ./core/dataproc/strchr.o
                0x000000000003b270                strchr
 *fill*         0x000000000003b345        0xb 
 .text          0x000000000003b350       0x31 ./core/dataproc/floorl.o
                0x000000000003b350                floorl
 *fill*         0x000000000003b381        0xf 
 .text          0x000000000003b390     0x35b6 ./core/dataproc/floatconv.o
                0x000000000003c0f0                _IO_strtod
                0x000000000003d2b0                _IO_dtoa
 *fill*         0x000000000003e946        0xa 
 .text          0x000000000003e950      0x2d7 ./core/dataproc/ctypefamily.o
                0x000000000003e950                tolower
                0x000000000003e9a0                toupper
                0x000000000003e9f0                isalpha
                0x000000000003ea50                isalnum
                0x000000000003ea60                isdigit
                0x000000000003eac0                iscntrl
                0x000000000003ead0                ispunct
                0x000000000003eae0                isxdigit
                0x000000000003eb40                isspace
                0x000000000003eb50                islower
                0x000000000003ebb0                isupper
                0x000000000003ec10                isprint
                0x000000000003ec20                isgraph
 *fill*         0x000000000003ec27        0x9 
 .text          0x000000000003ec30      0x423 ./core/dataproc/sprintf.o
                0x000000000003ec30                svprintf
                0x000000000003ee00                sprintf
                0x000000000003ee30                _vsprintf
 *fill*         0x000000000003f053        0xd 
 .text          0x000000000003f060       0x84 ./core/dataproc/strtok_r.o
                0x000000000003f060                __strtok_r
 *fill*         0x000000000003f0e4        0xc 
 .text          0x000000000003f0f0       0x2f ./core/dataproc/modf.o
                0x000000000003f0f0                modf
 *fill*         0x000000000003f11f        0x1 
 .text          0x000000000003f120      0x16f ./core/dataproc/printf.o
                0x000000000003f120                vprintf
                0x000000000003f270                printf
 *fill*         0x000000000003f28f        0x1 
 .text          0x000000000003f290       0xc3 ./core/dataproc/strncat.o
                0x000000000003f290                strncat
 *fill*         0x000000000003f353        0xd 
 .text          0x000000000003f360       0x3c ./core/dataproc/strcspn.o
                0x000000000003f360                strcspn
 *fill*         0x000000000003f39c        0x4 
 .text          0x000000000003f3a0      0x317 ./core/dataproc/sscanf.o
                0x000000000003f3a0                svscanf
                0x000000000003f690                sscanf
 *fill*         0x000000000003f6b7        0x9 
 .text          0x000000000003f6c0     0x13cb ./core/dataproc/string.o
                0x000000000003f6c0                GetRunningNumber
                0x000000000003f6d0                sptstr
                0x000000000003f7a0                strlen
                0x000000000003f7d0                strcpy
                0x000000000003f810                strcmp
                0x000000000003f860                strcat
                0x000000000003f8a0                str2int
                0x000000000003f900                dec2int
                0x000000000003f910                shex16
                0x000000000003f9d0                shex32
                0x000000000003fa60                shex32z
                0x000000000003fb10                shex8
                0x000000000003fb50                sdec32z
                0x000000000003fcd0                _sdec32
                0x00000000000400f0                sdec32
                0x0000000000040130                sudec32
                0x0000000000040140                isValidString
                0x0000000000040170                CountWords
                0x00000000000401f0                strcpyarg
                0x00000000000402c0                asc2vt220
                0x00000000000402f0                vt2202asc
                0x0000000000040300                hexchar2int
                0x0000000000040330                hex2int
                0x0000000000040410                strncmp
                0x0000000000040460                strstr
                0x0000000000040510                StretchPrint
                0x00000000000405a0                strncpy
[...]
 .note.GNU-stack
                0x0000000000000000        0x0 ./drivers/driver_rw.o
 .note.GNU-stack
                0x0000000000000000        0x0 ./drivers/driver_init.o
 .note.GNU-stack
                0x0000000000000000        0x0 ./drivers/driver_sys.o
 .note.GNU-stack
                0x0000000000000000        0x0 ./drivers/driver_BlockCache.o
 .note.GNU-stack
                0x0000000000000000        0x0 ./drivers/partsup/partsup.o
 .note.GNU-stack
                0x0000000000000000        0x0 ./drivers/keyboard/keyb.o
 .note.GNU-stack
                0x0000000000000000        0x0 ./drivers/keyboard/scanasc.o
 .note.GNU-stack
                0x0000000000000000        0x0 ./drivers/lpt/lpt.o
 .note.GNU-stack
                0x0000000000000000        0x0 ./drivers/ega/ega.o
 .note.GNU-stack
                0x0000000000000000        0x0 ./drivers/ega/ega_ansi.o
 .note.GNU-stack
                0x0000000000000000        0x0 ./drivers/audio/audio.o
 .note.GNU-stack
                0x0000000000000000        0x0 ./drivers/floppy/fdc_dev2.o
 .note.GNU-stack
                0x0000000000000000        0x0 ./drivers/floppy/fdcCache.o
 .note.GNU-stack
                0x0000000000000000        0x0 ./drivers/floppy/fdc.o
 .note.GNU-stack
                0x0000000000000000        0x0 ./drivers/floppy/fdcser.o
 .note.GNU-stack
                0x0000000000000000        0x0 ./drivers/floppy/fdc_dev.o
 .note.GNU-stack
                0x0000000000000000        0x0 ./drivers/slip/slipKernelMain.o
 .note.GNU-stack
                0x0000000000000000        0x0 ./drivers/slip/slipDev.o
 .note.GNU-stack
                0x0000000000000000        0x0 ./drivers/slip/slipLogin.o
 .note.GNU-stack
                0x0000000000000000        0x0 ./drivers/slip/slipService.o
 .note.GNU-stack
                0x0000000000000000        0x0 ./drivers/slip/slipConfig.o
 .note.GNU-stack
                0x0000000000000000        0x0 ./drivers/slip/slipStack.o
 .note.GNU-stack
                0x0000000000000000        0x0 ./drivers/slip/slip.o
 .note.GNU-stack
                0x0000000000000000        0x0 ./drivers/term/term.o
 .note.GNU-stack
                0x0000000000000000        0x0 ./drivers/null/null.o
 .note.GNU-stack
                0x0000000000000000        0x0 ./drivers/mouse/SerialMouseDev.o
 .note.GNU-stack
                0x0000000000000000        0x0 ./drivers/mouse/ps2mouse.o
 .note.GNU-stack
                0x0000000000000000        0x0 ./drivers/mouse/SerialMouse.o
 .note.GNU-stack
                0x0000000000000000        0x0 ./drivers/mouse/mouse.o
 .note.GNU-stack
                0x0000000000000000        0x0 ./drivers/pci/pci.o
 .note.GNU-stack
                0x0000000000000000        0x0 ./drivers/vmware/vmware.o
 .note.GNU-stack
                0x0000000000000000        0x0 ./drivers/vga/sysvga.o
 .note.GNU-stack
                0x0000000000000000        0x0 ./drivers/vga/vga.o
 .note.GNU-stack
                0x0000000000000000        0x0 ./drivers/vga/sysgfx.o
 .note.GNU-stack
                0x0000000000000000        0x0 ./drivers/alt/alt.o
 .note.GNU-stack
                0x0000000000000000        0x0 ./drivers/serial/serial_dev.o
 .note.GNU-stack
                0x0000000000000000        0x0 ./drivers/serial/serial.o
 .note.GNU-stack
                0x0000000000000000        0x0 ./drivers/gus/gus.o
 .note.GNU-stack
                0x0000000000000000        0x0 ./drivers/sb/sb_dev.o
 .note.GNU-stack
                0x0000000000000000        0x0 ./drivers/sb/sb.o
 .note.GNU-stack
                0x0000000000000000        0x0 ./drivers/ramdisk/ramser.o
 .note.GNU-stack
                0x0000000000000000        0x0 ./drivers/ramdisk/ramdisk.o
 .note.GNU-stack
                0x0000000000000000        0x0 ./drivers/hd/hdDetect.o
 .note.GNU-stack
                0x0000000000000000        0x0 ./drivers/hd/hdDev.o
 .note.GNU-stack
                0x0000000000000000        0x0 ./drivers/hd/hdMisc.o
 .note.GNU-stack
                0x0000000000000000        0x0 ./drivers/hd/hdBlockRW.o
 .note.GNU-stack
                0x0000000000000000        0x0 ./drivers/hd/hdRW.o
 .note.GNU-stack
                0x0000000000000000        0x0 ./drivers/hd/hdIRQ.o
 .note.GNU-stack
                0x0000000000000000        0x0 ./drivers/hd/lowLBA.o
 .note.GNU-stack
                0x0000000000000000        0x0 ./drivers/hd/lowCHS.o
 .note.GNU-stack
                0x0000000000000000        0x0 ./drivers/hd/hdReset.o
 .note.GNU-stack
                0x0000000000000000        0x0 ./drivers/hd/hdService.o
 .note.GNU-stack
                0x0000000000000000        0x0 ./drivers/hd/chs.o
 .note.GNU-stack
                0x0000000000000000        0x0 ./drivers/hd/hd.o
 .note.GNU-stack
                0x0000000000000000        0x0 ./drivers/hd/cache/hdCacheEntry.o
 .note.GNU-stack
                0x0000000000000000        0x0 ./drivers/hd/cache/hdCacheFlush.o
 .note.GNU-stack
                0x0000000000000000        0x0 ./drivers/hd/cache/hdCache.o
 .note.GNU-stack
                0x0000000000000000        0x0 ./drivers/hd/cache/hdCacheAccess.o
 .note.GNU-stack
                0x0000000000000000        0x0 ./drivers/cmos/cmos.o
 .note.GNU-stack
                0x0000000000000000        0x0 ./drivers/cmos/rtc.o
 .note.GNU-stack
                0x0000000000000000        0x0 ./drivers/cmos/cmos_dev.o
 .note.GNU-stack
                0x0000000000000000        0x0 ./drivers/tcp/tcp.o
 .note.GNU-stack
                0x0000000000000000        0x0 ./drivers/tcp/ts.o
 .note.GNU-stack
                0x0000000000000000        0x0 ./drivers/tcp/www_server.o
 .note.GNU-stack
                0x0000000000000000        0x0 ./drivers/tcp/ConnectHost.o
 .note.GNU-stack
                0x0000000000000000        0x0 ./drivers/tcp/PacketDump.o
 .note.GNU-stack
                0x0000000000000000        0x0 ./drivers/tcp/rawpacket.o
 .note.GNU-stack
                0x0000000000000000        0x0 ./drivers/tcp/SendPacket.o
 .note.GNU-stack
                0x0000000000000000        0x0 ./drivers/tcp/tcpConfig.o
 .note.GNU-stack
                0x0000000000000000        0x0 ./drivers/tcp/tcpDev.o
 .note.GNU-stack
                0x0000000000000000        0x0 ./drivers/tcp/icmp.o
 .note.GNU-stack
                0x0000000000000000        0x0 ./drivers/tcp/tcpMain.o
 .note.GNU-stack
                0x0000000000000000        0x0 ./drivers/tcp/tcpService.o
 .note.GNU-stack
                0x0000000000000000        0x0 ./drivers/tcp/ip.o
 .note.GNU-stack
                0x0000000000000000        0x0 ./drivers/tcp/tcpchksum.o
 .note.GNU-stack
                0x0000000000000000        0x0 ./drivers/tcp/socket.o
 .note.GNU-stack
                0x0000000000000000        0x0 ./drivers/zero/zero.o
 .note.GNU-stack
                0x0000000000000000        0x0 ./core/speaker/speaker.o
 .note.GNU-stack
                0x0000000000000000        0x0 ./core/dispadmin/dispadmin.o
 .note.GNU-stack
                0x0000000000000000        0x0 ./core/statusline/statusline.o
 .note.GNU-stack
                0x0000000000000000        0x0 ./core/cp/centralprocessInit.o
 .note.GNU-stack
                0x0000000000000000        0x0 ./core/cp/exeidentificationmodule.o
 .note.GNU-stack
                0x0000000000000000        0x0 ./core/cp/centralprocess.o
 .note.GNU-stack
                0x0000000000000000        0x0 ./core/cp/reboot.o
 .note.GNU-stack
                0x0000000000000000        0x0 ./core/cp/panic.o
 .note.GNU-stack
                0x0000000000000000        0x0 ./core/cp/LaunchApp.o
 .note.GNU-stack
                0x0000000000000000        0x0 ./core/cp/scheduler.o
 .note.GNU-stack
                0x0000000000000000        0x0 ./core/cp/errors.o
 .note.GNU-stack
                0x0000000000000000        0x0 ./core/cp/centralprocessMain.o
 .note.GNU-stack
                0x0000000000000000        0x0 ./core/cp/gpf.o
 .note.GNU-stack
                0x0000000000000000        0x0 ./core/speed/speed.o
 .note.GNU-stack
                0x0000000000000000        0x0 ./core/random/random.o
 .note.GNU-stack
                0x0000000000000000        0x0 ./core/fixal/fixal.o
 .note.GNU-stack
                0x0000000000000000        0x0 ./core/dataproc/gets.o
 .note.GNU-stack
                0x0000000000000000        0x0 ./core/dataproc/memcpy.o
 .note.GNU-stack
                0x0000000000000000        0x0 ./core/dataproc/strchr.o
 .note.GNU-stack
                0x0000000000000000        0x0 ./core/dataproc/floorl.o
 .note.GNU-stack
                0x0000000000000000        0x0 ./core/dataproc/floatconv.o
 .note.GNU-stack
                0x0000000000000000        0x0 ./core/dataproc/ctypefamily.o
 .note.GNU-stack
                0x0000000000000000        0x0 ./core/dataproc/sprintf.o
 .note.GNU-stack
                0x0000000000000000        0x0 ./core/dataproc/strtok_r.o
 .note.GNU-stack
                0x0000000000000000        0x0 ./core/dataproc/modf.o
 .note.GNU-stack
                0x0000000000000000        0x0 ./core/dataproc/printf.o
 .note.GNU-stack
                0x0000000000000000        0x0 ./core/dataproc/strncat.o
 .note.GNU-stack
                0x0000000000000000        0x0 ./core/dataproc/strcspn.o
 .note.GNU-stack
                0x0000000000000000        0x0 ./core/dataproc/sscanf.o
 .note.GNU-stack
                0x0000000000000000        0x0 ./core/dataproc/string.o
 .note.GNU-stack
                0x0000000000000000        0x0 ./core/dataproc/floor.o
 .note.GNU-stack
                0x0000000000000000        0x0 ./core/dataproc/strtok.o
 .note.GNU-stack
                0x0000000000000000        0x0 ./core/dataproc/strdup.o
 .note.GNU-stack
                0x0000000000000000        0x0 ./core/dataproc/strspn.o
 .note.GNU-stack
                0x0000000000000000        0x0 ./core/dataproc/cvt.o
 .note.GNU-stack
                0x0000000000000000        0x0 ./core/dataproc/hexdump.o
 .note.GNU-stack
                0x0000000000000000        0x0 ./core/useradmin/useradmin.o
 .note.GNU-stack
                0x0000000000000000        0x0 ./core/chiplevel/postcommands.o
 .note.GNU-stack
                0x0000000000000000        0x0 ./core/chiplevel/pit.o
 .note.GNU-stack
                0x0000000000000000        0x0 ./core/chiplevel/tss.o
 .note.GNU-stack
                0x0000000000000000        0x0 ./core/chiplevel/llexception.o
 .note.GNU-stack
                0x0000000000000000        0x0 ./core/chiplevel/gdtmanipulation.o
 .note.GNU-stack
                0x0000000000000000        0x0 ./core/chiplevel/scs2.o
 .note.GNU-stack
                0x0000000000000000        0x0 ./core/chiplevel/corruption.o
 .note.GNU-stack
                0x0000000000000000        0x0 ./core/chiplevel/stack.o
 .note.GNU-stack
                0x0000000000000000        0x0 ./core/chiplevel/lock.o
 .note.GNU-stack
                0x0000000000000000        0x0 ./core/chiplevel/debug.o
 .note.GNU-stack
                0x0000000000000000        0x0 ./core/chiplevel/intdb.o
 .note.GNU-stack
                0x0000000000000000        0x0 ./core/chiplevel/intgdt.o
 .note.GNU-stack
                0x0000000000000000        0x0 ./core/chiplevel/exception.o
 .note.GNU-stack
                0x0000000000000000        0x0 ./core/chiplevel/delay.o
 .note.GNU-stack
                0x0000000000000000        0x0 ./core/chiplevel/int.o
 .note.GNU-stack
                0x0000000000000000        0x0 ./core/chiplevel/coprocessor_not_found.o
 .note.GNU-stack
                0x0000000000000000        0x0 ./core/chiplevel/logging.o
 .note.GNU-stack
                0x0000000000000000        0x0 ./core/chiplevel/ansiwin.o
 .note.GNU-stack
                0x0000000000000000        0x0 ./core/chiplevel/io.o
 .note.GNU-stack
                0x0000000000000000        0x0 ./core/chiplevel/msgbox.o
 .note.GNU-stack
                0x0000000000000000        0x0 ./core/chiplevel/dma.o
 .note.GNU-stack
                0x0000000000000000        0x0 ./core/chiplevel/scs.o
 .note.GNU-stack
                0x0000000000000000        0x0 ./core/chiplevel/system_call.o
 .note.GNU-stack
                0x0000000000000000        0x0 ./core/chiplevel/IdleThread.o
 .note.GNU-stack
                0x0000000000000000        0x0 ./core/chiplevel/exec.o
 .note.GNU-stack
                0x0000000000000000        0x0 ./core/chiplevel/dfunc.o
 .note.GNU-stack
                0x0000000000000000        0x0 ./core/chiplevel/scs_devices.o
 .note.GNU-stack
                0x0000000000000000        0x0 ./core/environment/envint.o
 .note.GNU-stack
                0x0000000000000000        0x0 ./core/environment/env.o
 .note.GNU-stack
                0x0000000000000000        0x0 ./core/threads/threads.o
 .note.GNU-stack
                0x0000000000000000        0x0 ./core/threads/threads_db.o
 .note.GNU-stack
                0x0000000000000000        0x0 ./core/threads/threadSwitch.o
 .note.GNU-stack
                0x0000000000000000        0x0 ./core/hwdet/hwdet.o
 .note.GNU-stack
                0x0000000000000000        0x0 ./sh/plasma_app.o
 .note.GNU-stack
                0x0000000000000000        0x0 ./sh/debugapp.o
 .note.GNU-stack
                0x0000000000000000        0x0 ./sh/lsapp.o
 .note.GNU-stack
                0x0000000000000000        0x0 ./sh/getopt.o
 .note.GNU-stack
                0x0000000000000000        0x0 ./sh/formatapp.o
 .note.GNU-stack
                0x0000000000000000        0x0 ./sh/sh.o
 .note.GNU-stack
                0x0000000000000000        0x0 ./sh/chdirapp.o
 .note.GNU-stack
                0x0000000000000000        0x0 ./init/buffer.o
 .note.GNU-stack
                0x0000000000000000        0x0 ./init/sysglvar.o
 .note.GNU-stack
                0x0000000000000000        0x0 ./init/parse.o
 .note.GNU-stack
                0x0000000000000000        0x0 ./init/sysapp.o
 .note.GNU-stack
                0x0000000000000000        0x0 ./init/initsystem.o
 .note.GNU-stack
                0x0000000000000000        0x0 ./init/keropt.o
 .note.GNU-stack
                0x0000000000000000        0x0 ./init/vesa.o
 .note.GNU-stack
                0x0000000000000000        0x0 ./init/init.o
 .note.GNU-stack
                0x0000000000000000        0x0 ./init/errno.o
 .note.GNU-stack
                0x0000000000000000        0x0 ./init/callapp.o
 .note.GNU-stack
                0x0000000000000000        0x0 ./init/biosfunc.o
 .note.GNU-stack
                0x0000000000000000        0x0 ./init/system.o
 .note.GNU-stack
                0x0000000000000000        0x0 ./init/foo.o
 .note.GNU-stack
                0x0000000000000000        0x0 ./init/test.o
 .note.GNU-stack
                0x0000000000000000        0x0 ./init/sysmisc.o
 .note.GNU-stack
                0x0000000000000000        0x0 ./init/xml/XML.o
 .note.GNU-stack
                0x0000000000000000        0x0 ./utils/mst.o
 .note.GNU-stack
                0x0000000000000000        0x0 ./fs/fgetsize.o
 .note.GNU-stack
                0x0000000000000000        0x0 ./fs/feof.o
 .note.GNU-stack
                0x0000000000000000        0x0 ./fs/link.o
 .note.GNU-stack
                0x0000000000000000        0x0 ./fs/fopen.o
 .note.GNU-stack
                0x0000000000000000        0x0 ./fs/_virtualfilesystem_devcall.o
 .note.GNU-stack
                0x0000000000000000        0x0 ./fs/freopen.o
 .note.GNU-stack
                0x0000000000000000        0x0 ./fs/fprintf.o
 .note.GNU-stack
                0x0000000000000000        0x0 ./fs/ftell.o
 .note.GNU-stack
                0x0000000000000000        0x0 ./fs/_close.o
 .note.GNU-stack
                0x0000000000000000        0x0 ./fs/_write.o
 .note.GNU-stack
                0x0000000000000000        0x0 ./fs/filedes.o
 .note.GNU-stack
                0x0000000000000000        0x0 ./fs/_mkdir.o
 .note.GNU-stack
                0x0000000000000000        0x0 ./fs/_lseek.o
 .note.GNU-stack
                0x0000000000000000        0x0 ./fs/_fgetsize.o
 .note.GNU-stack
                0x0000000000000000        0x0 ./fs/stat.o
 .note.GNU-stack
                0x0000000000000000        0x0 ./fs/_opensocket.o
 .note.GNU-stack
                0x0000000000000000        0x0 ./fs/_open.o
 .note.GNU-stack
                0x0000000000000000        0x0 ./fs/_stat.o
 .note.GNU-stack
                0x0000000000000000        0x0 ./fs/filebuf.o
 .note.GNU-stack
                0x0000000000000000        0x0 ./fs/_read.o
 .note.GNU-stack
                0x0000000000000000        0x0 ./fs/fseek.o
 .note.GNU-stack
                0x0000000000000000        0x0 ./fs/api.o
 .note.GNU-stack
                0x0000000000000000        0x0 ./fs/fflush.o
 .note.GNU-stack
                0x0000000000000000        0x0 ./fs/fsetsize.o
 .note.GNU-stack
                0x0000000000000000        0x0 ./fs/fclose.o
 .note.GNU-stack
                0x0000000000000000        0x0 ./fs/file.o
 .note.GNU-stack
                0x0000000000000000        0x0 ./fs/tmpnam.o
 .note.GNU-stack
                0x0000000000000000        0x0 ./fs/filedir.o
 .note.GNU-stack
                0x0000000000000000        0x0 ./fs/_chdir.o
 .note.GNU-stack
                0x0000000000000000        0x0 ./fs/filedesbuf.o
 .note.GNU-stack
                0x0000000000000000        0x0 ./fs/fat12/msdosio.o
 .note.GNU-stack
                0x0000000000000000        0x0 ./fs/jtmfs/jtmfsPath.o
 .note.GNU-stack
                0x0000000000000000        0x0 ./fs/jtmfs/fslast.o
 .note.GNU-stack
                0x0000000000000000        0x0 ./fs/jtmfs/directfileaccess.o
 .note.GNU-stack
                0x0000000000000000        0x0 ./fs/jtmfs/fname_translation.o
 .note.GNU-stack
                0x0000000000000000        0x0 ./fs/jtmfs/isJTMFS.o
 .note.GNU-stack
                0x0000000000000000        0x0 ./fs/jtmfs/jtmfs.o
 .note.GNU-stack
                0x0000000000000000        0x0 ./fs/jtmfs/fsfind.o
 .note.GNU-stack
                0x0000000000000000        0x0 ./fs/jtmfs/dirdbWalk.o
 .note.GNU-stack
                0x0000000000000000        0x0 ./fs/jtmfs/flexCorruption.o
 .note.GNU-stack
                0x0000000000000000        0x0 ./fs/jtmfs/fsdev.o
 .note.GNU-stack
                0x0000000000000000        0x0 ./fs/jtmfs/dirdbFind.o
 .note.GNU-stack
                0x0000000000000000        0x0 ./fs/jtmfs/mount.o
 .note.GNU-stack
                0x0000000000000000        0x0 ./fs/jtmfs/createfat.o
 .note.GNU-stack
                0x0000000000000000        0x0 ./fs/jtmfs/fsadd.o
 .note.GNU-stack
                0x0000000000000000        0x0 ./fs/jtmfs/flexFat.o
 .note.GNU-stack
                0x0000000000000000        0x0 ./fs/jtmfs/dirdbAccess.o
 .note.GNU-stack
                0x0000000000000000        0x0 ./fs/jtmfs/format.o
 .note.GNU-stack
                0x0000000000000000        0x0 ./fs/jtmfs/dirdbInformation.o
 .note.GNU-stack
                0x0000000000000000        0x0 ./fs/jtmfs/WriteChain.o
 .note.GNU-stack
                0x0000000000000000        0x0 ./fs/jtmfs/writeDir.o
 .note.GNU-stack
                0x0000000000000000        0x0 ./fs/jtmfs/fsdos.o
 .note.GNU-stack
                0x0000000000000000        0x0 ./fs/jtmfs/dirdb.o
 .note.GNU-stack
                0x0000000000000000        0x0 ./fs/jtmfs/jtmfsAccessInit.o
 .note.GNU-stack
                0x0000000000000000        0x0 ./fs/jtmfs/root.o
 .note.GNU-stack
                0x0000000000000000        0x0 ./fs/jtmfs/fswalk.o
 .note.GNU-stack
                0x0000000000000000        0x0 ./fs/jtmfs/jtmfsAccess.o
 .note.GNU-stack
                0x0000000000000000        0x0 ./fs/jtmfs/fsaddblocks.o
 .note.GNU-stack
                0x0000000000000000        0x0 ./fs/jtmfs/ReadChain.o
 .note.GNU-stack
                0x0000000000000000        0x0 ./fs/jtmfs/jtmfat.o
 .note.GNU-stack
                0x0000000000000000        0x0 ./fs/jtmfs/dir.o
 .note.GNU-stack
                0x0000000000000000        0x0 ./fs/jtmfs/dirdbCorruption.o
